Component: ARM Compiler 5.05 (build 41) Tool: armlink [4d0eb9]

==============================================================================

Section Cross References

    stm32f10x_startup.o(STACK) refers (Special) to heapauxi.o(.text) for __use_two_region_memory
    stm32f10x_startup.o(HEAP) refers (Special) to heapauxi.o(.text) for __use_two_region_memory
    stm32f10x_startup.o(RESET) refers (Special) to heapauxi.o(.text) for __use_two_region_memory
    stm32f10x_startup.o(RESET) refers to stm32f10x_startup.o(STACK) for Stack
    stm32f10x_startup.o(RESET) refers to os_cpu_a.o(.text) for OSPendSV
    stm32f10x_startup.o(RESET) refers to stm32f10x_it.o(i.SysTickHandler) for SysTickHandler
    stm32f10x_startup.o(RESET) refers to stm32f10x_it.o(i.WWDG_IRQHandler) for WWDG_IRQHandler
    stm32f10x_startup.o(RESET) refers to stm32f10x_it.o(i.PVD_IRQHandler) for PVD_IRQHandler
    stm32f10x_startup.o(RESET) refers to stm32f10x_it.o(i.TAMPER_IRQHandler) for TAMPER_IRQHandler
    stm32f10x_startup.o(RESET) refers to stm32f10x_it.o(i.RTC_IRQHandler) for RTC_IRQHandler
    stm32f10x_startup.o(RESET) refers to stm32f10x_it.o(i.FLASH_IRQHandler) for FLASH_IRQHandler
    stm32f10x_startup.o(RESET) refers to stm32f10x_it.o(i.RCC_IRQHandler) for RCC_IRQHandler
    stm32f10x_startup.o(RESET) refers to stm32f10x_it.o(i.EXTI0_IRQHandler) for EXTI0_IRQHandler
    stm32f10x_startup.o(RESET) refers to stm32f10x_it.o(i.EXTI1_IRQHandler) for EXTI1_IRQHandler
    stm32f10x_startup.o(RESET) refers to stm32f10x_it.o(i.EXTI2_IRQHandler) for EXTI2_IRQHandler
    stm32f10x_startup.o(RESET) refers to stm32f10x_it.o(i.EXTI3_IRQHandler) for EXTI3_IRQHandler
    stm32f10x_startup.o(RESET) refers to stm32f10x_it.o(i.EXTI4_IRQHandler) for EXTI4_IRQHandler
    stm32f10x_startup.o(RESET) refers to stm32f10x_it.o(i.DMAChannel1_IRQHandler) for DMAChannel1_IRQHandler
    stm32f10x_startup.o(RESET) refers to stm32f10x_it.o(i.DMAChannel2_IRQHandler) for DMAChannel2_IRQHandler
    stm32f10x_startup.o(RESET) refers to stm32f10x_it.o(i.DMAChannel3_IRQHandler) for DMAChannel3_IRQHandler
    stm32f10x_startup.o(RESET) refers to stm32f10x_it.o(i.DMAChannel4_IRQHandler) for DMAChannel4_IRQHandler
    stm32f10x_startup.o(RESET) refers to stm32f10x_it.o(i.DMAChannel5_IRQHandler) for DMAChannel5_IRQHandler
    stm32f10x_startup.o(RESET) refers to stm32f10x_it.o(i.DMAChannel6_IRQHandler) for DMAChannel6_IRQHandler
    stm32f10x_startup.o(RESET) refers to stm32f10x_it.o(i.DMAChannel7_IRQHandler) for DMAChannel7_IRQHandler
    stm32f10x_startup.o(RESET) refers to stm32f10x_it.o(i.ADC_IRQHandler) for ADC_IRQHandler
    stm32f10x_startup.o(RESET) refers to stm32f10x_it.o(i.USB_HP_CAN_TX_IRQHandler) for USB_HP_CAN_TX_IRQHandler
    stm32f10x_startup.o(RESET) refers to stm32f10x_it.o(i.USB_LP_CAN_RX0_IRQHandler) for USB_LP_CAN_RX0_IRQHandler
    stm32f10x_startup.o(RESET) refers to stm32f10x_it.o(i.CAN_RX1_IRQHandler) for CAN_RX1_IRQHandler
    stm32f10x_startup.o(RESET) refers to stm32f10x_it.o(i.CAN_SCE_IRQHandler) for CAN_SCE_IRQHandler
    stm32f10x_startup.o(RESET) refers to stm32f10x_it.o(i.EXTI9_5_IRQHandler) for EXTI9_5_IRQHandler
    stm32f10x_startup.o(RESET) refers to stm32f10x_it.o(i.TIM1_BRK_IRQHandler) for TIM1_BRK_IRQHandler
    stm32f10x_startup.o(RESET) refers to stm32f10x_it.o(i.TIM1_UP_IRQHandler) for TIM1_UP_IRQHandler
    stm32f10x_startup.o(RESET) refers to stm32f10x_it.o(i.TIM1_TRG_COM_IRQHandler) for TIM1_TRG_COM_IRQHandler
    stm32f10x_startup.o(RESET) refers to stm32f10x_it.o(i.TIM1_CC_IRQHandler) for TIM1_CC_IRQHandler
    stm32f10x_startup.o(RESET) refers to stm32f10x_it.o(i.TIM2_IRQHandler) for TIM2_IRQHandler
    stm32f10x_startup.o(RESET) refers to stm32f10x_it.o(i.TIM3_IRQHandler) for TIM3_IRQHandler
    stm32f10x_startup.o(RESET) refers to stm32f10x_it.o(i.TIM4_IRQHandler) for TIM4_IRQHandler
    stm32f10x_startup.o(RESET) refers to stm32f10x_it.o(i.I2C1_EV_IRQHandler) for I2C1_EV_IRQHandler
    stm32f10x_startup.o(RESET) refers to stm32f10x_it.o(i.I2C1_ER_IRQHandler) for I2C1_ER_IRQHandler
    stm32f10x_startup.o(RESET) refers to stm32f10x_it.o(i.I2C2_EV_IRQHandler) for I2C2_EV_IRQHandler
    stm32f10x_startup.o(RESET) refers to stm32f10x_it.o(i.I2C2_ER_IRQHandler) for I2C2_ER_IRQHandler
    stm32f10x_startup.o(RESET) refers to stm32f10x_it.o(i.SPI1_IRQHandler) for SPI1_IRQHandler
    stm32f10x_startup.o(RESET) refers to stm32f10x_it.o(i.SPI2_IRQHandler) for SPI2_IRQHandler
    stm32f10x_startup.o(RESET) refers to stm32f10x_it.o(i.USART1_IRQHandler) for USART1_IRQHandler
    stm32f10x_startup.o(RESET) refers to stm32f10x_it.o(i.USART2_IRQHandler) for USART2_IRQHandler
    stm32f10x_startup.o(RESET) refers to stm32f10x_it.o(i.USART3_IRQHandler) for USART3_IRQHandler
    stm32f10x_startup.o(RESET) refers to stm32f10x_it.o(i.EXTI15_10_IRQHandler) for EXTI15_10_IRQHandler
    stm32f10x_startup.o(RESET) refers to stm32f10x_it.o(i.RTCAlarm_IRQHandler) for RTCAlarm_IRQHandler
[...]
    0x0800a6a2   0x00000024   Data   RO         3688    .constdata          uCGUI_DEMO.lib(fcomic18b_1.o)
    0x0800a6c6   0x00000012   Data   RO         3689    .constdata          uCGUI_DEMO.lib(fcomic18b_1.o)
    0x0800a6d8   0x00000012   Data   RO         3690    .constdata          uCGUI_DEMO.lib(fcomic18b_1.o)
    0x0800a6ea   0x00000012   Data   RO         3691    .constdata          uCGUI_DEMO.lib(fcomic18b_1.o)
    0x0800a6fc   0x00000012   Data   RO         3692    .constdata          uCGUI_DEMO.lib(fcomic18b_1.o)
    0x0800a70e   0x00000012   Data   RO         3693    .constdata          uCGUI_DEMO.lib(fcomic18b_1.o)
    0x0800a720   0x00000012   Data   RO         3694    .constdata          uCGUI_DEMO.lib(fcomic18b_1.o)
    0x0800a732   0x00000012   Data   RO         3695    .constdata          uCGUI_DEMO.lib(fcomic18b_1.o)
    0x0800a744   0x00000012   Data   RO         3696    .constdata          uCGUI_DEMO.lib(fcomic18b_1.o)
    0x0800a756   0x00000012   Data   RO         3697    .constdata          uCGUI_DEMO.lib(fcomic18b_1.o)
    0x0800a768   0x00000012   Data   RO         3698    .constdata          uCGUI_DEMO.lib(fcomic18b_1.o)
    0x0800a77a   0x00000012   Data   RO         3699    .constdata          uCGUI_DEMO.lib(fcomic18b_1.o)
    0x0800a78c   0x00000012   Data   RO         3700    .constdata          uCGUI_DEMO.lib(fcomic18b_1.o)
    0x0800a79e   0x00000012   Data   RO         3701    .constdata          uCGUI_DEMO.lib(fcomic18b_1.o)
    0x0800a7b0   0x00000012   Data   RO         3702    .constdata          uCGUI_DEMO.lib(fcomic18b_1.o)
    0x0800a7c2   0x00000012   Data   RO         3703    .constdata          uCGUI_DEMO.lib(fcomic18b_1.o)
    0x0800a7d4   0x00000012   Data   RO         3704    .constdata          uCGUI_DEMO.lib(fcomic18b_1.o)
    0x0800a7e6   0x00000024   Data   RO         3705    .constdata          uCGUI_DEMO.lib(fcomic18b_1.o)
    0x0800a80a   0x00000012   Data   RO         3706    .constdata          uCGUI_DEMO.lib(fcomic18b_1.o)
    0x0800a81c   0x00000012   Data   RO         3707    .constdata          uCGUI_DEMO.lib(fcomic18b_1.o)
    0x0800a82e   0x00000012   Data   RO         3708    .constdata          uCGUI_DEMO.lib(fcomic18b_1.o)
    0x0800a840   0x00000012   Data   RO         3709    .constdata          uCGUI_DEMO.lib(fcomic18b_1.o)
    0x0800a852   0x00000012   Data   RO         3710    .constdata          uCGUI_DEMO.lib(fcomic18b_1.o)
    0x0800a864   0x00000024   Data   RO         3711    .constdata          uCGUI_DEMO.lib(fcomic18b_1.o)
    0x0800a888   0x00000024   Data   RO         3712    .constdata          uCGUI_DEMO.lib(fcomic18b_1.o)
    0x0800a8ac   0x00000024   Data   RO         3713    .constdata          uCGUI_DEMO.lib(fcomic18b_1.o)
    0x0800a8d0   0x00000608   Data   RO         3714    .constdata          uCGUI_DEMO.lib(fcomic18b_1.o)
    0x0800aed8   0x0000000c   Data   RO         3715    .constdata          uCGUI_DEMO.lib(fcomic18b_1.o)
    0x0800aee4   0x0000000c   Data   RO         3716    .constdata          uCGUI_DEMO.lib(fcomic18b_1.o)
    0x0800aef0   0x00000020   Data   RO         3717    .constdata          uCGUI_DEMO.lib(fcomic18b_1.o)
    0x0800af10   0x00000030   Data   RO         3748    .constdata          uCGUI_DEMO.lib(fcomic24b_1.o)
    0x0800af40   0x00000018   Data   RO         3749    .constdata          uCGUI_DEMO.lib(fcomic24b_1.o)
    0x0800af58   0x00000030   Data   RO         3750    .constdata          uCGUI_DEMO.lib(fcomic24b_1.o)
    0x0800af88   0x00000048   Data   RO         3751    .constdata          uCGUI_DEMO.lib(fcomic24b_1.o)
    0x0800afd0   0x00000030   Data   RO         3752    .constdata          uCGUI_DEMO.lib(fcomic24b_1.o)
    0x0800b000   0x00000030   Data   RO         3753    .constdata          uCGUI_DEMO.lib(fcomic24b_1.o)
    0x0800b030   0x00000030   Data   RO         3754    .constdata          uCGUI_DEMO.lib(fcomic24b_1.o)
    0x0800b060   0x00000030   Data   RO         3755    .constdata          uCGUI_DEMO.lib(fcomic24b_1.o)
    0x0800b090   0x00000030   Data   RO         3756    .constdata          uCGUI_DEMO.lib(fcomic24b_1.o)
    0x0800b0c0   0x00000048   Data   RO         3757    .constdata          uCGUI_DEMO.lib(fcomic24b_1.o)
    0x0800b108   0x00000030   Data   RO         3758    .constdata          uCGUI_DEMO.lib(fcomic24b_1.o)
    0x0800b138   0x00000030   Data   RO         3759    .constdata          uCGUI_DEMO.lib(fcomic24b_1.o)
    0x0800b168   0x00000030   Data   RO         3760    .constdata          uCGUI_DEMO.lib(fcomic24b_1.o)
    0x0800b198   0x00000030   Data   RO         3761    .constdata          uCGUI_DEMO.lib(fcomic24b_1.o)
    0x0800b1c8   0x00000048   Data   RO         3762    .constdata          uCGUI_DEMO.lib(fcomic24b_1.o)
    0x0800b210   0x00000030   Data   RO         3763    .constdata          uCGUI_DEMO.lib(fcomic24b_1.o)
    0x0800b240   0x00000030   Data   RO         3764    .constdata          uCGUI_DEMO.lib(fcomic24b_1.o)
    0x0800b270   0x00000030   Data   RO         3765    .constdata          uCGUI_DEMO.lib(fcomic24b_1.o)
    0x0800b2a0   0x00000030   Data   RO         3766    .constdata          uCGUI_DEMO.lib(fcomic24b_1.o)
    0x0800b2d0   0x00000030   Data   RO         3767    .constdata          uCGUI_DEMO.lib(fcomic24b_1.o)
    0x0800b300   0x00000030   Data   RO         3768    .constdata          uCGUI_DEMO.lib(fcomic24b_1.o)
    0x0800b330   0x00000030   Data   RO         3769    .constdata          uCGUI_DEMO.lib(fcomic24b_1.o)
    0x0800b360   0x00000030   Data   RO         3770    .constdata          uCGUI_DEMO.lib(fcomic24b_1.o)
    0x0800b390   0x00000030   Data   RO         3771    .constdata          uCGUI_DEMO.lib(fcomic24b_1.o)
    0x0800b3c0   0x00000030   Data   RO         3772    .constdata          uCGUI_DEMO.lib(fcomic24b_1.o)
    0x0800b3f0   0x00000030   Data   RO         3773    .constdata          uCGUI_DEMO.lib(fcomic24b_1.o)
    0x0800b420   0x00000030   Data   RO         3774    .constdata          uCGUI_DEMO.lib(fcomic24b_1.o)
    0x0800b450   0x00000030   Data   RO         3775    .constdata          uCGUI_DEMO.lib(fcomic24b_1.o)
    0x0800b480   0x00000030   Data   RO         3776    .constdata          uCGUI_DEMO.lib(fcomic24b_1.o)
    0x0800b4b0   0x00000030   Data   RO         3777    .constdata          uCGUI_DEMO.lib(fcomic24b_1.o)
    0x0800b4e0   0x00000030   Data   RO         3778    .constdata          uCGUI_DEMO.lib(fcomic24b_1.o)
    0x0800b510   0x00000030   Data   RO         3779    .constdata          uCGUI_DEMO.lib(fcomic24b_1.o)
    0x0800b540   0x00000030   Data   RO         3780    .constdata          uCGUI_DEMO.lib(fcomic24b_1.o)
    0x0800b570   0x00000030   Data   RO         3781    .constdata          uCGUI_DEMO.lib(fcomic24b_1.o)
    0x0800b5a0   0x00000030   Data   RO         3782    .constdata          uCGUI_DEMO.lib(fcomic24b_1.o)
    0x0800b5d0   0x00000030   Data   RO         3783    .constdata          uCGUI_DEMO.lib(fcomic24b_1.o)
    0x0800b600   0x00000030   Data   RO         3784    .constdata          uCGUI_DEMO.lib(fcomic24b_1.o)
    0x0800b630   0x00000030   Data   RO         3785    .constdata          uCGUI_DEMO.lib(fcomic24b_1.o)
    0x0800b660   0x00000048   Data   RO         3786    .constdata          uCGUI_DEMO.lib(fcomic24b_1.o)
    0x0800b6a8   0x00000030   Data   RO         3787    .constdata          uCGUI_DEMO.lib(fcomic24b_1.o)
    0x0800b6d8   0x00000030   Data   RO         3788    .constdata          uCGUI_DEMO.lib(fcomic24b_1.o)
    0x0800b708   0x00000030   Data   RO         3789    .constdata          uCGUI_DEMO.lib(fcomic24b_1.o)
    0x0800b738   0x00000030   Data   RO         3790    .constdata          uCGUI_DEMO.lib(fcomic24b_1.o)
    0x0800b768   0x00000030   Data   RO         3791    .constdata          uCGUI_DEMO.lib(fcomic24b_1.o)
    0x0800b798   0x00000030   Data   RO         3792    .constdata          uCGUI_DEMO.lib(fcomic24b_1.o)
    0x0800b7c8   0x00000030   Data   RO         3793    .constdata          uCGUI_DEMO.lib(fcomic24b_1.o)
    0x0800b7f8   0x00000030   Data   RO         3794    .constdata          uCGUI_DEMO.lib(fcomic24b_1.o)
    0x0800b828   0x00000030   Data   RO         3795    .constdata          uCGUI_DEMO.lib(fcomic24b_1.o)
    0x0800b858   0x00000030   Data   RO         3796    .constdata          uCGUI_DEMO.lib(fcomic24b_1.o)
    0x0800b888   0x00000048   Data   RO         3797    .constdata          uCGUI_DEMO.lib(fcomic24b_1.o)
    0x0800b8d0   0x00000048   Data   RO         3798    .constdata          uCGUI_DEMO.lib(fcomic24b_1.o)
    0x0800b918   0x00000048   Data   RO         3799    .constdata          uCGUI_DEMO.lib(fcomic24b_1.o)
    0x0800b960   0x00000048   Data   RO         3800    .constdata          uCGUI_DEMO.lib(fcomic24b_1.o)
    0x0800b9a8   0x00000048   Data   RO         3801    .constdata          uCGUI_DEMO.lib(fcomic24b_1.o)
    0x0800b9f0   0x00000048   Data   RO         3802    .constdata          uCGUI_DEMO.lib(fcomic24b_1.o)
    0x0800ba38   0x00000030   Data   RO         3803    .constdata          uCGUI_DEMO.lib(fcomic24b_1.o)
    0x0800ba68   0x00000048   Data   RO         3804    .constdata          uCGUI_DEMO.lib(fcomic24b_1.o)
    0x0800bab0   0x00000030   Data   RO         3805    .constdata          uCGUI_DEMO.lib(fcomic24b_1.o)
    0x0800bae0   0x00000030   Data   RO         3806    .constdata          uCGUI_DEMO.lib(fcomic24b_1.o)
    0x0800bb10   0x00000030   Data   RO         3807    .constdata          uCGUI_DEMO.lib(fcomic24b_1.o)
    0x0800bb40   0x00000030   Data   RO         3808    .constdata          uCGUI_DEMO.lib(fcomic24b_1.o)
    0x0800bb70   0x00000030   Data   RO         3809    .constdata          uCGUI_DEMO.lib(fcomic24b_1.o)
    0x0800bba0   0x00000030   Data   RO         3810    .constdata          uCGUI_DEMO.lib(fcomic24b_1.o)
    0x0800bbd0   0x00000030   Data   RO         3811    .constdata          uCGUI_DEMO.lib(fcomic24b_1.o)
    0x0800bc00   0x00000030   Data   RO         3812    .constdata          uCGUI_DEMO.lib(fcomic24b_1.o)
    0x0800bc30   0x00000030   Data   RO         3813    .constdata          uCGUI_DEMO.lib(fcomic24b_1.o)
    0x0800bc60   0x00000030   Data   RO         3814    .constdata          uCGUI_DEMO.lib(fcomic24b_1.o)
    0x0800bc90   0x00000030   Data   RO         3815    .constdata          uCGUI_DEMO.lib(fcomic24b_1.o)
    0x0800bcc0   0x00000030   Data   RO         3816    .constdata          uCGUI_DEMO.lib(fcomic24b_1.o)
    0x0800bcf0   0x00000030   Data   RO         3817    .constdata          uCGUI_DEMO.lib(fcomic24b_1.o)
    0x0800bd20   0x00000048   Data   RO         3818    .constdata          uCGUI_DEMO.lib(fcomic24b_1.o)
    0x0800bd68   0x00000030   Data   RO         3819    .constdata          uCGUI_DEMO.lib(fcomic24b_1.o)
    0x0800bd98   0x00000030   Data   RO         3820    .constdata          uCGUI_DEMO.lib(fcomic24b_1.o)
    0x0800bdc8   0x00000030   Data   RO         3821    .constdata          uCGUI_DEMO.lib(fcomic24b_1.o)
    0x0800bdf8   0x00000030   Data   RO         3822    .constdata          uCGUI_DEMO.lib(fcomic24b_1.o)
    0x0800be28   0x00000030   Data   RO         3823    .constdata          uCGUI_DEMO.lib(fcomic24b_1.o)
    0x0800be58   0x00000018   Data   RO         3824    .constdata          uCGUI_DEMO.lib(fcomic24b_1.o)
    0x0800be70   0x00000018   Data   RO         3825    .constdata          uCGUI_DEMO.lib(fcomic24b_1.o)
    0x0800be88   0x00000018   Data   RO         3826    .constdata          uCGUI_DEMO.lib(fcomic24b_1.o)
    0x0800bea0   0x00000018   Data   RO         3827    .constdata          uCGUI_DEMO.lib(fcomic24b_1.o)
    0x0800beb8   0x00000030   Data   RO         3828    .constdata          uCGUI_DEMO.lib(fcomic24b_1.o)
    0x0800bee8   0x00000030   Data   RO         3829    .constdata          uCGUI_DEMO.lib(fcomic24b_1.o)
    0x0800bf18   0x00000030   Data   RO         3830    .constdata          uCGUI_DEMO.lib(fcomic24b_1.o)
    0x0800bf48   0x00000030   Data   RO         3831    .constdata          uCGUI_DEMO.lib(fcomic24b_1.o)
    0x0800bf78   0x00000030   Data   RO         3832    .constdata          uCGUI_DEMO.lib(fcomic24b_1.o)
    0x0800bfa8   0x00000030   Data   RO         3833    .constdata          uCGUI_DEMO.lib(fcomic24b_1.o)
    0x0800bfd8   0x00000030   Data   RO         3834    .constdata          uCGUI_DEMO.lib(fcomic24b_1.o)
    0x0800c008   0x00000030   Data   RO         3835    .constdata          uCGUI_DEMO.lib(fcomic24b_1.o)
    0x0800c038   0x00000030   Data   RO         3836    .constdata          uCGUI_DEMO.lib(fcomic24b_1.o)
    0x0800c068   0x00000030   Data   RO         3837    .constdata          uCGUI_DEMO.lib(fcomic24b_1.o)
    0x0800c098   0x00000030   Data   RO         3838    .constdata          uCGUI_DEMO.lib(fcomic24b_1.o)
    0x0800c0c8   0x00000030   Data   RO         3839    .constdata          uCGUI_DEMO.lib(fcomic24b_1.o)
    0x0800c0f8   0x00000030   Data   RO         3840    .constdata          uCGUI_DEMO.lib(fcomic24b_1.o)
    0x0800c128   0x00000030   Data   RO         3841    .constdata          uCGUI_DEMO.lib(fcomic24b_1.o)
    0x0800c158   0x00000030   Data   RO         3842    .constdata          uCGUI_DEMO.lib(fcomic24b_1.o)
    0x0800c188   0x00000030   Data   RO         3843    .constdata          uCGUI_DEMO.lib(fcomic24b_1.o)
    0x0800c1b8   0x00000300   Data   RO         3844    .constdata          uCGUI_DEMO.lib(fcomic24b_1.o)
    0x0800c4b8   0x0000000c   Data   RO         3845    .constdata          uCGUI_DEMO.lib(fcomic24b_1.o)
    0x0800c4c4   0x0000000c   Data   RO         3846    .constdata          uCGUI_DEMO.lib(fcomic24b_1.o)
    0x0800c4d0   0x00000020   Data   RO         3847    .constdata          uCGUI_DEMO.lib(fcomic24b_1.o)
    0x0800c4f0   0x00000480   Data   RO         3860    .constdata          uCGUI_DEMO.lib(fd32.o)
    0x0800c970   0x00000040   Data   RO         3861    .constdata          uCGUI_DEMO.lib(fd32.o)
    0x0800c9b0   0x00000040   Data   RO         3862    .constdata          uCGUI_DEMO.lib(fd32.o)
    0x0800c9f0   0x00000060   Data   RO         3863    .constdata          uCGUI_DEMO.lib(fd32.o)
    0x0800ca50   0x00000078   Data   RO         3864    .constdata          uCGUI_DEMO.lib(fd32.o)
    0x0800cac8   0x0000000c   Data   RO         3865    .constdata          uCGUI_DEMO.lib(fd32.o)
    0x0800cad4   0x0000000c   Data   RO         3866    .constdata          uCGUI_DEMO.lib(fd32.o)
    0x0800cae0   0x0000000c   Data   RO         3867    .constdata          uCGUI_DEMO.lib(fd32.o)
    0x0800caec   0x0000000c   Data   RO         3868    .constdata          uCGUI_DEMO.lib(fd32.o)
    0x0800caf8   0x00000020   Data   RO         3869    .constdata          uCGUI_DEMO.lib(fd32.o)
    0x0800cb18   0x00000014   Data   RO         4153    .constdata          uCGUI_DEMO.lib(gui_cursorarrowm.o)
    0x0800cb2c   0x0000000c   Data   RO         4154    .constdata          uCGUI_DEMO.lib(gui_cursorarrowm.o)
    0x0800cb38   0x00000010   Data   RO         4324    .constdata          uCGUI_DEMO.lib(gui_uc_encodenone.o)
    0x0800cb48   0x00000040   Data   RO         4399    .constdata          uCGUI_DEMO.lib(lcd_api.o)
    0x0800cb88   0x00000518   Data   RO         4437    .constdata          uCGUI_DEMO.lib(f6x8.o)
    0x0800d0a0   0x000001c0   Data   RO         4438    .constdata          uCGUI_DEMO.lib(f6x8.o)
    0x0800d260   0x00000008   Data   RO         4439    .constdata          uCGUI_DEMO.lib(f6x8.o)
    0x0800d268   0x00000014   Data   RO         4440    .constdata          uCGUI_DEMO.lib(f6x8.o)
    0x0800d27c   0x00000020   Data   RO         4441    .constdata          uCGUI_DEMO.lib(f6x8.o)
    0x0800d29c   0x00000012   Data   RO         4455    .constdata          uCGUI_DEMO.lib(fcomic18b_ascii.o)
    0x0800d2ae   0x00000012   Data   RO         4456    .constdata          uCGUI_DEMO.lib(fcomic18b_ascii.o)
    0x0800d2c0   0x00000012   Data   RO         4457    .constdata          uCGUI_DEMO.lib(fcomic18b_ascii.o)
    0x0800d2d2   0x00000024   Data   RO         4458    .constdata          uCGUI_DEMO.lib(fcomic18b_ascii.o)
    0x0800d2f6   0x00000024   Data   RO         4459    .constdata          uCGUI_DEMO.lib(fcomic18b_ascii.o)
    0x0800d31a   0x00000024   Data   RO         4460    .constdata          uCGUI_DEMO.lib(fcomic18b_ascii.o)
    0x0800d33e   0x00000024   Data   RO         4461    .constdata          uCGUI_DEMO.lib(fcomic18b_ascii.o)
    0x0800d362   0x00000012   Data   RO         4462    .constdata          uCGUI_DEMO.lib(fcomic18b_ascii.o)
    0x0800d374   0x00000012   Data   RO         4463    .constdata          uCGUI_DEMO.lib(fcomic18b_ascii.o)
    0x0800d386   0x00000012   Data   RO         4464    .constdata          uCGUI_DEMO.lib(fcomic18b_ascii.o)
    0x0800d398   0x00000024   Data   RO         4465    .constdata          uCGUI_DEMO.lib(fcomic18b_ascii.o)
    0x0800d3bc   0x00000012   Data   RO         4466    .constdata          uCGUI_DEMO.lib(fcomic18b_ascii.o)
    0x0800d3ce   0x00000012   Data   RO         4467    .constdata          uCGUI_DEMO.lib(fcomic18b_ascii.o)
    0x0800d3e0   0x00000012   Data   RO         4468    .constdata          uCGUI_DEMO.lib(fcomic18b_ascii.o)
    0x0800d3f2   0x00000012   Data   RO         4469    .constdata          uCGUI_DEMO.lib(fcomic18b_ascii.o)
    0x0800d404   0x00000024   Data   RO         4470    .constdata          uCGUI_DEMO.lib(fcomic18b_ascii.o)
    0x0800d428   0x00000024   Data   RO         4471    .constdata          uCGUI_DEMO.lib(fcomic18b_ascii.o)
    0x0800d44c   0x00000012   Data   RO         4472    .constdata          uCGUI_DEMO.lib(fcomic18b_ascii.o)
    0x0800d45e   0x00000024   Data   RO         4473    .constdata          uCGUI_DEMO.lib(fcomic18b_ascii.o)
    0x0800d482   0x00000024   Data   RO         4474    .constdata          uCGUI_DEMO.lib(fcomic18b_ascii.o)
    0x0800d4a6   0x00000024   Data   RO         4475    .constdata          uCGUI_DEMO.lib(fcomic18b_ascii.o)
    0x0800d4ca   0x00000024   Data   RO         4476    .constdata          uCGUI_DEMO.lib(fcomic18b_ascii.o)
    0x0800d4ee   0x00000024   Data   RO         4477    .constdata          uCGUI_DEMO.lib(fcomic18b_ascii.o)
    0x0800d512   0x00000024   Data   RO         4478    .constdata          uCGUI_DEMO.lib(fcomic18b_ascii.o)
    0x0800d536   0x00000024   Data   RO         4479    .constdata          uCGUI_DEMO.lib(fcomic18b_ascii.o)
    0x0800d55a   0x00000024   Data   RO         4480    .constdata          uCGUI_DEMO.lib(fcomic18b_ascii.o)
    0x0800d57e   0x00000012   Data   RO         4481    .constdata          uCGUI_DEMO.lib(fcomic18b_ascii.o)
    0x0800d590   0x00000012   Data   RO         4482    .constdata          uCGUI_DEMO.lib(fcomic18b_ascii.o)
    0x0800d5a2   0x00000012   Data   RO         4483    .constdata          uCGUI_DEMO.lib(fcomic18b_ascii.o)
    0x0800d5b4   0x00000012   Data   RO         4484    .constdata          uCGUI_DEMO.lib(fcomic18b_ascii.o)
    0x0800d5c6   0x00000012   Data   RO         4485    .constdata          uCGUI_DEMO.lib(fcomic18b_ascii.o)
    0x0800d5d8   0x00000024   Data   RO         4486    .constdata          uCGUI_DEMO.lib(fcomic18b_ascii.o)
    0x0800d5fc   0x00000024   Data   RO         4487    .constdata          uCGUI_DEMO.lib(fcomic18b_ascii.o)
    0x0800d620   0x00000024   Data   RO         4488    .constdata          uCGUI_DEMO.lib(fcomic18b_ascii.o)
    0x0800d644   0x00000024   Data   RO         4489    .constdata          uCGUI_DEMO.lib(fcomic18b_ascii.o)
    0x0800d668   0x00000024   Data   RO         4490    .constdata          uCGUI_DEMO.lib(fcomic18b_ascii.o)
    0x0800d68c   0x00000024   Data   RO         4491    .constdata          uCGUI_DEMO.lib(fcomic18b_ascii.o)
    0x0800d6b0   0x00000024   Data   RO         4492    .constdata          uCGUI_DEMO.lib(fcomic18b_ascii.o)
    0x0800d6d4   0x00000024   Data   RO         4493    .constdata          uCGUI_DEMO.lib(fcomic18b_ascii.o)
    0x0800d6f8   0x00000024   Data   RO         4494    .constdata          uCGUI_DEMO.lib(fcomic18b_ascii.o)
    0x0800d71c   0x00000024   Data   RO         4495    .constdata          uCGUI_DEMO.lib(fcomic18b_ascii.o)
    0x0800d740   0x00000024   Data   RO         4496    .constdata          uCGUI_DEMO.lib(fcomic18b_ascii.o)
    0x0800d764   0x00000024   Data   RO         4497    .constdata          uCGUI_DEMO.lib(fcomic18b_ascii.o)
    0x0800d788   0x00000024   Data   RO         4498    .constdata          uCGUI_DEMO.lib(fcomic18b_ascii.o)
    0x0800d7ac   0x00000024   Data   RO         4499    .constdata          uCGUI_DEMO.lib(fcomic18b_ascii.o)
    0x0800d7d0   0x00000024   Data   RO         4500    .constdata          uCGUI_DEMO.lib(fcomic18b_ascii.o)
    0x0800d7f4   0x00000024   Data   RO         4501    .constdata          uCGUI_DEMO.lib(fcomic18b_ascii.o)
    0x0800d818   0x00000024   Data   RO         4502    .constdata          uCGUI_DEMO.lib(fcomic18b_ascii.o)
    0x0800d83c   0x00000012   Data   RO         4503    .constdata          uCGUI_DEMO.lib(fcomic18b_ascii.o)
    0x0800d84e   0x00000024   Data   RO         4504    .constdata          uCGUI_DEMO.lib(fcomic18b_ascii.o)
    0x0800d872   0x00000024   Data   RO         4505    .constdata          uCGUI_DEMO.lib(fcomic18b_ascii.o)
    0x0800d896   0x00000024   Data   RO         4506    .constdata          uCGUI_DEMO.lib(fcomic18b_ascii.o)
    0x0800d8ba   0x00000024   Data   RO         4507    .constdata          uCGUI_DEMO.lib(fcomic18b_ascii.o)
    0x0800d8de   0x00000024   Data   RO         4508    .constdata          uCGUI_DEMO.lib(fcomic18b_ascii.o)
    0x0800d902   0x00000024   Data   RO         4509    .constdata          uCGUI_DEMO.lib(fcomic18b_ascii.o)
    0x0800d926   0x00000036   Data   RO         4510    .constdata          uCGUI_DEMO.lib(fcomic18b_ascii.o)
    0x0800d95c   0x00000024   Data   RO         4511    .constdata          uCGUI_DEMO.lib(fcomic18b_ascii.o)
    0x0800d980   0x00000024   Data   RO         4512    .constdata          uCGUI_DEMO.lib(fcomic18b_ascii.o)
    0x0800d9a4   0x00000024   Data   RO         4513    .constdata          uCGUI_DEMO.lib(fcomic18b_ascii.o)
    0x0800d9c8   0x00000012   Data   RO         4514    .constdata          uCGUI_DEMO.lib(fcomic18b_ascii.o)
    0x0800d9da   0x00000012   Data   RO         4515    .constdata          uCGUI_DEMO.lib(fcomic18b_ascii.o)
    0x0800d9ec   0x00000012   Data   RO         4516    .constdata          uCGUI_DEMO.lib(fcomic18b_ascii.o)
    0x0800d9fe   0x00000012   Data   RO         4517    .constdata          uCGUI_DEMO.lib(fcomic18b_ascii.o)
    0x0800da10   0x00000024   Data   RO         4518    .constdata          uCGUI_DEMO.lib(fcomic18b_ascii.o)
    0x0800da34   0x00000024   Data   RO         4519    .constdata          uCGUI_DEMO.lib(fcomic18b_ascii.o)
    0x0800da58   0x00000012   Data   RO         4520    .constdata          uCGUI_DEMO.lib(fcomic18b_ascii.o)
    0x0800da6a   0x00000024   Data   RO         4521    .constdata          uCGUI_DEMO.lib(fcomic18b_ascii.o)
    0x0800da8e   0x00000012   Data   RO         4522    .constdata          uCGUI_DEMO.lib(fcomic18b_ascii.o)
    0x0800daa0   0x00000024   Data   RO         4523    .constdata          uCGUI_DEMO.lib(fcomic18b_ascii.o)
    0x0800dac4   0x00000012   Data   RO         4524    .constdata          uCGUI_DEMO.lib(fcomic18b_ascii.o)
    0x0800dad6   0x00000012   Data   RO         4525    .constdata          uCGUI_DEMO.lib(fcomic18b_ascii.o)
    0x0800dae8   0x00000012   Data   RO         4526    .constdata          uCGUI_DEMO.lib(fcomic18b_ascii.o)
    0x0800dafa   0x00000012   Data   RO         4527    .constdata          uCGUI_DEMO.lib(fcomic18b_ascii.o)
    0x0800db0c   0x00000012   Data   RO         4528    .constdata          uCGUI_DEMO.lib(fcomic18b_ascii.o)
    0x0800db1e   0x00000012   Data   RO         4529    .constdata          uCGUI_DEMO.lib(fcomic18b_ascii.o)
    0x0800db30   0x00000024   Data   RO         4530    .constdata          uCGUI_DEMO.lib(fcomic18b_ascii.o)
    0x0800db54   0x00000012   Data   RO         4531    .constdata          uCGUI_DEMO.lib(fcomic18b_ascii.o)
    0x0800db66   0x00000024   Data   RO         4532    .constdata          uCGUI_DEMO.lib(fcomic18b_ascii.o)
    0x0800db8a   0x00000012   Data   RO         4533    .constdata          uCGUI_DEMO.lib(fcomic18b_ascii.o)
    0x0800db9c   0x00000012   Data   RO         4534    .constdata          uCGUI_DEMO.lib(fcomic18b_ascii.o)
    0x0800dbae   0x00000024   Data   RO         4535    .constdata          uCGUI_DEMO.lib(fcomic18b_ascii.o)
    0x0800dbd2   0x00000012   Data   RO         4536    .constdata          uCGUI_DEMO.lib(fcomic18b_ascii.o)
    0x0800dbe4   0x00000012   Data   RO         4537    .constdata          uCGUI_DEMO.lib(fcomic18b_ascii.o)
    0x0800dbf6   0x00000012   Data   RO         4538    .constdata          uCGUI_DEMO.lib(fcomic18b_ascii.o)
    0x0800dc08   0x00000012   Data   RO         4539    .constdata          uCGUI_DEMO.lib(fcomic18b_ascii.o)
    0x0800dc1a   0x00000012   Data   RO         4540    .constdata          uCGUI_DEMO.lib(fcomic18b_ascii.o)
    0x0800dc2c   0x00000012   Data   RO         4541    .constdata          uCGUI_DEMO.lib(fcomic18b_ascii.o)
    0x0800dc3e   0x00000024   Data   RO         4542    .constdata          uCGUI_DEMO.lib(fcomic18b_ascii.o)
    0x0800dc62   0x00000024   Data   RO         4543    .constdata          uCGUI_DEMO.lib(fcomic18b_ascii.o)
    0x0800dc86   0x00000024   Data   RO         4544    .constdata          uCGUI_DEMO.lib(fcomic18b_ascii.o)
    0x0800dcaa   0x00000024   Data   RO         4545    .constdata          uCGUI_DEMO.lib(fcomic18b_ascii.o)
    0x0800dcce   0x00000012   Data   RO         4546    .constdata          uCGUI_DEMO.lib(fcomic18b_ascii.o)
    0x0800dce0   0x00000012   Data   RO         4547    .constdata          uCGUI_DEMO.lib(fcomic18b_ascii.o)
    0x0800dcf2   0x00000012   Data   RO         4548    .constdata          uCGUI_DEMO.lib(fcomic18b_ascii.o)
    0x0800dd04   0x00000024   Data   RO         4549    .constdata          uCGUI_DEMO.lib(fcomic18b_ascii.o)
    0x0800dd28   0x00000012   Data   RO         4550    .constdata          uCGUI_DEMO.lib(fcomic18b_ascii.o)
    0x0800dd3a   0x00000024   Data   RO         4551    .constdata          uCGUI_DEMO.lib(fcomic18b_ascii.o)
    0x0800dd5e   0x00000002   PAD
    0x0800dd60   0x00000308   Data   RO         4552    .constdata          uCGUI_DEMO.lib(fcomic18b_ascii.o)
    0x0800e068   0x00000030   Data   RO         4571    .constdata          uCGUI_DEMO.lib(fcomic24b_ascii.o)
    0x0800e098   0x00000018   Data   RO         4572    .constdata          uCGUI_DEMO.lib(fcomic24b_ascii.o)
    0x0800e0b0   0x00000030   Data   RO         4573    .constdata          uCGUI_DEMO.lib(fcomic24b_ascii.o)
    0x0800e0e0   0x00000048   Data   RO         4574    .constdata          uCGUI_DEMO.lib(fcomic24b_ascii.o)
    0x0800e128   0x00000030   Data   RO         4575    .constdata          uCGUI_DEMO.lib(fcomic24b_ascii.o)
    0x0800e158   0x00000048   Data   RO         4576    .constdata          uCGUI_DEMO.lib(fcomic24b_ascii.o)
    0x0800e1a0   0x00000030   Data   RO         4577    .constdata          uCGUI_DEMO.lib(fcomic24b_ascii.o)
    0x0800e1d0   0x00000030   Data   RO         4578    .constdata          uCGUI_DEMO.lib(fcomic24b_ascii.o)
    0x0800e200   0x00000018   Data   RO         4579    .constdata          uCGUI_DEMO.lib(fcomic24b_ascii.o)
    0x0800e218   0x00000018   Data   RO         4580    .constdata          uCGUI_DEMO.lib(fcomic24b_ascii.o)
    0x0800e230   0x00000030   Data   RO         4581    .constdata          uCGUI_DEMO.lib(fcomic24b_ascii.o)
    0x0800e260   0x00000030   Data   RO         4582    .constdata          uCGUI_DEMO.lib(fcomic24b_ascii.o)
    0x0800e290   0x00000030   Data   RO         4583    .constdata          uCGUI_DEMO.lib(fcomic24b_ascii.o)
    0x0800e2c0   0x00000030   Data   RO         4584    .constdata          uCGUI_DEMO.lib(fcomic24b_ascii.o)
    0x0800e2f0   0x00000030   Data   RO         4585    .constdata          uCGUI_DEMO.lib(fcomic24b_ascii.o)
    0x0800e320   0x00000030   Data   RO         4586    .constdata          uCGUI_DEMO.lib(fcomic24b_ascii.o)
    0x0800e350   0x00000030   Data   RO         4587    .constdata          uCGUI_DEMO.lib(fcomic24b_ascii.o)
    0x0800e380   0x00000030   Data   RO         4588    .constdata          uCGUI_DEMO.lib(fcomic24b_ascii.o)
    0x0800e3b0   0x00000030   Data   RO         4589    .constdata          uCGUI_DEMO.lib(fcomic24b_ascii.o)
    0x0800e3e0   0x00000030   Data   RO         4590    .constdata          uCGUI_DEMO.lib(fcomic24b_ascii.o)
    0x0800e410   0x00000030   Data   RO         4591    .constdata          uCGUI_DEMO.lib(fcomic24b_ascii.o)
    0x0800e440   0x00000030   Data   RO         4592    .constdata          uCGUI_DEMO.lib(fcomic24b_ascii.o)
    0x0800e470   0x00000030   Data   RO         4593    .constdata          uCGUI_DEMO.lib(fcomic24b_ascii.o)
    0x0800e4a0   0x00000030   Data   RO         4594    .constdata          uCGUI_DEMO.lib(fcomic24b_ascii.o)
    0x0800e4d0   0x00000030   Data   RO         4595    .constdata          uCGUI_DEMO.lib(fcomic24b_ascii.o)
    0x0800e500   0x00000030   Data   RO         4596    .constdata          uCGUI_DEMO.lib(fcomic24b_ascii.o)
    0x0800e530   0x00000030   Data   RO         4597    .constdata          uCGUI_DEMO.lib(fcomic24b_ascii.o)
    0x0800e560   0x00000030   Data   RO         4598    .constdata          uCGUI_DEMO.lib(fcomic24b_ascii.o)
    0x0800e590   0x00000030   Data   RO         4599    .constdata          uCGUI_DEMO.lib(fcomic24b_ascii.o)
    0x0800e5c0   0x00000030   Data   RO         4600    .constdata          uCGUI_DEMO.lib(fcomic24b_ascii.o)
    0x0800e5f0   0x00000030   Data   RO         4601    .constdata          uCGUI_DEMO.lib(fcomic24b_ascii.o)
    0x0800e620   0x00000030   Data   RO         4602    .constdata          uCGUI_DEMO.lib(fcomic24b_ascii.o)
    0x0800e650   0x00000048   Data   RO         4603    .constdata          uCGUI_DEMO.lib(fcomic24b_ascii.o)
    0x0800e698   0x00000030   Data   RO         4604    .constdata          uCGUI_DEMO.lib(fcomic24b_ascii.o)
    0x0800e6c8   0x00000030   Data   RO         4605    .constdata          uCGUI_DEMO.lib(fcomic24b_ascii.o)
    0x0800e6f8   0x00000030   Data   RO         4606    .constdata          uCGUI_DEMO.lib(fcomic24b_ascii.o)
    0x0800e728   0x00000030   Data   RO         4607    .constdata          uCGUI_DEMO.lib(fcomic24b_ascii.o)
    0x0800e758   0x00000030   Data   RO         4608    .constdata          uCGUI_DEMO.lib(fcomic24b_ascii.o)
    0x0800e788   0x00000030   Data   RO         4609    .constdata          uCGUI_DEMO.lib(fcomic24b_ascii.o)
    0x0800e7b8   0x00000030   Data   RO         4610    .constdata          uCGUI_DEMO.lib(fcomic24b_ascii.o)
    0x0800e7e8   0x00000030   Data   RO         4611    .constdata          uCGUI_DEMO.lib(fcomic24b_ascii.o)
    0x0800e818   0x00000030   Data   RO         4612    .constdata          uCGUI_DEMO.lib(fcomic24b_ascii.o)
    0x0800e848   0x00000030   Data   RO         4613    .constdata          uCGUI_DEMO.lib(fcomic24b_ascii.o)
    0x0800e878   0x00000030   Data   RO         4614    .constdata          uCGUI_DEMO.lib(fcomic24b_ascii.o)
    0x0800e8a8   0x00000030   Data   RO         4615    .constdata          uCGUI_DEMO.lib(fcomic24b_ascii.o)
    0x0800e8d8   0x00000048   Data   RO         4616    .constdata          uCGUI_DEMO.lib(fcomic24b_ascii.o)
    0x0800e920   0x00000048   Data   RO         4617    .constdata          uCGUI_DEMO.lib(fcomic24b_ascii.o)
    0x0800e968   0x00000048   Data   RO         4618    .constdata          uCGUI_DEMO.lib(fcomic24b_ascii.o)
    0x0800e9b0   0x00000030   Data   RO         4619    .constdata          uCGUI_DEMO.lib(fcomic24b_ascii.o)
    0x0800e9e0   0x00000048   Data   RO         4620    .constdata          uCGUI_DEMO.lib(fcomic24b_ascii.o)
    0x0800ea28   0x00000030   Data   RO         4621    .constdata          uCGUI_DEMO.lib(fcomic24b_ascii.o)
    0x0800ea58   0x00000030   Data   RO         4622    .constdata          uCGUI_DEMO.lib(fcomic24b_ascii.o)
    0x0800ea88   0x00000030   Data   RO         4623    .constdata          uCGUI_DEMO.lib(fcomic24b_ascii.o)
    0x0800eab8   0x00000030   Data   RO         4624    .constdata          uCGUI_DEMO.lib(fcomic24b_ascii.o)
    0x0800eae8   0x00000030   Data   RO         4625    .constdata          uCGUI_DEMO.lib(fcomic24b_ascii.o)
    0x0800eb18   0x00000048   Data   RO         4626    .constdata          uCGUI_DEMO.lib(fcomic24b_ascii.o)
    0x0800eb60   0x00000030   Data   RO         4627    .constdata          uCGUI_DEMO.lib(fcomic24b_ascii.o)
    0x0800eb90   0x00000030   Data   RO         4628    .constdata          uCGUI_DEMO.lib(fcomic24b_ascii.o)
    0x0800ebc0   0x00000030   Data   RO         4629    .constdata          uCGUI_DEMO.lib(fcomic24b_ascii.o)
    0x0800ebf0   0x00000018   Data   RO         4630    .constdata          uCGUI_DEMO.lib(fcomic24b_ascii.o)
    0x0800ec08   0x00000030   Data   RO         4631    .constdata          uCGUI_DEMO.lib(fcomic24b_ascii.o)
    0x0800ec38   0x00000018   Data   RO         4632    .constdata          uCGUI_DEMO.lib(fcomic24b_ascii.o)
    0x0800ec50   0x00000030   Data   RO         4633    .constdata          uCGUI_DEMO.lib(fcomic24b_ascii.o)
    0x0800ec80   0x00000030   Data   RO         4634    .constdata          uCGUI_DEMO.lib(fcomic24b_ascii.o)
    0x0800ecb0   0x00000030   Data   RO         4635    .constdata          uCGUI_DEMO.lib(fcomic24b_ascii.o)
    0x0800ece0   0x00000030   Data   RO         4636    .constdata          uCGUI_DEMO.lib(fcomic24b_ascii.o)
    0x0800ed10   0x00000030   Data   RO         4637    .constdata          uCGUI_DEMO.lib(fcomic24b_ascii.o)
    0x0800ed40   0x00000030   Data   RO         4638    .constdata          uCGUI_DEMO.lib(fcomic24b_ascii.o)
    0x0800ed70   0x00000030   Data   RO         4639    .constdata          uCGUI_DEMO.lib(fcomic24b_ascii.o)
    0x0800eda0   0x00000030   Data   RO         4640    .constdata          uCGUI_DEMO.lib(fcomic24b_ascii.o)
    0x0800edd0   0x00000030   Data   RO         4641    .constdata          uCGUI_DEMO.lib(fcomic24b_ascii.o)
    0x0800ee00   0x00000030   Data   RO         4642    .constdata          uCGUI_DEMO.lib(fcomic24b_ascii.o)
    0x0800ee30   0x00000030   Data   RO         4643    .constdata          uCGUI_DEMO.lib(fcomic24b_ascii.o)
    0x0800ee60   0x00000018   Data   RO         4644    .constdata          uCGUI_DEMO.lib(fcomic24b_ascii.o)
    0x0800ee78   0x00000018   Data   RO         4645    .constdata          uCGUI_DEMO.lib(fcomic24b_ascii.o)
    0x0800ee90   0x00000030   Data   RO         4646    .constdata          uCGUI_DEMO.lib(fcomic24b_ascii.o)
    0x0800eec0   0x00000018   Data   RO         4647    .constdata          uCGUI_DEMO.lib(fcomic24b_ascii.o)
    0x0800eed8   0x00000030   Data   RO         4648    .constdata          uCGUI_DEMO.lib(fcomic24b_ascii.o)
    0x0800ef08   0x00000030   Data   RO         4649    .constdata          uCGUI_DEMO.lib(fcomic24b_ascii.o)
    0x0800ef38   0x00000030   Data   RO         4650    .constdata          uCGUI_DEMO.lib(fcomic24b_ascii.o)
    0x0800ef68   0x00000030   Data   RO         4651    .constdata          uCGUI_DEMO.lib(fcomic24b_ascii.o)
    0x0800ef98   0x00000030   Data   RO         4652    .constdata          uCGUI_DEMO.lib(fcomic24b_ascii.o)
    0x0800efc8   0x00000030   Data   RO         4653    .constdata          uCGUI_DEMO.lib(fcomic24b_ascii.o)
    0x0800eff8   0x00000030   Data   RO         4654    .constdata          uCGUI_DEMO.lib(fcomic24b_ascii.o)
    0x0800f028   0x00000030   Data   RO         4655    .constdata          uCGUI_DEMO.lib(fcomic24b_ascii.o)
    0x0800f058   0x00000030   Data   RO         4656    .constdata          uCGUI_DEMO.lib(fcomic24b_ascii.o)
    0x0800f088   0x00000030   Data   RO         4657    .constdata          uCGUI_DEMO.lib(fcomic24b_ascii.o)
    0x0800f0b8   0x00000030   Data   RO         4658    .constdata          uCGUI_DEMO.lib(fcomic24b_ascii.o)
    0x0800f0e8   0x00000030   Data   RO         4659    .constdata          uCGUI_DEMO.lib(fcomic24b_ascii.o)
    0x0800f118   0x00000030   Data   RO         4660    .constdata          uCGUI_DEMO.lib(fcomic24b_ascii.o)
    0x0800f148   0x00000030   Data   RO         4661    .constdata          uCGUI_DEMO.lib(fcomic24b_ascii.o)
    0x0800f178   0x00000018   Data   RO         4662    .constdata          uCGUI_DEMO.lib(fcomic24b_ascii.o)
    0x0800f190   0x00000030   Data   RO         4663    .constdata          uCGUI_DEMO.lib(fcomic24b_ascii.o)
    0x0800f1c0   0x00000018   Data   RO         4664    .constdata          uCGUI_DEMO.lib(fcomic24b_ascii.o)
    0x0800f1d8   0x00000030   Data   RO         4665    .constdata          uCGUI_DEMO.lib(fcomic24b_ascii.o)
    0x0800f208   0x00000030   Data   RO         4666    .constdata          uCGUI_DEMO.lib(fcomic24b_ascii.o)
    0x0800f238   0x00000300   Data   RO         4667    .constdata          uCGUI_DEMO.lib(fcomic24b_ascii.o)
    0x0800f538   0x0000003c   Data   RO         4992    .constdata          uCGUI_DEMO.lib(gui_cursorarrowmpx.o)
    0x0800f574   0x0000000c   Data   RO         5005    .constdata          uCGUI_DEMO.lib(gui_cursorpal.o)
    0x0800f580   0x0000000c   Data   RO         5006    .constdata          uCGUI_DEMO.lib(gui_cursorpal.o)
    0x0800f58c   0x00000008   Data   RO         5269    .constdata          uCGUI_DEMO.lib(f08_1.o)
    0x0800f594   0x00000008   Data   RO         5270    .constdata          uCGUI_DEMO.lib(f08_1.o)
    0x0800f59c   0x00000008   Data   RO         5271    .constdata          uCGUI_DEMO.lib(f08_1.o)
    0x0800f5a4   0x00000008   Data   RO         5272    .constdata          uCGUI_DEMO.lib(f08_1.o)
    0x0800f5ac   0x00000008   Data   RO         5273    .constdata          uCGUI_DEMO.lib(f08_1.o)
    0x0800f5b4   0x00000008   Data   RO         5274    .constdata          uCGUI_DEMO.lib(f08_1.o)
    0x0800f5bc   0x00000008   Data   RO         5275    .constdata          uCGUI_DEMO.lib(f08_1.o)
    0x0800f5c4   0x00000008   Data   RO         5276    .constdata          uCGUI_DEMO.lib(f08_1.o)
    0x0800f5cc   0x00000008   Data   RO         5277    .constdata          uCGUI_DEMO.lib(f08_1.o)
    0x0800f5d4   0x00000008   Data   RO         5278    .constdata          uCGUI_DEMO.lib(f08_1.o)
    0x0800f5dc   0x00000008   Data   RO         5279    .constdata          uCGUI_DEMO.lib(f08_1.o)
    0x0800f5e4   0x00000008   Data   RO         5280    .constdata          uCGUI_DEMO.lib(f08_1.o)
    0x0800f5ec   0x00000008   Data   RO         5281    .constdata          uCGUI_DEMO.lib(f08_1.o)
    0x0800f5f4   0x00000008   Data   RO         5282    .constdata          uCGUI_DEMO.lib(f08_1.o)
    0x0800f5fc   0x00000008   Data   RO         5283    .constdata          uCGUI_DEMO.lib(f08_1.o)
    0x0800f604   0x00000008   Data   RO         5284    .constdata          uCGUI_DEMO.lib(f08_1.o)
    0x0800f60c   0x00000008   Data   RO         5285    .constdata          uCGUI_DEMO.lib(f08_1.o)
    0x0800f614   0x00000008   Data   RO         5286    .constdata          uCGUI_DEMO.lib(f08_1.o)
    0x0800f61c   0x00000008   Data   RO         5287    .constdata          uCGUI_DEMO.lib(f08_1.o)
    0x0800f624   0x00000008   Data   RO         5288    .constdata          uCGUI_DEMO.lib(f08_1.o)
    0x0800f62c   0x00000008   Data   RO         5289    .constdata          uCGUI_DEMO.lib(f08_1.o)
    0x0800f634   0x00000008   Data   RO         5290    .constdata          uCGUI_DEMO.lib(f08_1.o)
    0x0800f63c   0x00000008   Data   RO         5291    .constdata          uCGUI_DEMO.lib(f08_1.o)
    0x0800f644   0x00000008   Data   RO         5292    .constdata          uCGUI_DEMO.lib(f08_1.o)
    0x0800f64c   0x00000008   Data   RO         5293    .constdata          uCGUI_DEMO.lib(f08_1.o)
    0x0800f654   0x00000008   Data   RO         5294    .constdata          uCGUI_DEMO.lib(f08_1.o)
    0x0800f65c   0x00000008   Data   RO         5295    .constdata          uCGUI_DEMO.lib(f08_1.o)
    0x0800f664   0x00000008   Data   RO         5296    .constdata          uCGUI_DEMO.lib(f08_1.o)
    0x0800f66c   0x00000008   Data   RO         5297    .constdata          uCGUI_DEMO.lib(f08_1.o)
    0x0800f674   0x00000008   Data   RO         5298    .constdata          uCGUI_DEMO.lib(f08_1.o)
    0x0800f67c   0x00000008   Data   RO         5299    .constdata          uCGUI_DEMO.lib(f08_1.o)
    0x0800f684   0x00000008   Data   RO         5300    .constdata          uCGUI_DEMO.lib(f08_1.o)
    0x0800f68c   0x00000008   Data   RO         5301    .constdata          uCGUI_DEMO.lib(f08_1.o)
    0x0800f694   0x00000008   Data   RO         5302    .constdata          uCGUI_DEMO.lib(f08_1.o)
    0x0800f69c   0x00000008   Data   RO         5303    .constdata          uCGUI_DEMO.lib(f08_1.o)
    0x0800f6a4   0x00000008   Data   RO         5304    .constdata          uCGUI_DEMO.lib(f08_1.o)
    0x0800f6ac   0x00000008   Data   RO         5305    .constdata          uCGUI_DEMO.lib(f08_1.o)
    0x0800f6b4   0x00000008   Data   RO         5306    .constdata          uCGUI_DEMO.lib(f08_1.o)
    0x0800f6bc   0x00000008   Data   RO         5307    .constdata          uCGUI_DEMO.lib(f08_1.o)
    0x0800f6c4   0x00000008   Data   RO         5308    .constdata          uCGUI_DEMO.lib(f08_1.o)
    0x0800f6cc   0x00000008   Data   RO         5309    .constdata          uCGUI_DEMO.lib(f08_1.o)
    0x0800f6d4   0x00000008   Data   RO         5310    .constdata          uCGUI_DEMO.lib(f08_1.o)
    0x0800f6dc   0x00000008   Data   RO         5311    .constdata          uCGUI_DEMO.lib(f08_1.o)
    0x0800f6e4   0x00000008   Data   RO         5312    .constdata          uCGUI_DEMO.lib(f08_1.o)
    0x0800f6ec   0x00000008   Data   RO         5313    .constdata          uCGUI_DEMO.lib(f08_1.o)
    0x0800f6f4   0x00000008   Data   RO         5314    .constdata          uCGUI_DEMO.lib(f08_1.o)
    0x0800f6fc   0x00000008   Data   RO         5315    .constdata          uCGUI_DEMO.lib(f08_1.o)
    0x0800f704   0x00000008   Data   RO         5316    .constdata          uCGUI_DEMO.lib(f08_1.o)
    0x0800f70c   0x00000008   Data   RO         5317    .constdata          uCGUI_DEMO.lib(f08_1.o)
    0x0800f714   0x00000008   Data   RO         5318    .constdata          uCGUI_DEMO.lib(f08_1.o)
    0x0800f71c   0x00000008   Data   RO         5319    .constdata          uCGUI_DEMO.lib(f08_1.o)
    0x0800f724   0x00000008   Data   RO         5320    .constdata          uCGUI_DEMO.lib(f08_1.o)
    0x0800f72c   0x00000008   Data   RO         5321    .constdata          uCGUI_DEMO.lib(f08_1.o)
    0x0800f734   0x00000008   Data   RO         5322    .constdata          uCGUI_DEMO.lib(f08_1.o)
    0x0800f73c   0x00000008   Data   RO         5323    .constdata          uCGUI_DEMO.lib(f08_1.o)
    0x0800f744   0x00000008   Data   RO         5324    .constdata          uCGUI_DEMO.lib(f08_1.o)
    0x0800f74c   0x00000008   Data   RO         5325    .constdata          uCGUI_DEMO.lib(f08_1.o)
    0x0800f754   0x00000008   Data   RO         5326    .constdata          uCGUI_DEMO.lib(f08_1.o)
    0x0800f75c   0x00000008   Data   RO         5327    .constdata          uCGUI_DEMO.lib(f08_1.o)
    0x0800f764   0x00000008   Data   RO         5328    .constdata          uCGUI_DEMO.lib(f08_1.o)
    0x0800f76c   0x00000008   Data   RO         5329    .constdata          uCGUI_DEMO.lib(f08_1.o)
    0x0800f774   0x00000008   Data   RO         5330    .constdata          uCGUI_DEMO.lib(f08_1.o)
    0x0800f77c   0x00000008   Data   RO         5331    .constdata          uCGUI_DEMO.lib(f08_1.o)
    0x0800f784   0x00000008   Data   RO         5332    .constdata          uCGUI_DEMO.lib(f08_1.o)
    0x0800f78c   0x00000008   Data   RO         5333    .constdata          uCGUI_DEMO.lib(f08_1.o)
    0x0800f794   0x00000008   Data   RO         5334    .constdata          uCGUI_DEMO.lib(f08_1.o)
    0x0800f79c   0x00000008   Data   RO         5335    .constdata          uCGUI_DEMO.lib(f08_1.o)
    0x0800f7a4   0x00000008   Data   RO         5336    .constdata          uCGUI_DEMO.lib(f08_1.o)
    0x0800f7ac   0x00000008   Data   RO         5337    .constdata          uCGUI_DEMO.lib(f08_1.o)
    0x0800f7b4   0x00000008   Data   RO         5338    .constdata          uCGUI_DEMO.lib(f08_1.o)
    0x0800f7bc   0x00000010   Data   RO         5339    .constdata          uCGUI_DEMO.lib(f08_1.o)
    0x0800f7cc   0x00000008   Data   RO         5340    .constdata          uCGUI_DEMO.lib(f08_1.o)
    0x0800f7d4   0x00000008   Data   RO         5341    .constdata          uCGUI_DEMO.lib(f08_1.o)
    0x0800f7dc   0x00000008   Data   RO         5342    .constdata          uCGUI_DEMO.lib(f08_1.o)
    0x0800f7e4   0x00000008   Data   RO         5343    .constdata          uCGUI_DEMO.lib(f08_1.o)
    0x0800f7ec   0x00000008   Data   RO         5344    .constdata          uCGUI_DEMO.lib(f08_1.o)
    0x0800f7f4   0x00000008   Data   RO         5345    .constdata          uCGUI_DEMO.lib(f08_1.o)
    0x0800f7fc   0x00000008   Data   RO         5346    .constdata          uCGUI_DEMO.lib(f08_1.o)
    0x0800f804   0x00000008   Data   RO         5347    .constdata          uCGUI_DEMO.lib(f08_1.o)
    0x0800f80c   0x00000008   Data   RO         5348    .constdata          uCGUI_DEMO.lib(f08_1.o)
    0x0800f814   0x00000008   Data   RO         5349    .constdata          uCGUI_DEMO.lib(f08_1.o)
    0x0800f81c   0x00000008   Data   RO         5350    .constdata          uCGUI_DEMO.lib(f08_1.o)
    0x0800f824   0x00000008   Data   RO         5351    .constdata          uCGUI_DEMO.lib(f08_1.o)
    0x0800f82c   0x00000008   Data   RO         5352    .constdata          uCGUI_DEMO.lib(f08_1.o)
    0x0800f834   0x00000008   Data   RO         5353    .constdata          uCGUI_DEMO.lib(f08_1.o)
    0x0800f83c   0x00000008   Data   RO         5354    .constdata          uCGUI_DEMO.lib(f08_1.o)
    0x0800f844   0x00000008   Data   RO         5355    .constdata          uCGUI_DEMO.lib(f08_1.o)
    0x0800f84c   0x00000008   Data   RO         5356    .constdata          uCGUI_DEMO.lib(f08_1.o)
    0x0800f854   0x00000008   Data   RO         5357    .constdata          uCGUI_DEMO.lib(f08_1.o)
    0x0800f85c   0x00000008   Data   RO         5358    .constdata          uCGUI_DEMO.lib(f08_1.o)
    0x0800f864   0x00000008   Data   RO         5359    .constdata          uCGUI_DEMO.lib(f08_1.o)
    0x0800f86c   0x00000008   Data   RO         5360    .constdata          uCGUI_DEMO.lib(f08_1.o)
    0x0800f874   0x00000008   Data   RO         5361    .constdata          uCGUI_DEMO.lib(f08_1.o)
    0x0800f87c   0x00000008   Data   RO         5362    .constdata          uCGUI_DEMO.lib(f08_1.o)
    0x0800f884   0x00000008   Data   RO         5363    .constdata          uCGUI_DEMO.lib(f08_1.o)
    0x0800f88c   0x00000008   Data   RO         5364    .constdata          uCGUI_DEMO.lib(f08_1.o)
    0x0800f894   0x00000300   Data   RO         5365    .constdata          uCGUI_DEMO.lib(f08_1.o)
    0x0800fb94   0x0000000c   Data   RO         5366    .constdata          uCGUI_DEMO.lib(f08_1.o)
    0x0800fba0   0x00000020   Data   RO         5367    .constdata          uCGUI_DEMO.lib(f08_1.o)
    0x0800fbc0   0x0000000d   Data   RO         5380    .constdata          uCGUI_DEMO.lib(f13_1.o)
    0x0800fbcd   0x0000000d   Data   RO         5381    .constdata          uCGUI_DEMO.lib(f13_1.o)
    0x0800fbda   0x0000000d   Data   RO         5382    .constdata          uCGUI_DEMO.lib(f13_1.o)
    0x0800fbe7   0x0000000d   Data   RO         5383    .constdata          uCGUI_DEMO.lib(f13_1.o)
    0x0800fbf4   0x0000000d   Data   RO         5384    .constdata          uCGUI_DEMO.lib(f13_1.o)
    0x0800fc01   0x0000000d   Data   RO         5385    .constdata          uCGUI_DEMO.lib(f13_1.o)
    0x0800fc0e   0x0000000d   Data   RO         5386    .constdata          uCGUI_DEMO.lib(f13_1.o)
    0x0800fc1b   0x0000000d   Data   RO         5387    .constdata          uCGUI_DEMO.lib(f13_1.o)
    0x0800fc28   0x0000000d   Data   RO         5388    .constdata          uCGUI_DEMO.lib(f13_1.o)
    0x0800fc35   0x0000001a   Data   RO         5389    .constdata          uCGUI_DEMO.lib(f13_1.o)
    0x0800fc4f   0x0000000d   Data   RO         5390    .constdata          uCGUI_DEMO.lib(f13_1.o)
    0x0800fc5c   0x0000000d   Data   RO         5391    .constdata          uCGUI_DEMO.lib(f13_1.o)
    0x0800fc69   0x0000000d   Data   RO         5392    .constdata          uCGUI_DEMO.lib(f13_1.o)
    0x0800fc76   0x0000000d   Data   RO         5393    .constdata          uCGUI_DEMO.lib(f13_1.o)
    0x0800fc83   0x0000001a   Data   RO         5394    .constdata          uCGUI_DEMO.lib(f13_1.o)
    0x0800fc9d   0x0000000d   Data   RO         5395    .constdata          uCGUI_DEMO.lib(f13_1.o)
    0x0800fcaa   0x0000000d   Data   RO         5396    .constdata          uCGUI_DEMO.lib(f13_1.o)
    0x0800fcb7   0x0000000d   Data   RO         5397    .constdata          uCGUI_DEMO.lib(f13_1.o)
    0x0800fcc4   0x0000000d   Data   RO         5398    .constdata          uCGUI_DEMO.lib(f13_1.o)
    0x0800fcd1   0x0000000d   Data   RO         5399    .constdata          uCGUI_DEMO.lib(f13_1.o)
    0x0800fcde   0x0000000d   Data   RO         5400    .constdata          uCGUI_DEMO.lib(f13_1.o)
    0x0800fceb   0x0000000d   Data   RO         5401    .constdata          uCGUI_DEMO.lib(f13_1.o)
    0x0800fcf8   0x0000000d   Data   RO         5402    .constdata          uCGUI_DEMO.lib(f13_1.o)
    0x0800fd05   0x0000000d   Data   RO         5403    .constdata          uCGUI_DEMO.lib(f13_1.o)
    0x0800fd12   0x0000000d   Data   RO         5404    .constdata          uCGUI_DEMO.lib(f13_1.o)
    0x0800fd1f   0x0000000d   Data   RO         5405    .constdata          uCGUI_DEMO.lib(f13_1.o)
    0x0800fd2c   0x0000000d   Data   RO         5406    .constdata          uCGUI_DEMO.lib(f13_1.o)
    0x0800fd39   0x0000000d   Data   RO         5407    .constdata          uCGUI_DEMO.lib(f13_1.o)
    0x0800fd46   0x0000001a   Data   RO         5408    .constdata          uCGUI_DEMO.lib(f13_1.o)
    0x0800fd60   0x0000001a   Data   RO         5409    .constdata          uCGUI_DEMO.lib(f13_1.o)
    0x0800fd7a   0x0000001a   Data   RO         5410    .constdata          uCGUI_DEMO.lib(f13_1.o)
    0x0800fd94   0x0000000d   Data   RO         5411    .constdata          uCGUI_DEMO.lib(f13_1.o)
    0x0800fda1   0x0000000d   Data   RO         5412    .constdata          uCGUI_DEMO.lib(f13_1.o)
    0x0800fdae   0x0000000d   Data   RO         5413    .constdata          uCGUI_DEMO.lib(f13_1.o)
    0x0800fdbb   0x0000000d   Data   RO         5414    .constdata          uCGUI_DEMO.lib(f13_1.o)
    0x0800fdc8   0x0000000d   Data   RO         5415    .constdata          uCGUI_DEMO.lib(f13_1.o)
    0x0800fdd5   0x0000000d   Data   RO         5416    .constdata          uCGUI_DEMO.lib(f13_1.o)
    0x0800fde2   0x0000000d   Data   RO         5417    .constdata          uCGUI_DEMO.lib(f13_1.o)
    0x0800fdef   0x0000001a   Data   RO         5418    .constdata          uCGUI_DEMO.lib(f13_1.o)
    0x0800fe09   0x0000000d   Data   RO         5419    .constdata          uCGUI_DEMO.lib(f13_1.o)
    0x0800fe16   0x0000000d   Data   RO         5420    .constdata          uCGUI_DEMO.lib(f13_1.o)
    0x0800fe23   0x0000000d   Data   RO         5421    .constdata          uCGUI_DEMO.lib(f13_1.o)
    0x0800fe30   0x0000000d   Data   RO         5422    .constdata          uCGUI_DEMO.lib(f13_1.o)
    0x0800fe3d   0x0000000d   Data   RO         5423    .constdata          uCGUI_DEMO.lib(f13_1.o)
    0x0800fe4a   0x0000000d   Data   RO         5424    .constdata          uCGUI_DEMO.lib(f13_1.o)
    0x0800fe57   0x0000000d   Data   RO         5425    .constdata          uCGUI_DEMO.lib(f13_1.o)
    0x0800fe64   0x0000000d   Data   RO         5426    .constdata          uCGUI_DEMO.lib(f13_1.o)
    0x0800fe71   0x0000000d   Data   RO         5427    .constdata          uCGUI_DEMO.lib(f13_1.o)
    0x0800fe7e   0x0000000d   Data   RO         5428    .constdata          uCGUI_DEMO.lib(f13_1.o)
    0x0800fe8b   0x0000000d   Data   RO         5429    .constdata          uCGUI_DEMO.lib(f13_1.o)
    0x0800fe98   0x0000000d   Data   RO         5430    .constdata          uCGUI_DEMO.lib(f13_1.o)
    0x0800fea5   0x0000000d   Data   RO         5431    .constdata          uCGUI_DEMO.lib(f13_1.o)
    0x0800feb2   0x0000000d   Data   RO         5432    .constdata          uCGUI_DEMO.lib(f13_1.o)
    0x0800febf   0x0000000d   Data   RO         5433    .constdata          uCGUI_DEMO.lib(f13_1.o)
    0x0800fecc   0x0000000d   Data   RO         5434    .constdata          uCGUI_DEMO.lib(f13_1.o)
    0x0800fed9   0x0000000d   Data   RO         5435    .constdata          uCGUI_DEMO.lib(f13_1.o)
    0x0800fee6   0x0000000d   Data   RO         5436    .constdata          uCGUI_DEMO.lib(f13_1.o)
    0x0800fef3   0x0000000d   Data   RO         5437    .constdata          uCGUI_DEMO.lib(f13_1.o)
    0x0800ff00   0x0000000d   Data   RO         5438    .constdata          uCGUI_DEMO.lib(f13_1.o)
    0x0800ff0d   0x0000000d   Data   RO         5439    .constdata          uCGUI_DEMO.lib(f13_1.o)
    0x0800ff1a   0x0000000d   Data   RO         5440    .constdata          uCGUI_DEMO.lib(f13_1.o)
    0x0800ff27   0x0000000d   Data   RO         5441    .constdata          uCGUI_DEMO.lib(f13_1.o)
    0x0800ff34   0x0000000d   Data   RO         5442    .constdata          uCGUI_DEMO.lib(f13_1.o)
    0x0800ff41   0x0000000d   Data   RO         5443    .constdata          uCGUI_DEMO.lib(f13_1.o)
    0x0800ff4e   0x0000000d   Data   RO         5444    .constdata          uCGUI_DEMO.lib(f13_1.o)
    0x0800ff5b   0x0000000d   Data   RO         5445    .constdata          uCGUI_DEMO.lib(f13_1.o)
    0x0800ff68   0x0000000d   Data   RO         5446    .constdata          uCGUI_DEMO.lib(f13_1.o)
    0x0800ff75   0x0000000d   Data   RO         5447    .constdata          uCGUI_DEMO.lib(f13_1.o)
    0x0800ff82   0x0000000d   Data   RO         5448    .constdata          uCGUI_DEMO.lib(f13_1.o)
    0x0800ff8f   0x0000000d   Data   RO         5449    .constdata          uCGUI_DEMO.lib(f13_1.o)
    0x0800ff9c   0x0000001a   Data   RO         5450    .constdata          uCGUI_DEMO.lib(f13_1.o)
    0x0800ffb6   0x0000000d   Data   RO         5451    .constdata          uCGUI_DEMO.lib(f13_1.o)
    0x0800ffc3   0x0000000d   Data   RO         5452    .constdata          uCGUI_DEMO.lib(f13_1.o)
    0x0800ffd0   0x0000000d   Data   RO         5453    .constdata          uCGUI_DEMO.lib(f13_1.o)
    0x0800ffdd   0x0000000d   Data   RO         5454    .constdata          uCGUI_DEMO.lib(f13_1.o)
    0x0800ffea   0x0000000d   Data   RO         5455    .constdata          uCGUI_DEMO.lib(f13_1.o)
    0x0800fff7   0x0000000d   Data   RO         5456    .constdata          uCGUI_DEMO.lib(f13_1.o)
    0x08010004   0x0000000d   Data   RO         5457    .constdata          uCGUI_DEMO.lib(f13_1.o)
    0x08010011   0x0000000d   Data   RO         5458    .constdata          uCGUI_DEMO.lib(f13_1.o)
    0x0801001e   0x0000000d   Data   RO         5459    .constdata          uCGUI_DEMO.lib(f13_1.o)
    0x0801002b   0x0000000d   Data   RO         5460    .constdata          uCGUI_DEMO.lib(f13_1.o)
    0x08010038   0x0000000d   Data   RO         5461    .constdata          uCGUI_DEMO.lib(f13_1.o)
    0x08010045   0x0000000d   Data   RO         5462    .constdata          uCGUI_DEMO.lib(f13_1.o)
    0x08010052   0x0000000d   Data   RO         5463    .constdata          uCGUI_DEMO.lib(f13_1.o)
    0x0801005f   0x0000000d   Data   RO         5464    .constdata          uCGUI_DEMO.lib(f13_1.o)
    0x0801006c   0x0000000d   Data   RO         5465    .constdata          uCGUI_DEMO.lib(f13_1.o)
    0x08010079   0x0000000d   Data   RO         5466    .constdata          uCGUI_DEMO.lib(f13_1.o)
    0x08010086   0x0000000d   Data   RO         5467    .constdata          uCGUI_DEMO.lib(f13_1.o)
    0x08010093   0x0000000d   Data   RO         5468    .constdata          uCGUI_DEMO.lib(f13_1.o)
    0x080100a0   0x0000000d   Data   RO         5469    .constdata          uCGUI_DEMO.lib(f13_1.o)
    0x080100ad   0x0000000d   Data   RO         5470    .constdata          uCGUI_DEMO.lib(f13_1.o)
    0x080100ba   0x0000000d   Data   RO         5471    .constdata          uCGUI_DEMO.lib(f13_1.o)
    0x080100c7   0x0000000d   Data   RO         5472    .constdata          uCGUI_DEMO.lib(f13_1.o)
    0x080100d4   0x0000000d   Data   RO         5473    .constdata          uCGUI_DEMO.lib(f13_1.o)
    0x080100e1   0x0000000d   Data   RO         5474    .constdata          uCGUI_DEMO.lib(f13_1.o)
    0x080100ee   0x0000000d   Data   RO         5475    .constdata          uCGUI_DEMO.lib(f13_1.o)
    0x080100fb   0x00000001   PAD
    0x080100fc   0x00000300   Data   RO         5476    .constdata          uCGUI_DEMO.lib(f13_1.o)
    0x080103fc   0x0000000c   Data   RO         5477    .constdata          uCGUI_DEMO.lib(f13_1.o)
    0x08010408   0x00000020   Data   RO         5478    .constdata          uCGUI_DEMO.lib(f13_1.o)
    0x08010428   0x00000020   Data   RO         5504    .constdata          uCGUI_DEMO.lib(guidev_16.o)
    0x08010448   0x00000040   Data   RO         5505    .constdata          uCGUI_DEMO.lib(guidev_16.o)
    0x08010488   0x00000018   Data   RO         5597    .constdata          uCGUI_DEMO.lib(widget_effect_3d.o)
    0x080104a0   0x00000044   Data   RO         5947    .constdata          uCGUI_DEMO.lib(gui2dlib.o)
    0x080104e4   0x00000100   Data   RO         6133    .constdata          uCGUI_DEMO.lib(lcd_mirror.o)
    0x080105e4   0x000002f8   Data   RO         6145    .constdata          uCGUI_DEMO.lib(f08_ascii.o)
    0x080108dc   0x000002f8   Data   RO         6146    .constdata          uCGUI_DEMO.lib(f08_ascii.o)
    0x08010bd4   0x0000000c   Data   RO         6147    .constdata          uCGUI_DEMO.lib(f08_ascii.o)
    0x08010be0   0x0000000d   Data   RO         6165    .constdata          uCGUI_DEMO.lib(f13_ascii.o)
    0x08010bed   0x0000000d   Data   RO         6166    .constdata          uCGUI_DEMO.lib(f13_ascii.o)
    0x08010bfa   0x0000000d   Data   RO         6167    .constdata          uCGUI_DEMO.lib(f13_ascii.o)
    0x08010c07   0x0000000d   Data   RO         6168    .constdata          uCGUI_DEMO.lib(f13_ascii.o)
    0x08010c14   0x0000000d   Data   RO         6169    .constdata          uCGUI_DEMO.lib(f13_ascii.o)
    0x08010c21   0x0000001a   Data   RO         6170    .constdata          uCGUI_DEMO.lib(f13_ascii.o)
    0x08010c3b   0x0000000d   Data   RO         6171    .constdata          uCGUI_DEMO.lib(f13_ascii.o)
    0x08010c48   0x0000000d   Data   RO         6172    .constdata          uCGUI_DEMO.lib(f13_ascii.o)
    0x08010c55   0x0000000d   Data   RO         6173    .constdata          uCGUI_DEMO.lib(f13_ascii.o)
    0x08010c62   0x0000000d   Data   RO         6174    .constdata          uCGUI_DEMO.lib(f13_ascii.o)
    0x08010c6f   0x0000000d   Data   RO         6175    .constdata          uCGUI_DEMO.lib(f13_ascii.o)
    0x08010c7c   0x0000000d   Data   RO         6176    .constdata          uCGUI_DEMO.lib(f13_ascii.o)
    0x08010c89   0x0000000d   Data   RO         6177    .constdata          uCGUI_DEMO.lib(f13_ascii.o)
    0x08010c96   0x0000000d   Data   RO         6178    .constdata          uCGUI_DEMO.lib(f13_ascii.o)
    0x08010ca3   0x0000000d   Data   RO         6179    .constdata          uCGUI_DEMO.lib(f13_ascii.o)
    0x08010cb0   0x0000000d   Data   RO         6180    .constdata          uCGUI_DEMO.lib(f13_ascii.o)
    0x08010cbd   0x0000000d   Data   RO         6181    .constdata          uCGUI_DEMO.lib(f13_ascii.o)
    0x08010cca   0x0000000d   Data   RO         6182    .constdata          uCGUI_DEMO.lib(f13_ascii.o)
    0x08010cd7   0x0000000d   Data   RO         6183    .constdata          uCGUI_DEMO.lib(f13_ascii.o)
    0x08010ce4   0x0000000d   Data   RO         6184    .constdata          uCGUI_DEMO.lib(f13_ascii.o)
    0x08010cf1   0x0000000d   Data   RO         6185    .constdata          uCGUI_DEMO.lib(f13_ascii.o)
    0x08010cfe   0x0000000d   Data   RO         6186    .constdata          uCGUI_DEMO.lib(f13_ascii.o)
    0x08010d0b   0x0000000d   Data   RO         6187    .constdata          uCGUI_DEMO.lib(f13_ascii.o)
    0x08010d18   0x0000000d   Data   RO         6188    .constdata          uCGUI_DEMO.lib(f13_ascii.o)
    0x08010d25   0x0000000d   Data   RO         6189    .constdata          uCGUI_DEMO.lib(f13_ascii.o)
    0x08010d32   0x0000000d   Data   RO         6190    .constdata          uCGUI_DEMO.lib(f13_ascii.o)
    0x08010d3f   0x0000000d   Data   RO         6191    .constdata          uCGUI_DEMO.lib(f13_ascii.o)
    0x08010d4c   0x0000000d   Data   RO         6192    .constdata          uCGUI_DEMO.lib(f13_ascii.o)
    0x08010d59   0x0000000d   Data   RO         6193    .constdata          uCGUI_DEMO.lib(f13_ascii.o)
    0x08010d66   0x0000000d   Data   RO         6194    .constdata          uCGUI_DEMO.lib(f13_ascii.o)
    0x08010d73   0x0000000d   Data   RO         6195    .constdata          uCGUI_DEMO.lib(f13_ascii.o)
    0x08010d80   0x0000000d   Data   RO         6196    .constdata          uCGUI_DEMO.lib(f13_ascii.o)
    0x08010d8d   0x0000001a   Data   RO         6197    .constdata          uCGUI_DEMO.lib(f13_ascii.o)
    0x08010da7   0x0000000d   Data   RO         6198    .constdata          uCGUI_DEMO.lib(f13_ascii.o)
    0x08010db4   0x0000000d   Data   RO         6199    .constdata          uCGUI_DEMO.lib(f13_ascii.o)
    0x08010dc1   0x0000000d   Data   RO         6200    .constdata          uCGUI_DEMO.lib(f13_ascii.o)
    0x08010dce   0x0000000d   Data   RO         6201    .constdata          uCGUI_DEMO.lib(f13_ascii.o)
    0x08010ddb   0x0000000d   Data   RO         6202    .constdata          uCGUI_DEMO.lib(f13_ascii.o)
    0x08010de8   0x0000000d   Data   RO         6203    .constdata          uCGUI_DEMO.lib(f13_ascii.o)
    0x08010df5   0x0000000d   Data   RO         6204    .constdata          uCGUI_DEMO.lib(f13_ascii.o)
    0x08010e02   0x0000000d   Data   RO         6205    .constdata          uCGUI_DEMO.lib(f13_ascii.o)
    0x08010e0f   0x0000000d   Data   RO         6206    .constdata          uCGUI_DEMO.lib(f13_ascii.o)
    0x08010e1c   0x0000000d   Data   RO         6207    .constdata          uCGUI_DEMO.lib(f13_ascii.o)
    0x08010e29   0x0000000d   Data   RO         6208    .constdata          uCGUI_DEMO.lib(f13_ascii.o)
    0x08010e36   0x0000000d   Data   RO         6209    .constdata          uCGUI_DEMO.lib(f13_ascii.o)
    0x08010e43   0x0000000d   Data   RO         6210    .constdata          uCGUI_DEMO.lib(f13_ascii.o)
    0x08010e50   0x0000000d   Data   RO         6211    .constdata          uCGUI_DEMO.lib(f13_ascii.o)
    0x08010e5d   0x0000000d   Data   RO         6212    .constdata          uCGUI_DEMO.lib(f13_ascii.o)
    0x08010e6a   0x0000000d   Data   RO         6213    .constdata          uCGUI_DEMO.lib(f13_ascii.o)
    0x08010e77   0x0000000d   Data   RO         6214    .constdata          uCGUI_DEMO.lib(f13_ascii.o)
    0x08010e84   0x0000000d   Data   RO         6215    .constdata          uCGUI_DEMO.lib(f13_ascii.o)
    0x08010e91   0x0000000d   Data   RO         6216    .constdata          uCGUI_DEMO.lib(f13_ascii.o)
    0x08010e9e   0x0000000d   Data   RO         6217    .constdata          uCGUI_DEMO.lib(f13_ascii.o)
    0x08010eab   0x0000000d   Data   RO         6218    .constdata          uCGUI_DEMO.lib(f13_ascii.o)
    0x08010eb8   0x0000000d   Data   RO         6219    .constdata          uCGUI_DEMO.lib(f13_ascii.o)
    0x08010ec5   0x0000001a   Data   RO         6220    .constdata          uCGUI_DEMO.lib(f13_ascii.o)
    0x08010edf   0x0000000d   Data   RO         6221    .constdata          uCGUI_DEMO.lib(f13_ascii.o)
    0x08010eec   0x0000000d   Data   RO         6222    .constdata          uCGUI_DEMO.lib(f13_ascii.o)
    0x08010ef9   0x0000000d   Data   RO         6223    .constdata          uCGUI_DEMO.lib(f13_ascii.o)
    0x08010f06   0x0000000d   Data   RO         6224    .constdata          uCGUI_DEMO.lib(f13_ascii.o)
    0x08010f13   0x0000000d   Data   RO         6225    .constdata          uCGUI_DEMO.lib(f13_ascii.o)
    0x08010f20   0x0000000d   Data   RO         6226    .constdata          uCGUI_DEMO.lib(f13_ascii.o)
    0x08010f2d   0x0000000d   Data   RO         6227    .constdata          uCGUI_DEMO.lib(f13_ascii.o)
    0x08010f3a   0x0000000d   Data   RO         6228    .constdata          uCGUI_DEMO.lib(f13_ascii.o)
    0x08010f47   0x0000000d   Data   RO         6229    .constdata          uCGUI_DEMO.lib(f13_ascii.o)
    0x08010f54   0x0000000d   Data   RO         6230    .constdata          uCGUI_DEMO.lib(f13_ascii.o)
    0x08010f61   0x0000000d   Data   RO         6231    .constdata          uCGUI_DEMO.lib(f13_ascii.o)
    0x08010f6e   0x0000000d   Data   RO         6232    .constdata          uCGUI_DEMO.lib(f13_ascii.o)
    0x08010f7b   0x0000000d   Data   RO         6233    .constdata          uCGUI_DEMO.lib(f13_ascii.o)
    0x08010f88   0x0000000d   Data   RO         6234    .constdata          uCGUI_DEMO.lib(f13_ascii.o)
    0x08010f95   0x0000000d   Data   RO         6235    .constdata          uCGUI_DEMO.lib(f13_ascii.o)
    0x08010fa2   0x0000000d   Data   RO         6236    .constdata          uCGUI_DEMO.lib(f13_ascii.o)
    0x08010faf   0x0000000d   Data   RO         6237    .constdata          uCGUI_DEMO.lib(f13_ascii.o)
    0x08010fbc   0x0000000d   Data   RO         6238    .constdata          uCGUI_DEMO.lib(f13_ascii.o)
    0x08010fc9   0x0000000d   Data   RO         6239    .constdata          uCGUI_DEMO.lib(f13_ascii.o)
    0x08010fd6   0x0000000d   Data   RO         6240    .constdata          uCGUI_DEMO.lib(f13_ascii.o)
    0x08010fe3   0x0000000d   Data   RO         6241    .constdata          uCGUI_DEMO.lib(f13_ascii.o)
    0x08010ff0   0x0000000d   Data   RO         6242    .constdata          uCGUI_DEMO.lib(f13_ascii.o)
    0x08010ffd   0x0000000d   Data   RO         6243    .constdata          uCGUI_DEMO.lib(f13_ascii.o)
    0x0801100a   0x0000000d   Data   RO         6244    .constdata          uCGUI_DEMO.lib(f13_ascii.o)
    0x08011017   0x0000000d   Data   RO         6245    .constdata          uCGUI_DEMO.lib(f13_ascii.o)
    0x08011024   0x0000000d   Data   RO         6246    .constdata          uCGUI_DEMO.lib(f13_ascii.o)
    0x08011031   0x0000000d   Data   RO         6247    .constdata          uCGUI_DEMO.lib(f13_ascii.o)
    0x0801103e   0x0000000d   Data   RO         6248    .constdata          uCGUI_DEMO.lib(f13_ascii.o)
    0x0801104b   0x0000000d   Data   RO         6249    .constdata          uCGUI_DEMO.lib(f13_ascii.o)
    0x08011058   0x0000000d   Data   RO         6250    .constdata          uCGUI_DEMO.lib(f13_ascii.o)
    0x08011065   0x0000000d   Data   RO         6251    .constdata          uCGUI_DEMO.lib(f13_ascii.o)
    0x08011072   0x0000000d   Data   RO         6252    .constdata          uCGUI_DEMO.lib(f13_ascii.o)
    0x0801107f   0x0000000d   Data   RO         6253    .constdata          uCGUI_DEMO.lib(f13_ascii.o)
    0x0801108c   0x0000000d   Data   RO         6254    .constdata          uCGUI_DEMO.lib(f13_ascii.o)
    0x08011099   0x0000000d   Data   RO         6255    .constdata          uCGUI_DEMO.lib(f13_ascii.o)
    0x080110a6   0x0000000d   Data   RO         6256    .constdata          uCGUI_DEMO.lib(f13_ascii.o)
    0x080110b3   0x0000000d   Data   RO         6257    .constdata          uCGUI_DEMO.lib(f13_ascii.o)
    0x080110c0   0x0000000d   Data   RO         6258    .constdata          uCGUI_DEMO.lib(f13_ascii.o)
    0x080110cd   0x0000000d   Data   RO         6259    .constdata          uCGUI_DEMO.lib(f13_ascii.o)
    0x080110da   0x00000002   PAD
    0x080110dc   0x000002f8   Data   RO         6260    .constdata          uCGUI_DEMO.lib(f13_ascii.o)
    0x080113d4   0x0000000c   Data   RO         6261    .constdata          uCGUI_DEMO.lib(f13_ascii.o)
    0x080113e0   0x00000018   Data   RO         6292    .constdata          uCGUI_DEMO.lib(guidev_usagebm.o)
    0x080113f8   0x00000045   Data   RO          716    .conststring        fun.o
    0x0801143d   0x00000003   PAD
    0x08011440   0x00000020   Data   RO         6666    Region$$Table       anon$$obj.o


    Execution Region RW_IRAM1 (Base: 0x20000000, Size: 0x000048e8, Max: 0x00010000, ABSOLUTE, COMPRESSED[0x00000050])

    Base Addr    Size         Type   Attr      Idx    E Section Name        Object

    0x20000000   0x00000001   Data   RW           34    .data               app.o
    0x20000001   0x00000003   PAD
    0x20000004   0x00000016   Data   RW           36    .data               app.o
    0x2000001a   0x0000000c   Data   RW          718    .data               fun.o
    0x20000026   0x00000014   Data   RW         1466    .data               stm32f10x_rcc.o
    0x2000003a   0x00000002   PAD
    0x2000003c   0x00000038   Data   RW         2346    .data               os_core.o
    0x20000074   0x00000004   Data   RW         2347    .data               os_core.o
    0x20000078   0x00000014   Data   RW         3014    .data               gui_x_ucos.o
    0x2000008c   0x00000034   Data   RW         3494    .data               uCGUI_DEMO.lib(gui_touch_driveranalog.o)
    0x200000c0   0x00000001   Data   RW         3571    .data               uCGUI_DEMO.lib(guicore.o)
    0x200000c1   0x00000003   PAD
    0x200000c4   0x00000004   Data   RW         3572    .data               uCGUI_DEMO.lib(guicore.o)
    0x200000c8   0x00000004   Data   RW         3573    .data               uCGUI_DEMO.lib(guicore.o)
    0x200000cc   0x00000004   Data   RW         3574    .data               uCGUI_DEMO.lib(guicore.o)
    0x200000d0   0x00000004   Data   RW         3575    .data               uCGUI_DEMO.lib(guicore.o)
    0x200000d4   0x00000004   Data   RW         3576    .data               uCGUI_DEMO.lib(guicore.o)
    0x200000d8   0x00000004   Data   RW         3577    .data               uCGUI_DEMO.lib(guicore.o)
    0x200000dc   0x00000030   Data   RW         3605    .data               uCGUI_DEMO.lib(guicurs.o)
    0x2000010c   0x00000004   Data   RW         3883    .data               uCGUI_DEMO.lib(dialog.o)
    0x20000110   0x00000028   Data   RW         4057    .data               uCGUI_DEMO.lib(wm.o)
    0x20000138   0x00000001   Data   RW         4058    .data               uCGUI_DEMO.lib(wm.o)
    0x20000139   0x00000003   PAD
    0x2000013c   0x00000010   Data   RW         4237    .data               uCGUI_DEMO.lib(gui_onkey.o)
    0x2000014c   0x00000008   Data   RW         4310    .data               uCGUI_DEMO.lib(gui_touch_storeunstable.o)
    0x20000154   0x00000001   Data   RW         4344    .data               uCGUI_DEMO.lib(guialloc.o)
    0x20000155   0x00000003   PAD
    0x20000158   0x0000000c   Data   RW         4373    .data               uCGUI_DEMO.lib(guitask.o)
    0x20000164   0x00000004   Data   RW         4400    .data               uCGUI_DEMO.lib(lcd_api.o)
    0x20000168   0x00000024   Data   RW         4712    .data               uCGUI_DEMO.lib(framewin.o)
    0x2000018c   0x00000008   Data   RW         4743    .data               uCGUI_DEMO.lib(text.o)
    0x20000194   0x00000004   Data   RW         4760    .data               uCGUI_DEMO.lib(widget.o)
    0x20000198   0x00000010   Data   RW         4901    .data               uCGUI_DEMO.lib(wmtouch.o)
    0x200001a8   0x00000004   Data   RW         5873    .data               uCGUI_DEMO.lib(wm_setcapturemove.o)
    0x200001ac   0x00000004   Data   RW         6427    .data               uCGUI_DEMO.lib(gui_fillpolygon.o)
    0x200001b0   0x000000c8   Zero   RW           28    .bss                app.o
    0x20000278   0x00001800   Zero   RW           29    .bss                app.o
    0x20001a78   0x000009e0   Zero   RW         2343    .bss                os_core.o
    0x20002458   0x0000008c   Zero   RW         2344    .bss                os_core.o
    0x200024e4   0x00000060   Zero   RW         3569    .bss                uCGUI_DEMO.lib(guicore.o)
    0x20002544   0x0000000c   Zero   RW         4055    .bss                uCGUI_DEMO.lib(wm.o)
    0x20002550   0x00000018   Zero   RW         4056    .bss                uCGUI_DEMO.lib(wm.o)
    0x20002568   0x00001750   Zero   RW         4343    .bss                uCGUI_DEMO.lib(guialloc.o)
    0x20003cb8   0x00000190   Zero   RW         4372    .bss                uCGUI_DEMO.lib(guitask.o)
    0x20003e48   0x0000000c   Zero   RW         5128    .bss                uCGUI_DEMO.lib(gui_pid.o)
    0x20003e54   0x0000000c   Zero   RW         5202    .bss                uCGUI_DEMO.lib(gui_touch_storestate.o)
    0x20003e60   0x00000200   Zero   RW         5227    .bss                uCGUI_DEMO.lib(lcdcolor.o)
    0x20004060   0x0000000c   Zero   RW         6059    .bss                uCGUI_DEMO.lib(gui_touch.o)
    0x2000406c   0x00000018   Zero   RW         6426    .bss                uCGUI_DEMO.lib(gui_fillpolygon.o)
    0x20004084   0x00000060   Zero   RW         6541    .bss                c_w.l(libspace.o)
    0x200040e4   0x00000004   PAD
    0x200040e8   0x00000400   Zero   RW            2    HEAP                stm32f10x_startup.o
    0x200044e8   0x00000400   Zero   RW            1    STACK               stm32f10x_startup.o


==============================================================================

Image component sizes


      Code (inc. data)   RO Data    RW Data    ZI Data      Debug   Object Name

       470         60          0         23       6344     293387   app.o
      1022         68          0          0          0      25639   bsp.o
        22          0          0          0          0        420   cpu_a.o
       232         10          0          0          0        876   fsmc_sram.o
       284         40        213         12          0      16249   fun.o
       236          8         40          0          0      13135   gui_x_touch.o
       102         26          0         20          0       4311   gui_x_ucos.o
        92          8          0          0          0       3341   lcd.o
       476          0          0          0          0       1955   lcd_api.o
      2016         70          0          0          0      13578   lcd_ucgui.o
       606         22          0          0          0       4065   lcddrv.o
       120         14          0          0          0       2059   misc.o
      1658        184        256         60       2668      29129   os_core.o
       168         40          0          0          0        472   os_cpu_a.o
       116          0          0          0          0      16184   os_cpu_c.o
        68         10          0          0          0       9567   os_flag.o
        72         10          0          0          0        883   os_mbox.o
       340         24          0          0          0       3278   os_sem.o
       570         44          0          0          0       5792   os_task.o
       212         28          0          0          0       2520   os_time.o
       308         10          0          0          0       9273   stm32f10x_adc.o
       412         28          0          0          0       6575   stm32f10x_dma.o
       238          6          0          0          0       2357   stm32f10x_fsmc.o
       174          0          0          0          0       3724   stm32f10x_gpio.o
       312         32          0          0          0      26478   stm32f10x_it.o
       228         30          0         20          0       5409   stm32f10x_rcc.o
       102          0          0          0          0       4826   stm32f10x_spi.o
       308        280          0          0       2048        884   stm32f10x_startup.o
       212          6          0          0          0       3477   stm32f10x_usart.o
       260         26          0          0          0       2553   system_stm32f10x.o

    ----------------------------------------------------------------------
     11470       1084        544        140      11060     512396   Object Totals
         0          0         32          0          0          0   (incl. Generated)
        34          0          3          5          0          0   (incl. Padding)

    ----------------------------------------------------------------------

      Code (inc. data)   RO Data    RW Data    ZI Data      Debug   Library Member Name

        90          0          0          0          0          0   __dczerorl2.o
         8          0          0          0          0         68   __main.o
         0          0          0          0          0          0   __rtentry.o
        12          0          0          0          0          0   __rtentry2.o
         6          0          0          0          0          0   __rtentry4.o
        52          8          0          0          0          0   __scatter.o
        28          0          0          0          0          0   __scatter_zi.o
        16          0          0          0          0         68   aeabi_memset.o
        12          0          0          0          0         72   exit.o
         6          0          0          0          0        152   heapauxi.o
         0          0          0          0          0          0   indicate_semi.o
         2          0          0          0          0          0   libinit.o
         2          0          0          0          0          0   libinit2.o
         2          0          0          0          0          0   libshutdown.o
         2          0          0          0          0          0   libshutdown2.o
         8          4          0          0         96         68   libspace.o
        88          0          0          0          0         76   memcmp.o
        68          0          0          0          0         68   rt_memclr.o
        78          0          0          0          0         80   rt_memclr_w.o
       138          0          0          0          0         68   rt_memcpy_v6.o
       100          0          0          0          0         80   rt_memcpy_w.o
       132          0          0          0          0         68   rt_memmove_v6.o
       122          0          0          0          0         80   rt_memmove_w.o
         2          0          0          0          0          0   rtexit.o
        10          0          0          0          0          0   rtexit2.o
        72          0          0          0          0         80   strcpy.o
        62          0          0          0          0         76   strlen.o
        12          4          0          0          0         68   sys_exit.o
        74          0          0          0          0         80   sys_stackheap_outer.o
         2          0          0          0          0         68   use_no_semi.o
       260          4          0          4          0      34271   dialog.o
         0          0       1588          0          0       6120   f08_1.o
         0          0       1532          0          0       1040   f08_ascii.o
         0          0       2151          0          0       6520   f13_1.o
         0          0       2046          0          0       7063   f13_ascii.o
         0          0       1812          0          0       2438   f6x8.o
         0          0       4336          0          0      17042   fcomic18b_1.o
         0          0       3530          0          0       8249   fcomic18b_ascii.o
         0          0       5600          0          0       7205   fcomic24b_1.o
         0          0       5328          0          0       7010   fcomic24b_ascii.o
         0          0       1576          0          0       1254   fd32.o
      1688         18          0         36          0       9218   framewin.o
       212          0          0          0          0       1750   framewin__updatebuttons.o
        64          0          0          0          0        950   framewin_createindirect.o
        58          0          0          0          0       3132   framewin_setfont.o
      1528         18         68          0          0       9078   gui2dlib.o
       160          0          0          0          0       1668   gui__calctextrect.o
        16          4          0          0          0        624   gui__getfontsizey.o
        22          0          0          0          0        788   gui__handleeoline.o
        58          0          0          0          0       1173   gui__intersectrect.o
        82          0          0          0          0       1394   gui__intersectrects.o
        76          0          0          0          0        942   gui__memset.o
        58          0          0          0          0        932   gui__memset16.o
        26          0          0          0          0       1190   gui__reducerect.o
        66          0          0          0          0        883   gui__settext.o
        68          6          0          0          0       1033   gui__strcmp.o
        20          0          0          0          0        674   gui__strlen.o
        40          0          0          0          0        738   gui_alloc_alloczero.o
        20          0          0          0          0       1082   gui_clearrectex.o
         0          0         32          0          0      16124   gui_cursorarrowm.o
         0          0         60          0          0        876   gui_cursorarrowmpx.o
         0          0         24          0          0        900   gui_cursorpal.o
       244          4          0          0          0       1133   gui_dispstring.o
        36          4          0          0          0        795   gui_dispstringat.o
       400          6          0          0          0       2613   gui_dispstringinrect.o
       160          4          0          0          0       1396   gui_drawfocusrect.o
        84          6          0          0          0        776   gui_drawhline.o
        76          4          0          0          0        764   gui_drawvline.o
        52          4          0          0          0       1323   gui_exec.o
       564         12          0          4         24       4321   gui_fillpolygon.o
        88          6          0          0          0        811   gui_fillrect.o
        20          0          0          0          0       1069   gui_fillrectex.o
       138          0          0          0          0       1702   gui_getbitmappixelindex.o
        10          0          0          0          0       1188   gui_getclientrect.o
        88          0          0          0          0       1152   gui_getcolor.o
        20          0          0          0          0        659   gui_getfontsizey.o
        20          0          0          0          0        721   gui_getstringdistx.o
        16          0          0          0          0        828   gui_getysizeoffont.o
        76          6          0          0          0       1849   gui_goto.o
        90          0          0          0          0       1364   gui_mergerect.o
        30          0          0          0          0       1155   gui_moverect.o
       132          4          0         16          0      17909   gui_onkey.o
        84          4          0          0          0       1244   gui_pen.o
        64         14          0          0         12       1806   gui_pid.o
        56          0          0          0          0       1265   gui_rectsintersect.o
        24          6          0          0          0       1257   gui_savecontext.o
        26          0          0          0          0        636   gui_selectlcd.o
        44          0          0          0          0        866   gui_setcolor.o
        80          6          0          0          0        791   gui_setdefault.o
        24          0          0          0          0        710   gui_setdrawmode.o
        28          4          0          0          0        714   gui_setfont.o
        28          6          0          0          0        727   gui_setlinestyle.o
        28          4          0          0          0        715   gui_settextalign.o
        28          4          0          0          0        710   gui_settextmode.o
        60          4          0          0         12       1740   gui_touch.o
       348          4          0         52          0      28771   gui_touch_driveranalog.o
        32          4          0          0         12        723   gui_touch_storestate.o
        56          6          0          8          0       1408   gui_touch_storeunstable.o
       212          4          0          0          0       2276   gui_uc.o
        48         10         16          0          0       2124   gui_uc_encodenone.o
       792         16          0          1       5968       5938   guialloc.o
       188          8          0          0          0       2074   guichar.o
       328         12          0          0          0       2475   guicharline.o
       348          6          0          0          0       2313   guicharm.o
       264          4          0          0          0       2581   guicharp.o
      1012          4          0          0          0       4058   guicirc.o
       252         26          8         25         96       5992   guicore.o
      1348         38          0         48          0       6713   guicurs.o
       952         14          0          0          0       6073   guidev.o
      1888         18         96          0          0      38140   guidev_16.o
       242          0          0          0          0       2086   guidev_banding.o
        56          4          0          0          0       1347   guidev_clear.o
        44          6          0          0          0       1286   guidev_getysize.o
        52          4          0          0          0       1381   guidev_reduceysize.o
        88          4          0          0          0       1452   guidev_setorg.o
       108          4          0          0          0       1837   guidev_usage.o
       420          4         24          0          0       3802   guidev_usagebm.o
       232         14          0         12        400       2279   guitask.o
       860          8          0          0          0       5954   lcd.o
         0          0         64          4          0        934   lcd_api.o
        60          4          0          0          0        768   lcd_drawvline.o
        16          4          0          0          0        756   lcd_getcolorindex.o
        30          0          0          0          0       1159   lcd_l0_generic.o
         0          0        256          0          0        858   lcd_mirror.o
        32         10          0          0          0        588   lcd_selectlcd.o
        32          6          0          0          0       1180   lcd_setcliprectex.o
        32          4          0          0          0        653   lcd_updatecolorindices.o
        60          4          0          0        512       2118   lcdcolor.o
        44          0          0          0          0       1553   lcdinfo0.o
        28          0          0          0          0        897   lcdpm565.o
        52          0          0          0          0        823   lcdpm565_index2color.o
       296          8          0          8          0       3357   text.o
        58          0          0          0          0        922   text_createindirect.o
        36          0          0          0          0       1319   text_setfont.o
        44          0          0          0          0       1375   text_settext.o
        36          0          0          0          0       1292   text_settextcolor.o
      1000          6          0          4          0       8739   widget.o
       424         18         24          0          0       4424   widget_effect_3d.o
       256          4          0          0          0       1823   widget_fillstringinrect.o
      3464         64          0         41         36      24412   wm.o
        54          0          0          0          0       1318   wm__foreachdesc.o
        20          0          0          0          0        690   wm__getfirstsibling.o
        32          6          0          0          0        719   wm__getfocussedchild.o
        40          0          0          0          0       1205   wm__getprevsibling.o
        44          0          0          0          0       1568   wm__isancestor.o
        28          0          0          0          0       1230   wm__ischild.o
        20          0          0          0          0        680   wm__isenabled.o
        32          0          0          0          0       1294   wm__sendmessage.o
        28          0          0          0          0        775   wm__sendmessageifenabled.o
        42          0          0          0          0       1312   wm__sendmessagenopara.o
       230          0          0          0          0       1883   wm__updatechildpositions.o
        72          0          0          0          0       1379   wm_bringtobottom.o
        92          6          0          0          0       1628   wm_bringtotop.o
        52          4          0          0          0        997   wm_criticalhandle.o
        30          0          0          0          0       1225   wm_foreachdesc.o
        24          0          0          0          0        732   wm_getbkcolor.o
        80         10          0          0          0       1536   wm_getclientrect.o
        22          0          0          0          0        697   wm_getclientwindow.o
        12          4          0          0          0        622   wm_getdesktopwindow.o
        94          0          0          0          0       3632   wm_getdialogitem.o
        28          0          0          0          0        699   wm_getfirstchild.o
        16          0          0          0          0        655   wm_getid.o
        28          0          0          0          0        683   wm_getparent.o
       100         10          0          0          0       1630   wm_getwindowrect.o
       114          0          0          0          0       2130   wm_getwindowsize.o
        24          6          0          0          0        665   wm_hascaptured.o
        28          0          0          0          0        754   wm_isfocussable.o
        24          0          0          0          0        686   wm_iswindow.o
       260          0          0          0          0       2526   wm_move.o
        80          0          0          0          0       1393   wm_movechildto.o
        16          0          0          0          0        702   wm_notifyparent.o
        56          4          0          0          0        811   wm_onkey.o
       214          0          0          0          0       1494   wm_resizewindow.o
       200          4          0          0          0       2387   wm_screen2win.o
        26          0          0          0          0        751   wm_sendmessagenopara.o
        38          0          0          0          0        810   wm_sendtoparent.o
        92          8          0          0          0       1530   wm_setcapture.o
       144          6          0          4          0       1796   wm_setcapturemove.o
       160          4          0          0          0        854   wm_setfocus.o
       116          0          0          0          0       1817   wm_setfocusonnextchild.o
        24          0          0          0          0       1176   wm_setscrollstate.o
        64          0          0          0          0       1365   wm_setsize.o
       136          4          0          0          0       1703   wm_settrans.o
        32          6          0          0          0       1185   wm_setusercliprect.o
        90          0          0          0          0       1563   wm_show.o
        70          0          0          0          0       1431   wmmemdev.o
       492         18          0         16          0       5034   wmtouch.o

    ----------------------------------------------------------------------
     28562        632      30176        292       7172     467775   Library Totals
        26          0          5          9          4          0   (incl. Padding)

    ----------------------------------------------------------------------

      Code (inc. data)   RO Data    RW Data    ZI Data      Debug   Library Name

      1206         16          0          0         96       1320   c_w.l
     27330        616      30171        283       7072     466455   uCGUI_DEMO.lib

    ----------------------------------------------------------------------
     28562        632      30176        292       7172     467775   Library Totals

    ----------------------------------------------------------------------

==============================================================================


      Code (inc. data)   RO Data    RW Data    ZI Data      Debug   

     40032       1716      30720        432      18232     961629   Grand Totals
     40032       1716      30720         80      18232     961629   ELF Image Totals (compressed)
     40032       1716      30720         80          0          0   ROM Totals

==============================================================================

    Total RO  Size (Code + RO Data)                70752 (  69.09kB)
    Total RW  Size (RW Data + ZI Data)             18664 (  18.23kB)
    Total ROM Size (Code + RO Data + RW Data)      70832 (  69.17kB)

==============================================================================

