Component: ARM Compiler 5.05 (build 41) Tool: armlink [4d0eb9]

==============================================================================

Section Cross References

    stm32f10x_startup.o(STACK) refers (Special) to heapauxi.o(.text) for __use_two_region_memory
    stm32f10x_startup.o(HEAP) refers (Special) to heapauxi.o(.text) for __use_two_region_memory
    stm32f10x_startup.o(RESET) refers (Special) to heapauxi.o(.text) for __use_two_region_memory
    stm32f10x_startup.o(RESET) refers to stm32f10x_startup.o(STACK) for Stack
    stm32f10x_startup.o(RESET) refers to os_cpu_a.o(.text) for OSPendSV
    stm32f10x_startup.o(RESET) refers to stm32f10x_it.o(i.SysTickHandler) for SysTickHandler
    stm32f10x_startup.o(RESET) refers to stm32f10x_it.o(i.WWDG_IRQHandler) for WWDG_IRQHandler
    stm32f10x_startup.o(RESET) refers to stm32f10x_it.o(i.PVD_IRQHandler) for PVD_IRQHandler
    stm32f10x_startup.o(RESET) refers to stm32f10x_it.o(i.TAMPER_IRQHandler) for TAMPER_IRQHandler
    stm32f10x_startup.o(RESET) refers to stm32f10x_it.o(i.RTC_IRQHandler) for RTC_IRQHandler
    stm32f10x_startup.o(RESET) refers to stm32f10x_it.o(i.FLASH_IRQHandler) for FLASH_IRQHandler
    stm32f10x_startup.o(RESET) refers to stm32f10x_it.o(i.RCC_IRQHandler) for RCC_IRQHandler
    stm32f10x_startup.o(RESET) refers to stm32f10x_it.o(i.EXTI0_IRQHandler) for EXTI0_IRQHandler
    stm32f10x_startup.o(RESET) refers to stm32f10x_it.o(i.EXTI1_IRQHandler) for EXTI1_IRQHandler
    stm32f10x_startup.o(RESET) refers to stm32f10x_it.o(i.EXTI2_IRQHandler) for EXTI2_IRQHandler
    stm32f10x_startup.o(RESET) refers to stm32f10x_it.o(i.EXTI3_IRQHandler) for EXTI3_IRQHandler
    stm32f10x_startup.o(RESET) refers to stm32f10x_it.o(i.EXTI4_IRQHandler) for EXTI4_IRQHandler
    stm32f10x_startup.o(RESET) refers to stm32f10x_it.o(i.DMAChannel1_IRQHandler) for DMAChannel1_IRQHandler
    stm32f10x_startup.o(RESET) refers to stm32f10x_it.o(i.DMAChannel2_IRQHandler) for DMAChannel2_IRQHandler
    stm32f10x_startup.o(RESET) refers to stm32f10x_it.o(i.DMAChannel3_IRQHandler) for DMAChannel3_IRQHandler
    stm32f10x_startup.o(RESET) refers to stm32f10x_it.o(i.DMAChannel4_IRQHandler) for DMAChannel4_IRQHandler
    stm32f10x_startup.o(RESET) refers to stm32f10x_it.o(i.DMAChannel5_IRQHandler) for DMAChannel5_IRQHandler
    stm32f10x_startup.o(RESET) refers to stm32f10x_it.o(i.DMAChannel6_IRQHandler) for DMAChannel6_IRQHandler
    stm32f10x_startup.o(RESET) refers to stm32f10x_it.o(i.DMAChannel7_IRQHandler) for DMAChannel7_IRQHandler
    stm32f10x_startup.o(RESET) refers to stm32f10x_it.o(i.ADC_IRQHandler) for ADC_IRQHandler
    stm32f10x_startup.o(RESET) refers to stm32f10x_it.o(i.USB_HP_CAN_TX_IRQHandler) for USB_HP_CAN_TX_IRQHandler
    stm32f10x_startup.o(RESET) refers to stm32f10x_it.o(i.USB_LP_CAN_RX0_IRQHandler) for USB_LP_CAN_RX0_IRQHandler
    stm32f10x_startup.o(RESET) refers to stm32f10x_it.o(i.CAN_RX1_IRQHandler) for CAN_RX1_IRQHandler
    stm32f10x_startup.o(RESET) refers to stm32f10x_it.o(i.CAN_SCE_IRQHandler) for CAN_SCE_IRQHandler
    stm32f10x_startup.o(RESET) refers to stm32f10x_it.o(i.EXTI9_5_IRQHandler) for EXTI9_5_IRQHandler
    stm32f10x_startup.o(RESET) refers to stm32f10x_it.o(i.TIM1_BRK_IRQHandler) for TIM1_BRK_IRQHandler
    stm32f10x_startup.o(RESET) refers to stm32f10x_it.o(i.TIM1_UP_IRQHandler) for TIM1_UP_IRQHandler
    stm32f10x_startup.o(RESET) refers to stm32f10x_it.o(i.TIM1_TRG_COM_IRQHandler) for TIM1_TRG_COM_IRQHandler
    stm32f10x_startup.o(RESET) refers to stm32f10x_it.o(i.TIM1_CC_IRQHandler) for TIM1_CC_IRQHandler
    stm32f10x_startup.o(RESET) refers to stm32f10x_it.o(i.TIM2_IRQHandler) for TIM2_IRQHandler
    stm32f10x_startup.o(RESET) refers to stm32f10x_it.o(i.TIM3_IRQHandler) for TIM3_IRQHandler
    stm32f10x_startup.o(RESET) refers to stm32f10x_it.o(i.TIM4_IRQHandler) for TIM4_IRQHandler
    stm32f10x_startup.o(RESET) refers to cpal_i2c_hal_stm32f10x.o(i.I2C1_EV_IRQHandler) for I2C1_EV_IRQHandler
    stm32f10x_startup.o(RESET) refers to cpal_i2c_hal_stm32f10x.o(i.I2C1_ER_IRQHandler) for I2C1_ER_IRQHandler
    stm32f10x_startup.o(RESET) refers to stm32f10x_it.o(i.I2C2_EV_IRQHandler) for I2C2_EV_IRQHandler
    stm32f10x_startup.o(RESET) refers to stm32f10x_it.o(i.I2C2_ER_IRQHandler) for I2C2_ER_IRQHandler
    stm32f10x_startup.o(RESET) refers to stm32f10x_it.o(i.SPI1_IRQHandler) for SPI1_IRQHandler
    stm32f10x_startup.o(RESET) refers to stm32f10x_it.o(i.SPI2_IRQHandler) for SPI2_IRQHandler
    stm32f10x_startup.o(RESET) refers to stm32f10x_it.o(i.USART1_IRQHandler) for USART1_IRQHandler
    stm32f10x_startup.o(RESET) refers to stm32f10x_it.o(i.USART2_IRQHandler) for USART2_IRQHandler
    stm32f10x_startup.o(RESET) refers to stm32f10x_it.o(i.USART3_IRQHandler) for USART3_IRQHandler
    stm32f10x_startup.o(RESET) refers to stm32f10x_it.o(i.EXTI15_10_IRQHandler) for EXTI15_10_IRQHandler
[...]
    0x080122a6   0x0000000d   Data   RO         7800    .constdata          uCGUI_DEMO.lib(f13b_ascii.o)
    0x080122b3   0x0000000d   Data   RO         7801    .constdata          uCGUI_DEMO.lib(f13b_ascii.o)
    0x080122c0   0x0000000d   Data   RO         7802    .constdata          uCGUI_DEMO.lib(f13b_ascii.o)
    0x080122cd   0x0000000d   Data   RO         7803    .constdata          uCGUI_DEMO.lib(f13b_ascii.o)
    0x080122da   0x0000000d   Data   RO         7804    .constdata          uCGUI_DEMO.lib(f13b_ascii.o)
    0x080122e7   0x0000000d   Data   RO         7805    .constdata          uCGUI_DEMO.lib(f13b_ascii.o)
    0x080122f4   0x0000001a   Data   RO         7806    .constdata          uCGUI_DEMO.lib(f13b_ascii.o)
    0x0801230e   0x0000000d   Data   RO         7807    .constdata          uCGUI_DEMO.lib(f13b_ascii.o)
    0x0801231b   0x0000000d   Data   RO         7808    .constdata          uCGUI_DEMO.lib(f13b_ascii.o)
    0x08012328   0x0000000d   Data   RO         7809    .constdata          uCGUI_DEMO.lib(f13b_ascii.o)
    0x08012335   0x0000000d   Data   RO         7810    .constdata          uCGUI_DEMO.lib(f13b_ascii.o)
    0x08012342   0x0000000d   Data   RO         7811    .constdata          uCGUI_DEMO.lib(f13b_ascii.o)
    0x0801234f   0x0000000d   Data   RO         7812    .constdata          uCGUI_DEMO.lib(f13b_ascii.o)
    0x0801235c   0x0000001a   Data   RO         7813    .constdata          uCGUI_DEMO.lib(f13b_ascii.o)
    0x08012376   0x0000000d   Data   RO         7814    .constdata          uCGUI_DEMO.lib(f13b_ascii.o)
    0x08012383   0x0000000d   Data   RO         7815    .constdata          uCGUI_DEMO.lib(f13b_ascii.o)
    0x08012390   0x0000000d   Data   RO         7816    .constdata          uCGUI_DEMO.lib(f13b_ascii.o)
    0x0801239d   0x0000000d   Data   RO         7817    .constdata          uCGUI_DEMO.lib(f13b_ascii.o)
    0x080123aa   0x0000000d   Data   RO         7818    .constdata          uCGUI_DEMO.lib(f13b_ascii.o)
    0x080123b7   0x0000000d   Data   RO         7819    .constdata          uCGUI_DEMO.lib(f13b_ascii.o)
    0x080123c4   0x0000000d   Data   RO         7820    .constdata          uCGUI_DEMO.lib(f13b_ascii.o)
    0x080123d1   0x0000000d   Data   RO         7821    .constdata          uCGUI_DEMO.lib(f13b_ascii.o)
    0x080123de   0x0000000d   Data   RO         7822    .constdata          uCGUI_DEMO.lib(f13b_ascii.o)
    0x080123eb   0x0000000d   Data   RO         7823    .constdata          uCGUI_DEMO.lib(f13b_ascii.o)
    0x080123f8   0x0000000d   Data   RO         7824    .constdata          uCGUI_DEMO.lib(f13b_ascii.o)
    0x08012405   0x0000000d   Data   RO         7825    .constdata          uCGUI_DEMO.lib(f13b_ascii.o)
    0x08012412   0x0000000d   Data   RO         7826    .constdata          uCGUI_DEMO.lib(f13b_ascii.o)
    0x0801241f   0x0000000d   Data   RO         7827    .constdata          uCGUI_DEMO.lib(f13b_ascii.o)
    0x0801242c   0x0000001a   Data   RO         7828    .constdata          uCGUI_DEMO.lib(f13b_ascii.o)
    0x08012446   0x0000000d   Data   RO         7829    .constdata          uCGUI_DEMO.lib(f13b_ascii.o)
    0x08012453   0x0000000d   Data   RO         7830    .constdata          uCGUI_DEMO.lib(f13b_ascii.o)
    0x08012460   0x0000000d   Data   RO         7831    .constdata          uCGUI_DEMO.lib(f13b_ascii.o)
    0x0801246d   0x0000000d   Data   RO         7832    .constdata          uCGUI_DEMO.lib(f13b_ascii.o)
    0x0801247a   0x0000000d   Data   RO         7833    .constdata          uCGUI_DEMO.lib(f13b_ascii.o)
    0x08012487   0x0000000d   Data   RO         7834    .constdata          uCGUI_DEMO.lib(f13b_ascii.o)
    0x08012494   0x0000000d   Data   RO         7835    .constdata          uCGUI_DEMO.lib(f13b_ascii.o)
    0x080124a1   0x0000000d   Data   RO         7836    .constdata          uCGUI_DEMO.lib(f13b_ascii.o)
    0x080124ae   0x0000000d   Data   RO         7837    .constdata          uCGUI_DEMO.lib(f13b_ascii.o)
    0x080124bb   0x0000001a   Data   RO         7838    .constdata          uCGUI_DEMO.lib(f13b_ascii.o)
    0x080124d5   0x0000000d   Data   RO         7839    .constdata          uCGUI_DEMO.lib(f13b_ascii.o)
    0x080124e2   0x0000000d   Data   RO         7840    .constdata          uCGUI_DEMO.lib(f13b_ascii.o)
    0x080124ef   0x0000000d   Data   RO         7841    .constdata          uCGUI_DEMO.lib(f13b_ascii.o)
    0x080124fc   0x0000000d   Data   RO         7842    .constdata          uCGUI_DEMO.lib(f13b_ascii.o)
    0x08012509   0x0000000d   Data   RO         7843    .constdata          uCGUI_DEMO.lib(f13b_ascii.o)
    0x08012516   0x0000000d   Data   RO         7844    .constdata          uCGUI_DEMO.lib(f13b_ascii.o)
    0x08012523   0x0000001a   Data   RO         7845    .constdata          uCGUI_DEMO.lib(f13b_ascii.o)
    0x0801253d   0x00000003   PAD
    0x08012540   0x000002f8   Data   RO         7846    .constdata          uCGUI_DEMO.lib(f13b_ascii.o)
    0x08012838   0x0000000c   Data   RO         7847    .constdata          uCGUI_DEMO.lib(f13b_ascii.o)
    0x08012844   0x00000020   Data   RO         7848    .constdata          uCGUI_DEMO.lib(f13b_ascii.o)
    0x08012864   0x00000010   Data   RO         7865    .constdata          uCGUI_DEMO.lib(f16b_ascii.o)
    0x08012874   0x00000010   Data   RO         7866    .constdata          uCGUI_DEMO.lib(f16b_ascii.o)
    0x08012884   0x00000010   Data   RO         7867    .constdata          uCGUI_DEMO.lib(f16b_ascii.o)
    0x08012894   0x00000010   Data   RO         7868    .constdata          uCGUI_DEMO.lib(f16b_ascii.o)
    0x080128a4   0x00000010   Data   RO         7869    .constdata          uCGUI_DEMO.lib(f16b_ascii.o)
    0x080128b4   0x00000020   Data   RO         7870    .constdata          uCGUI_DEMO.lib(f16b_ascii.o)
    0x080128d4   0x00000020   Data   RO         7871    .constdata          uCGUI_DEMO.lib(f16b_ascii.o)
    0x080128f4   0x00000010   Data   RO         7872    .constdata          uCGUI_DEMO.lib(f16b_ascii.o)
    0x08012904   0x00000010   Data   RO         7873    .constdata          uCGUI_DEMO.lib(f16b_ascii.o)
    0x08012914   0x00000010   Data   RO         7874    .constdata          uCGUI_DEMO.lib(f16b_ascii.o)
    0x08012924   0x00000010   Data   RO         7875    .constdata          uCGUI_DEMO.lib(f16b_ascii.o)
    0x08012934   0x00000010   Data   RO         7876    .constdata          uCGUI_DEMO.lib(f16b_ascii.o)
    0x08012944   0x00000010   Data   RO         7877    .constdata          uCGUI_DEMO.lib(f16b_ascii.o)
    0x08012954   0x00000010   Data   RO         7878    .constdata          uCGUI_DEMO.lib(f16b_ascii.o)
    0x08012964   0x00000010   Data   RO         7879    .constdata          uCGUI_DEMO.lib(f16b_ascii.o)
    0x08012974   0x00000010   Data   RO         7880    .constdata          uCGUI_DEMO.lib(f16b_ascii.o)
    0x08012984   0x00000010   Data   RO         7881    .constdata          uCGUI_DEMO.lib(f16b_ascii.o)
    0x08012994   0x00000010   Data   RO         7882    .constdata          uCGUI_DEMO.lib(f16b_ascii.o)
    0x080129a4   0x00000010   Data   RO         7883    .constdata          uCGUI_DEMO.lib(f16b_ascii.o)
    0x080129b4   0x00000010   Data   RO         7884    .constdata          uCGUI_DEMO.lib(f16b_ascii.o)
    0x080129c4   0x00000010   Data   RO         7885    .constdata          uCGUI_DEMO.lib(f16b_ascii.o)
    0x080129d4   0x00000010   Data   RO         7886    .constdata          uCGUI_DEMO.lib(f16b_ascii.o)
    0x080129e4   0x00000010   Data   RO         7887    .constdata          uCGUI_DEMO.lib(f16b_ascii.o)
    0x080129f4   0x00000010   Data   RO         7888    .constdata          uCGUI_DEMO.lib(f16b_ascii.o)
    0x08012a04   0x00000010   Data   RO         7889    .constdata          uCGUI_DEMO.lib(f16b_ascii.o)
    0x08012a14   0x00000010   Data   RO         7890    .constdata          uCGUI_DEMO.lib(f16b_ascii.o)
    0x08012a24   0x00000010   Data   RO         7891    .constdata          uCGUI_DEMO.lib(f16b_ascii.o)
    0x08012a34   0x00000010   Data   RO         7892    .constdata          uCGUI_DEMO.lib(f16b_ascii.o)
    0x08012a44   0x00000010   Data   RO         7893    .constdata          uCGUI_DEMO.lib(f16b_ascii.o)
    0x08012a54   0x00000010   Data   RO         7894    .constdata          uCGUI_DEMO.lib(f16b_ascii.o)
    0x08012a64   0x00000010   Data   RO         7895    .constdata          uCGUI_DEMO.lib(f16b_ascii.o)
    0x08012a74   0x00000010   Data   RO         7896    .constdata          uCGUI_DEMO.lib(f16b_ascii.o)
    0x08012a84   0x00000020   Data   RO         7897    .constdata          uCGUI_DEMO.lib(f16b_ascii.o)
    0x08012aa4   0x00000020   Data   RO         7898    .constdata          uCGUI_DEMO.lib(f16b_ascii.o)
    0x08012ac4   0x00000020   Data   RO         7899    .constdata          uCGUI_DEMO.lib(f16b_ascii.o)
    0x08012ae4   0x00000020   Data   RO         7900    .constdata          uCGUI_DEMO.lib(f16b_ascii.o)
    0x08012b04   0x00000020   Data   RO         7901    .constdata          uCGUI_DEMO.lib(f16b_ascii.o)
    0x08012b24   0x00000010   Data   RO         7902    .constdata          uCGUI_DEMO.lib(f16b_ascii.o)
    0x08012b34   0x00000010   Data   RO         7903    .constdata          uCGUI_DEMO.lib(f16b_ascii.o)
    0x08012b44   0x00000020   Data   RO         7904    .constdata          uCGUI_DEMO.lib(f16b_ascii.o)
    0x08012b64   0x00000020   Data   RO         7905    .constdata          uCGUI_DEMO.lib(f16b_ascii.o)
    0x08012b84   0x00000010   Data   RO         7906    .constdata          uCGUI_DEMO.lib(f16b_ascii.o)
    0x08012b94   0x00000010   Data   RO         7907    .constdata          uCGUI_DEMO.lib(f16b_ascii.o)
    0x08012ba4   0x00000020   Data   RO         7908    .constdata          uCGUI_DEMO.lib(f16b_ascii.o)
    0x08012bc4   0x00000010   Data   RO         7909    .constdata          uCGUI_DEMO.lib(f16b_ascii.o)
    0x08012bd4   0x00000020   Data   RO         7910    .constdata          uCGUI_DEMO.lib(f16b_ascii.o)
    0x08012bf4   0x00000020   Data   RO         7911    .constdata          uCGUI_DEMO.lib(f16b_ascii.o)
    0x08012c14   0x00000020   Data   RO         7912    .constdata          uCGUI_DEMO.lib(f16b_ascii.o)
    0x08012c34   0x00000020   Data   RO         7913    .constdata          uCGUI_DEMO.lib(f16b_ascii.o)
    0x08012c54   0x00000020   Data   RO         7914    .constdata          uCGUI_DEMO.lib(f16b_ascii.o)
    0x08012c74   0x00000020   Data   RO         7915    .constdata          uCGUI_DEMO.lib(f16b_ascii.o)
    0x08012c94   0x00000020   Data   RO         7916    .constdata          uCGUI_DEMO.lib(f16b_ascii.o)
    0x08012cb4   0x00000010   Data   RO         7917    .constdata          uCGUI_DEMO.lib(f16b_ascii.o)
    0x08012cc4   0x00000020   Data   RO         7918    .constdata          uCGUI_DEMO.lib(f16b_ascii.o)
    0x08012ce4   0x00000020   Data   RO         7919    .constdata          uCGUI_DEMO.lib(f16b_ascii.o)
    0x08012d04   0x00000020   Data   RO         7920    .constdata          uCGUI_DEMO.lib(f16b_ascii.o)
    0x08012d24   0x00000020   Data   RO         7921    .constdata          uCGUI_DEMO.lib(f16b_ascii.o)
    0x08012d44   0x00000010   Data   RO         7922    .constdata          uCGUI_DEMO.lib(f16b_ascii.o)
    0x08012d54   0x00000010   Data   RO         7923    .constdata          uCGUI_DEMO.lib(f16b_ascii.o)
    0x08012d64   0x00000010   Data   RO         7924    .constdata          uCGUI_DEMO.lib(f16b_ascii.o)
    0x08012d74   0x00000010   Data   RO         7925    .constdata          uCGUI_DEMO.lib(f16b_ascii.o)
    0x08012d84   0x00000010   Data   RO         7926    .constdata          uCGUI_DEMO.lib(f16b_ascii.o)
    0x08012d94   0x00000010   Data   RO         7927    .constdata          uCGUI_DEMO.lib(f16b_ascii.o)
    0x08012da4   0x00000010   Data   RO         7928    .constdata          uCGUI_DEMO.lib(f16b_ascii.o)
    0x08012db4   0x00000010   Data   RO         7929    .constdata          uCGUI_DEMO.lib(f16b_ascii.o)
    0x08012dc4   0x00000010   Data   RO         7930    .constdata          uCGUI_DEMO.lib(f16b_ascii.o)
    0x08012dd4   0x00000010   Data   RO         7931    .constdata          uCGUI_DEMO.lib(f16b_ascii.o)
    0x08012de4   0x00000010   Data   RO         7932    .constdata          uCGUI_DEMO.lib(f16b_ascii.o)
    0x08012df4   0x00000010   Data   RO         7933    .constdata          uCGUI_DEMO.lib(f16b_ascii.o)
    0x08012e04   0x00000010   Data   RO         7934    .constdata          uCGUI_DEMO.lib(f16b_ascii.o)
    0x08012e14   0x00000010   Data   RO         7935    .constdata          uCGUI_DEMO.lib(f16b_ascii.o)
    0x08012e24   0x00000010   Data   RO         7936    .constdata          uCGUI_DEMO.lib(f16b_ascii.o)
    0x08012e34   0x00000010   Data   RO         7937    .constdata          uCGUI_DEMO.lib(f16b_ascii.o)
    0x08012e44   0x00000010   Data   RO         7938    .constdata          uCGUI_DEMO.lib(f16b_ascii.o)
    0x08012e54   0x00000010   Data   RO         7939    .constdata          uCGUI_DEMO.lib(f16b_ascii.o)
    0x08012e64   0x00000010   Data   RO         7940    .constdata          uCGUI_DEMO.lib(f16b_ascii.o)
    0x08012e74   0x00000010   Data   RO         7941    .constdata          uCGUI_DEMO.lib(f16b_ascii.o)
    0x08012e84   0x00000020   Data   RO         7942    .constdata          uCGUI_DEMO.lib(f16b_ascii.o)
    0x08012ea4   0x00000010   Data   RO         7943    .constdata          uCGUI_DEMO.lib(f16b_ascii.o)
    0x08012eb4   0x00000010   Data   RO         7944    .constdata          uCGUI_DEMO.lib(f16b_ascii.o)
    0x08012ec4   0x00000010   Data   RO         7945    .constdata          uCGUI_DEMO.lib(f16b_ascii.o)
    0x08012ed4   0x00000010   Data   RO         7946    .constdata          uCGUI_DEMO.lib(f16b_ascii.o)
    0x08012ee4   0x00000010   Data   RO         7947    .constdata          uCGUI_DEMO.lib(f16b_ascii.o)
    0x08012ef4   0x00000010   Data   RO         7948    .constdata          uCGUI_DEMO.lib(f16b_ascii.o)
    0x08012f04   0x00000010   Data   RO         7949    .constdata          uCGUI_DEMO.lib(f16b_ascii.o)
    0x08012f14   0x00000010   Data   RO         7950    .constdata          uCGUI_DEMO.lib(f16b_ascii.o)
    0x08012f24   0x00000010   Data   RO         7951    .constdata          uCGUI_DEMO.lib(f16b_ascii.o)
    0x08012f34   0x00000020   Data   RO         7952    .constdata          uCGUI_DEMO.lib(f16b_ascii.o)
    0x08012f54   0x00000010   Data   RO         7953    .constdata          uCGUI_DEMO.lib(f16b_ascii.o)
    0x08012f64   0x00000010   Data   RO         7954    .constdata          uCGUI_DEMO.lib(f16b_ascii.o)
    0x08012f74   0x00000010   Data   RO         7955    .constdata          uCGUI_DEMO.lib(f16b_ascii.o)
    0x08012f84   0x00000010   Data   RO         7956    .constdata          uCGUI_DEMO.lib(f16b_ascii.o)
    0x08012f94   0x00000010   Data   RO         7957    .constdata          uCGUI_DEMO.lib(f16b_ascii.o)
    0x08012fa4   0x00000010   Data   RO         7958    .constdata          uCGUI_DEMO.lib(f16b_ascii.o)
    0x08012fb4   0x00000010   Data   RO         7959    .constdata          uCGUI_DEMO.lib(f16b_ascii.o)
    0x08012fc4   0x000002f8   Data   RO         7960    .constdata          uCGUI_DEMO.lib(f16b_ascii.o)
    0x080132bc   0x0000000c   Data   RO         7961    .constdata          uCGUI_DEMO.lib(f16b_ascii.o)
    0x080132c8   0x00000020   Data   RO         7962    .constdata          uCGUI_DEMO.lib(f16b_ascii.o)
    0x080132e8   0x00000018   Data   RO         7979    .constdata          uCGUI_DEMO.lib(f24b_1.o)
    0x08013300   0x00000018   Data   RO         7980    .constdata          uCGUI_DEMO.lib(f24b_1.o)
    0x08013318   0x00000030   Data   RO         7981    .constdata          uCGUI_DEMO.lib(f24b_1.o)
    0x08013348   0x00000030   Data   RO         7982    .constdata          uCGUI_DEMO.lib(f24b_1.o)
    0x08013378   0x00000030   Data   RO         7983    .constdata          uCGUI_DEMO.lib(f24b_1.o)
    0x080133a8   0x00000030   Data   RO         7984    .constdata          uCGUI_DEMO.lib(f24b_1.o)
    0x080133d8   0x00000018   Data   RO         7985    .constdata          uCGUI_DEMO.lib(f24b_1.o)
    0x080133f0   0x00000030   Data   RO         7986    .constdata          uCGUI_DEMO.lib(f24b_1.o)
    0x08013420   0x00000018   Data   RO         7987    .constdata          uCGUI_DEMO.lib(f24b_1.o)
    0x08013438   0x00000030   Data   RO         7988    .constdata          uCGUI_DEMO.lib(f24b_1.o)
    0x08013468   0x00000018   Data   RO         7989    .constdata          uCGUI_DEMO.lib(f24b_1.o)
    0x08013480   0x00000030   Data   RO         7990    .constdata          uCGUI_DEMO.lib(f24b_1.o)
    0x080134b0   0x00000030   Data   RO         7991    .constdata          uCGUI_DEMO.lib(f24b_1.o)
    0x080134e0   0x00000018   Data   RO         7992    .constdata          uCGUI_DEMO.lib(f24b_1.o)
    0x080134f8   0x00000030   Data   RO         7993    .constdata          uCGUI_DEMO.lib(f24b_1.o)
    0x08013528   0x00000030   Data   RO         7994    .constdata          uCGUI_DEMO.lib(f24b_1.o)
    0x08013558   0x00000018   Data   RO         7995    .constdata          uCGUI_DEMO.lib(f24b_1.o)
    0x08013570   0x00000030   Data   RO         7996    .constdata          uCGUI_DEMO.lib(f24b_1.o)
    0x080135a0   0x00000018   Data   RO         7997    .constdata          uCGUI_DEMO.lib(f24b_1.o)
    0x080135b8   0x00000018   Data   RO         7998    .constdata          uCGUI_DEMO.lib(f24b_1.o)
    0x080135d0   0x00000018   Data   RO         7999    .constdata          uCGUI_DEMO.lib(f24b_1.o)
    0x080135e8   0x00000030   Data   RO         8000    .constdata          uCGUI_DEMO.lib(f24b_1.o)
    0x08013618   0x00000030   Data   RO         8001    .constdata          uCGUI_DEMO.lib(f24b_1.o)
    0x08013648   0x00000018   Data   RO         8002    .constdata          uCGUI_DEMO.lib(f24b_1.o)
    0x08013660   0x00000018   Data   RO         8003    .constdata          uCGUI_DEMO.lib(f24b_1.o)
    0x08013678   0x00000018   Data   RO         8004    .constdata          uCGUI_DEMO.lib(f24b_1.o)
    0x08013690   0x00000018   Data   RO         8005    .constdata          uCGUI_DEMO.lib(f24b_1.o)
    0x080136a8   0x00000030   Data   RO         8006    .constdata          uCGUI_DEMO.lib(f24b_1.o)
    0x080136d8   0x00000048   Data   RO         8007    .constdata          uCGUI_DEMO.lib(f24b_1.o)
    0x08013720   0x00000048   Data   RO         8008    .constdata          uCGUI_DEMO.lib(f24b_1.o)
    0x08013768   0x00000048   Data   RO         8009    .constdata          uCGUI_DEMO.lib(f24b_1.o)
    0x080137b0   0x00000030   Data   RO         8010    .constdata          uCGUI_DEMO.lib(f24b_1.o)
    0x080137e0   0x00000030   Data   RO         8011    .constdata          uCGUI_DEMO.lib(f24b_1.o)
    0x08013810   0x00000030   Data   RO         8012    .constdata          uCGUI_DEMO.lib(f24b_1.o)
    0x08013840   0x00000030   Data   RO         8013    .constdata          uCGUI_DEMO.lib(f24b_1.o)
    0x08013870   0x00000030   Data   RO         8014    .constdata          uCGUI_DEMO.lib(f24b_1.o)
    0x080138a0   0x00000030   Data   RO         8015    .constdata          uCGUI_DEMO.lib(f24b_1.o)
    0x080138d0   0x00000030   Data   RO         8016    .constdata          uCGUI_DEMO.lib(f24b_1.o)
    0x08013900   0x00000048   Data   RO         8017    .constdata          uCGUI_DEMO.lib(f24b_1.o)
    0x08013948   0x00000030   Data   RO         8018    .constdata          uCGUI_DEMO.lib(f24b_1.o)
    0x08013978   0x00000030   Data   RO         8019    .constdata          uCGUI_DEMO.lib(f24b_1.o)
    0x080139a8   0x00000030   Data   RO         8020    .constdata          uCGUI_DEMO.lib(f24b_1.o)
    0x080139d8   0x00000030   Data   RO         8021    .constdata          uCGUI_DEMO.lib(f24b_1.o)
    0x08013a08   0x00000030   Data   RO         8022    .constdata          uCGUI_DEMO.lib(f24b_1.o)
    0x08013a38   0x00000018   Data   RO         8023    .constdata          uCGUI_DEMO.lib(f24b_1.o)
    0x08013a50   0x00000018   Data   RO         8024    .constdata          uCGUI_DEMO.lib(f24b_1.o)
    0x08013a68   0x00000018   Data   RO         8025    .constdata          uCGUI_DEMO.lib(f24b_1.o)
    0x08013a80   0x00000018   Data   RO         8026    .constdata          uCGUI_DEMO.lib(f24b_1.o)
    0x08013a98   0x00000030   Data   RO         8027    .constdata          uCGUI_DEMO.lib(f24b_1.o)
    0x08013ac8   0x00000030   Data   RO         8028    .constdata          uCGUI_DEMO.lib(f24b_1.o)
    0x08013af8   0x00000030   Data   RO         8029    .constdata          uCGUI_DEMO.lib(f24b_1.o)
    0x08013b28   0x00000030   Data   RO         8030    .constdata          uCGUI_DEMO.lib(f24b_1.o)
    0x08013b58   0x00000030   Data   RO         8031    .constdata          uCGUI_DEMO.lib(f24b_1.o)
    0x08013b88   0x00000030   Data   RO         8032    .constdata          uCGUI_DEMO.lib(f24b_1.o)
    0x08013bb8   0x00000030   Data   RO         8033    .constdata          uCGUI_DEMO.lib(f24b_1.o)
    0x08013be8   0x00000030   Data   RO         8034    .constdata          uCGUI_DEMO.lib(f24b_1.o)
    0x08013c18   0x00000030   Data   RO         8035    .constdata          uCGUI_DEMO.lib(f24b_1.o)
    0x08013c48   0x00000030   Data   RO         8036    .constdata          uCGUI_DEMO.lib(f24b_1.o)
    0x08013c78   0x00000030   Data   RO         8037    .constdata          uCGUI_DEMO.lib(f24b_1.o)
    0x08013ca8   0x00000030   Data   RO         8038    .constdata          uCGUI_DEMO.lib(f24b_1.o)
    0x08013cd8   0x00000030   Data   RO         8039    .constdata          uCGUI_DEMO.lib(f24b_1.o)
    0x08013d08   0x00000030   Data   RO         8040    .constdata          uCGUI_DEMO.lib(f24b_1.o)
    0x08013d38   0x00000030   Data   RO         8041    .constdata          uCGUI_DEMO.lib(f24b_1.o)
    0x08013d68   0x00000030   Data   RO         8042    .constdata          uCGUI_DEMO.lib(f24b_1.o)
    0x08013d98   0x00000030   Data   RO         8043    .constdata          uCGUI_DEMO.lib(f24b_1.o)
    0x08013dc8   0x00000030   Data   RO         8044    .constdata          uCGUI_DEMO.lib(f24b_1.o)
    0x08013df8   0x00000030   Data   RO         8045    .constdata          uCGUI_DEMO.lib(f24b_1.o)
    0x08013e28   0x00000030   Data   RO         8046    .constdata          uCGUI_DEMO.lib(f24b_1.o)
    0x08013e58   0x00000030   Data   RO         8047    .constdata          uCGUI_DEMO.lib(f24b_1.o)
    0x08013e88   0x00000030   Data   RO         8048    .constdata          uCGUI_DEMO.lib(f24b_1.o)
    0x08013eb8   0x00000048   Data   RO         8049    .constdata          uCGUI_DEMO.lib(f24b_1.o)
    0x08013f00   0x00000030   Data   RO         8050    .constdata          uCGUI_DEMO.lib(f24b_1.o)
    0x08013f30   0x00000030   Data   RO         8051    .constdata          uCGUI_DEMO.lib(f24b_1.o)
    0x08013f60   0x00000030   Data   RO         8052    .constdata          uCGUI_DEMO.lib(f24b_1.o)
    0x08013f90   0x00000030   Data   RO         8053    .constdata          uCGUI_DEMO.lib(f24b_1.o)
    0x08013fc0   0x00000030   Data   RO         8054    .constdata          uCGUI_DEMO.lib(f24b_1.o)
    0x08013ff0   0x00000018   Data   RO         8055    .constdata          uCGUI_DEMO.lib(f24b_1.o)
    0x08014008   0x00000018   Data   RO         8056    .constdata          uCGUI_DEMO.lib(f24b_1.o)
    0x08014020   0x00000018   Data   RO         8057    .constdata          uCGUI_DEMO.lib(f24b_1.o)
    0x08014038   0x00000018   Data   RO         8058    .constdata          uCGUI_DEMO.lib(f24b_1.o)
    0x08014050   0x00000030   Data   RO         8059    .constdata          uCGUI_DEMO.lib(f24b_1.o)
    0x08014080   0x00000030   Data   RO         8060    .constdata          uCGUI_DEMO.lib(f24b_1.o)
    0x080140b0   0x00000030   Data   RO         8061    .constdata          uCGUI_DEMO.lib(f24b_1.o)
    0x080140e0   0x00000030   Data   RO         8062    .constdata          uCGUI_DEMO.lib(f24b_1.o)
    0x08014110   0x00000030   Data   RO         8063    .constdata          uCGUI_DEMO.lib(f24b_1.o)
    0x08014140   0x00000030   Data   RO         8064    .constdata          uCGUI_DEMO.lib(f24b_1.o)
    0x08014170   0x00000030   Data   RO         8065    .constdata          uCGUI_DEMO.lib(f24b_1.o)
    0x080141a0   0x00000030   Data   RO         8066    .constdata          uCGUI_DEMO.lib(f24b_1.o)
    0x080141d0   0x00000030   Data   RO         8067    .constdata          uCGUI_DEMO.lib(f24b_1.o)
    0x08014200   0x00000030   Data   RO         8068    .constdata          uCGUI_DEMO.lib(f24b_1.o)
    0x08014230   0x00000030   Data   RO         8069    .constdata          uCGUI_DEMO.lib(f24b_1.o)
    0x08014260   0x00000030   Data   RO         8070    .constdata          uCGUI_DEMO.lib(f24b_1.o)
    0x08014290   0x00000030   Data   RO         8071    .constdata          uCGUI_DEMO.lib(f24b_1.o)
    0x080142c0   0x00000030   Data   RO         8072    .constdata          uCGUI_DEMO.lib(f24b_1.o)
    0x080142f0   0x00000030   Data   RO         8073    .constdata          uCGUI_DEMO.lib(f24b_1.o)
    0x08014320   0x00000030   Data   RO         8074    .constdata          uCGUI_DEMO.lib(f24b_1.o)
    0x08014350   0x00000300   Data   RO         8075    .constdata          uCGUI_DEMO.lib(f24b_1.o)
    0x08014650   0x0000000c   Data   RO         8076    .constdata          uCGUI_DEMO.lib(f24b_1.o)
    0x0801465c   0x0000000c   Data   RO         8077    .constdata          uCGUI_DEMO.lib(f24b_1.o)
    0x08014668   0x00000020   Data   RO         8078    .constdata          uCGUI_DEMO.lib(f24b_1.o)
    0x08014688   0x00000028   Data   RO         8735    .constdata          uCGUI_DEMO.lib(gui_adddecshift.o)
    0x080146b0   0x00000010   Data   RO         8950    .constdata          uCGUI_DEMO.lib(gui_uc_encodenone.o)
    0x080146c0   0x00000040   Data   RO         9042    .constdata          uCGUI_DEMO.lib(lcd_api.o)
    0x08014700   0x00000008   Data   RO         9092    .constdata          uCGUI_DEMO.lib(f08_1.o)
    0x08014708   0x00000008   Data   RO         9093    .constdata          uCGUI_DEMO.lib(f08_1.o)
    0x08014710   0x00000008   Data   RO         9094    .constdata          uCGUI_DEMO.lib(f08_1.o)
    0x08014718   0x00000008   Data   RO         9095    .constdata          uCGUI_DEMO.lib(f08_1.o)
    0x08014720   0x00000008   Data   RO         9096    .constdata          uCGUI_DEMO.lib(f08_1.o)
    0x08014728   0x00000008   Data   RO         9097    .constdata          uCGUI_DEMO.lib(f08_1.o)
    0x08014730   0x00000008   Data   RO         9098    .constdata          uCGUI_DEMO.lib(f08_1.o)
    0x08014738   0x00000008   Data   RO         9099    .constdata          uCGUI_DEMO.lib(f08_1.o)
    0x08014740   0x00000008   Data   RO         9100    .constdata          uCGUI_DEMO.lib(f08_1.o)
    0x08014748   0x00000008   Data   RO         9101    .constdata          uCGUI_DEMO.lib(f08_1.o)
    0x08014750   0x00000008   Data   RO         9102    .constdata          uCGUI_DEMO.lib(f08_1.o)
    0x08014758   0x00000008   Data   RO         9103    .constdata          uCGUI_DEMO.lib(f08_1.o)
    0x08014760   0x00000008   Data   RO         9104    .constdata          uCGUI_DEMO.lib(f08_1.o)
    0x08014768   0x00000008   Data   RO         9105    .constdata          uCGUI_DEMO.lib(f08_1.o)
    0x08014770   0x00000008   Data   RO         9106    .constdata          uCGUI_DEMO.lib(f08_1.o)
    0x08014778   0x00000008   Data   RO         9107    .constdata          uCGUI_DEMO.lib(f08_1.o)
    0x08014780   0x00000008   Data   RO         9108    .constdata          uCGUI_DEMO.lib(f08_1.o)
    0x08014788   0x00000008   Data   RO         9109    .constdata          uCGUI_DEMO.lib(f08_1.o)
    0x08014790   0x00000008   Data   RO         9110    .constdata          uCGUI_DEMO.lib(f08_1.o)
    0x08014798   0x00000008   Data   RO         9111    .constdata          uCGUI_DEMO.lib(f08_1.o)
    0x080147a0   0x00000008   Data   RO         9112    .constdata          uCGUI_DEMO.lib(f08_1.o)
    0x080147a8   0x00000008   Data   RO         9113    .constdata          uCGUI_DEMO.lib(f08_1.o)
    0x080147b0   0x00000008   Data   RO         9114    .constdata          uCGUI_DEMO.lib(f08_1.o)
    0x080147b8   0x00000008   Data   RO         9115    .constdata          uCGUI_DEMO.lib(f08_1.o)
    0x080147c0   0x00000008   Data   RO         9116    .constdata          uCGUI_DEMO.lib(f08_1.o)
    0x080147c8   0x00000008   Data   RO         9117    .constdata          uCGUI_DEMO.lib(f08_1.o)
    0x080147d0   0x00000008   Data   RO         9118    .constdata          uCGUI_DEMO.lib(f08_1.o)
    0x080147d8   0x00000008   Data   RO         9119    .constdata          uCGUI_DEMO.lib(f08_1.o)
    0x080147e0   0x00000008   Data   RO         9120    .constdata          uCGUI_DEMO.lib(f08_1.o)
    0x080147e8   0x00000008   Data   RO         9121    .constdata          uCGUI_DEMO.lib(f08_1.o)
    0x080147f0   0x00000008   Data   RO         9122    .constdata          uCGUI_DEMO.lib(f08_1.o)
    0x080147f8   0x00000008   Data   RO         9123    .constdata          uCGUI_DEMO.lib(f08_1.o)
    0x08014800   0x00000008   Data   RO         9124    .constdata          uCGUI_DEMO.lib(f08_1.o)
    0x08014808   0x00000008   Data   RO         9125    .constdata          uCGUI_DEMO.lib(f08_1.o)
    0x08014810   0x00000008   Data   RO         9126    .constdata          uCGUI_DEMO.lib(f08_1.o)
    0x08014818   0x00000008   Data   RO         9127    .constdata          uCGUI_DEMO.lib(f08_1.o)
    0x08014820   0x00000008   Data   RO         9128    .constdata          uCGUI_DEMO.lib(f08_1.o)
    0x08014828   0x00000008   Data   RO         9129    .constdata          uCGUI_DEMO.lib(f08_1.o)
    0x08014830   0x00000008   Data   RO         9130    .constdata          uCGUI_DEMO.lib(f08_1.o)
    0x08014838   0x00000008   Data   RO         9131    .constdata          uCGUI_DEMO.lib(f08_1.o)
    0x08014840   0x00000008   Data   RO         9132    .constdata          uCGUI_DEMO.lib(f08_1.o)
    0x08014848   0x00000008   Data   RO         9133    .constdata          uCGUI_DEMO.lib(f08_1.o)
    0x08014850   0x00000008   Data   RO         9134    .constdata          uCGUI_DEMO.lib(f08_1.o)
    0x08014858   0x00000008   Data   RO         9135    .constdata          uCGUI_DEMO.lib(f08_1.o)
    0x08014860   0x00000008   Data   RO         9136    .constdata          uCGUI_DEMO.lib(f08_1.o)
    0x08014868   0x00000008   Data   RO         9137    .constdata          uCGUI_DEMO.lib(f08_1.o)
    0x08014870   0x00000008   Data   RO         9138    .constdata          uCGUI_DEMO.lib(f08_1.o)
    0x08014878   0x00000008   Data   RO         9139    .constdata          uCGUI_DEMO.lib(f08_1.o)
    0x08014880   0x00000008   Data   RO         9140    .constdata          uCGUI_DEMO.lib(f08_1.o)
    0x08014888   0x00000008   Data   RO         9141    .constdata          uCGUI_DEMO.lib(f08_1.o)
    0x08014890   0x00000008   Data   RO         9142    .constdata          uCGUI_DEMO.lib(f08_1.o)
    0x08014898   0x00000008   Data   RO         9143    .constdata          uCGUI_DEMO.lib(f08_1.o)
    0x080148a0   0x00000008   Data   RO         9144    .constdata          uCGUI_DEMO.lib(f08_1.o)
    0x080148a8   0x00000008   Data   RO         9145    .constdata          uCGUI_DEMO.lib(f08_1.o)
    0x080148b0   0x00000008   Data   RO         9146    .constdata          uCGUI_DEMO.lib(f08_1.o)
    0x080148b8   0x00000008   Data   RO         9147    .constdata          uCGUI_DEMO.lib(f08_1.o)
    0x080148c0   0x00000008   Data   RO         9148    .constdata          uCGUI_DEMO.lib(f08_1.o)
    0x080148c8   0x00000008   Data   RO         9149    .constdata          uCGUI_DEMO.lib(f08_1.o)
    0x080148d0   0x00000008   Data   RO         9150    .constdata          uCGUI_DEMO.lib(f08_1.o)
    0x080148d8   0x00000008   Data   RO         9151    .constdata          uCGUI_DEMO.lib(f08_1.o)
    0x080148e0   0x00000008   Data   RO         9152    .constdata          uCGUI_DEMO.lib(f08_1.o)
    0x080148e8   0x00000008   Data   RO         9153    .constdata          uCGUI_DEMO.lib(f08_1.o)
    0x080148f0   0x00000008   Data   RO         9154    .constdata          uCGUI_DEMO.lib(f08_1.o)
    0x080148f8   0x00000008   Data   RO         9155    .constdata          uCGUI_DEMO.lib(f08_1.o)
    0x08014900   0x00000008   Data   RO         9156    .constdata          uCGUI_DEMO.lib(f08_1.o)
    0x08014908   0x00000008   Data   RO         9157    .constdata          uCGUI_DEMO.lib(f08_1.o)
    0x08014910   0x00000008   Data   RO         9158    .constdata          uCGUI_DEMO.lib(f08_1.o)
    0x08014918   0x00000008   Data   RO         9159    .constdata          uCGUI_DEMO.lib(f08_1.o)
    0x08014920   0x00000008   Data   RO         9160    .constdata          uCGUI_DEMO.lib(f08_1.o)
    0x08014928   0x00000008   Data   RO         9161    .constdata          uCGUI_DEMO.lib(f08_1.o)
    0x08014930   0x00000010   Data   RO         9162    .constdata          uCGUI_DEMO.lib(f08_1.o)
    0x08014940   0x00000008   Data   RO         9163    .constdata          uCGUI_DEMO.lib(f08_1.o)
    0x08014948   0x00000008   Data   RO         9164    .constdata          uCGUI_DEMO.lib(f08_1.o)
    0x08014950   0x00000008   Data   RO         9165    .constdata          uCGUI_DEMO.lib(f08_1.o)
    0x08014958   0x00000008   Data   RO         9166    .constdata          uCGUI_DEMO.lib(f08_1.o)
    0x08014960   0x00000008   Data   RO         9167    .constdata          uCGUI_DEMO.lib(f08_1.o)
    0x08014968   0x00000008   Data   RO         9168    .constdata          uCGUI_DEMO.lib(f08_1.o)
    0x08014970   0x00000008   Data   RO         9169    .constdata          uCGUI_DEMO.lib(f08_1.o)
    0x08014978   0x00000008   Data   RO         9170    .constdata          uCGUI_DEMO.lib(f08_1.o)
    0x08014980   0x00000008   Data   RO         9171    .constdata          uCGUI_DEMO.lib(f08_1.o)
    0x08014988   0x00000008   Data   RO         9172    .constdata          uCGUI_DEMO.lib(f08_1.o)
    0x08014990   0x00000008   Data   RO         9173    .constdata          uCGUI_DEMO.lib(f08_1.o)
    0x08014998   0x00000008   Data   RO         9174    .constdata          uCGUI_DEMO.lib(f08_1.o)
    0x080149a0   0x00000008   Data   RO         9175    .constdata          uCGUI_DEMO.lib(f08_1.o)
    0x080149a8   0x00000008   Data   RO         9176    .constdata          uCGUI_DEMO.lib(f08_1.o)
    0x080149b0   0x00000008   Data   RO         9177    .constdata          uCGUI_DEMO.lib(f08_1.o)
    0x080149b8   0x00000008   Data   RO         9178    .constdata          uCGUI_DEMO.lib(f08_1.o)
    0x080149c0   0x00000008   Data   RO         9179    .constdata          uCGUI_DEMO.lib(f08_1.o)
    0x080149c8   0x00000008   Data   RO         9180    .constdata          uCGUI_DEMO.lib(f08_1.o)
    0x080149d0   0x00000008   Data   RO         9181    .constdata          uCGUI_DEMO.lib(f08_1.o)
    0x080149d8   0x00000008   Data   RO         9182    .constdata          uCGUI_DEMO.lib(f08_1.o)
    0x080149e0   0x00000008   Data   RO         9183    .constdata          uCGUI_DEMO.lib(f08_1.o)
    0x080149e8   0x00000008   Data   RO         9184    .constdata          uCGUI_DEMO.lib(f08_1.o)
    0x080149f0   0x00000008   Data   RO         9185    .constdata          uCGUI_DEMO.lib(f08_1.o)
    0x080149f8   0x00000008   Data   RO         9186    .constdata          uCGUI_DEMO.lib(f08_1.o)
    0x08014a00   0x00000008   Data   RO         9187    .constdata          uCGUI_DEMO.lib(f08_1.o)
    0x08014a08   0x00000300   Data   RO         9188    .constdata          uCGUI_DEMO.lib(f08_1.o)
    0x08014d08   0x0000000c   Data   RO         9189    .constdata          uCGUI_DEMO.lib(f08_1.o)
    0x08014d14   0x00000020   Data   RO         9190    .constdata          uCGUI_DEMO.lib(f08_1.o)
    0x08014d34   0x0000000d   Data   RO         9203    .constdata          uCGUI_DEMO.lib(f13_1.o)
    0x08014d41   0x0000000d   Data   RO         9204    .constdata          uCGUI_DEMO.lib(f13_1.o)
    0x08014d4e   0x0000000d   Data   RO         9205    .constdata          uCGUI_DEMO.lib(f13_1.o)
    0x08014d5b   0x0000000d   Data   RO         9206    .constdata          uCGUI_DEMO.lib(f13_1.o)
    0x08014d68   0x0000000d   Data   RO         9207    .constdata          uCGUI_DEMO.lib(f13_1.o)
    0x08014d75   0x0000000d   Data   RO         9208    .constdata          uCGUI_DEMO.lib(f13_1.o)
    0x08014d82   0x0000000d   Data   RO         9209    .constdata          uCGUI_DEMO.lib(f13_1.o)
    0x08014d8f   0x0000000d   Data   RO         9210    .constdata          uCGUI_DEMO.lib(f13_1.o)
    0x08014d9c   0x0000000d   Data   RO         9211    .constdata          uCGUI_DEMO.lib(f13_1.o)
    0x08014da9   0x0000001a   Data   RO         9212    .constdata          uCGUI_DEMO.lib(f13_1.o)
    0x08014dc3   0x0000000d   Data   RO         9213    .constdata          uCGUI_DEMO.lib(f13_1.o)
    0x08014dd0   0x0000000d   Data   RO         9214    .constdata          uCGUI_DEMO.lib(f13_1.o)
    0x08014ddd   0x0000000d   Data   RO         9215    .constdata          uCGUI_DEMO.lib(f13_1.o)
    0x08014dea   0x0000000d   Data   RO         9216    .constdata          uCGUI_DEMO.lib(f13_1.o)
    0x08014df7   0x0000001a   Data   RO         9217    .constdata          uCGUI_DEMO.lib(f13_1.o)
    0x08014e11   0x0000000d   Data   RO         9218    .constdata          uCGUI_DEMO.lib(f13_1.o)
    0x08014e1e   0x0000000d   Data   RO         9219    .constdata          uCGUI_DEMO.lib(f13_1.o)
    0x08014e2b   0x0000000d   Data   RO         9220    .constdata          uCGUI_DEMO.lib(f13_1.o)
    0x08014e38   0x0000000d   Data   RO         9221    .constdata          uCGUI_DEMO.lib(f13_1.o)
    0x08014e45   0x0000000d   Data   RO         9222    .constdata          uCGUI_DEMO.lib(f13_1.o)
    0x08014e52   0x0000000d   Data   RO         9223    .constdata          uCGUI_DEMO.lib(f13_1.o)
    0x08014e5f   0x0000000d   Data   RO         9224    .constdata          uCGUI_DEMO.lib(f13_1.o)
    0x08014e6c   0x0000000d   Data   RO         9225    .constdata          uCGUI_DEMO.lib(f13_1.o)
    0x08014e79   0x0000000d   Data   RO         9226    .constdata          uCGUI_DEMO.lib(f13_1.o)
    0x08014e86   0x0000000d   Data   RO         9227    .constdata          uCGUI_DEMO.lib(f13_1.o)
    0x08014e93   0x0000000d   Data   RO         9228    .constdata          uCGUI_DEMO.lib(f13_1.o)
    0x08014ea0   0x0000000d   Data   RO         9229    .constdata          uCGUI_DEMO.lib(f13_1.o)
    0x08014ead   0x0000000d   Data   RO         9230    .constdata          uCGUI_DEMO.lib(f13_1.o)
    0x08014eba   0x0000001a   Data   RO         9231    .constdata          uCGUI_DEMO.lib(f13_1.o)
    0x08014ed4   0x0000001a   Data   RO         9232    .constdata          uCGUI_DEMO.lib(f13_1.o)
    0x08014eee   0x0000001a   Data   RO         9233    .constdata          uCGUI_DEMO.lib(f13_1.o)
    0x08014f08   0x0000000d   Data   RO         9234    .constdata          uCGUI_DEMO.lib(f13_1.o)
    0x08014f15   0x0000000d   Data   RO         9235    .constdata          uCGUI_DEMO.lib(f13_1.o)
    0x08014f22   0x0000000d   Data   RO         9236    .constdata          uCGUI_DEMO.lib(f13_1.o)
    0x08014f2f   0x0000000d   Data   RO         9237    .constdata          uCGUI_DEMO.lib(f13_1.o)
    0x08014f3c   0x0000000d   Data   RO         9238    .constdata          uCGUI_DEMO.lib(f13_1.o)
    0x08014f49   0x0000000d   Data   RO         9239    .constdata          uCGUI_DEMO.lib(f13_1.o)
    0x08014f56   0x0000000d   Data   RO         9240    .constdata          uCGUI_DEMO.lib(f13_1.o)
    0x08014f63   0x0000001a   Data   RO         9241    .constdata          uCGUI_DEMO.lib(f13_1.o)
    0x08014f7d   0x0000000d   Data   RO         9242    .constdata          uCGUI_DEMO.lib(f13_1.o)
    0x08014f8a   0x0000000d   Data   RO         9243    .constdata          uCGUI_DEMO.lib(f13_1.o)
    0x08014f97   0x0000000d   Data   RO         9244    .constdata          uCGUI_DEMO.lib(f13_1.o)
    0x08014fa4   0x0000000d   Data   RO         9245    .constdata          uCGUI_DEMO.lib(f13_1.o)
    0x08014fb1   0x0000000d   Data   RO         9246    .constdata          uCGUI_DEMO.lib(f13_1.o)
    0x08014fbe   0x0000000d   Data   RO         9247    .constdata          uCGUI_DEMO.lib(f13_1.o)
    0x08014fcb   0x0000000d   Data   RO         9248    .constdata          uCGUI_DEMO.lib(f13_1.o)
    0x08014fd8   0x0000000d   Data   RO         9249    .constdata          uCGUI_DEMO.lib(f13_1.o)
    0x08014fe5   0x0000000d   Data   RO         9250    .constdata          uCGUI_DEMO.lib(f13_1.o)
    0x08014ff2   0x0000000d   Data   RO         9251    .constdata          uCGUI_DEMO.lib(f13_1.o)
    0x08014fff   0x0000000d   Data   RO         9252    .constdata          uCGUI_DEMO.lib(f13_1.o)
    0x0801500c   0x0000000d   Data   RO         9253    .constdata          uCGUI_DEMO.lib(f13_1.o)
    0x08015019   0x0000000d   Data   RO         9254    .constdata          uCGUI_DEMO.lib(f13_1.o)
    0x08015026   0x0000000d   Data   RO         9255    .constdata          uCGUI_DEMO.lib(f13_1.o)
    0x08015033   0x0000000d   Data   RO         9256    .constdata          uCGUI_DEMO.lib(f13_1.o)
    0x08015040   0x0000000d   Data   RO         9257    .constdata          uCGUI_DEMO.lib(f13_1.o)
    0x0801504d   0x0000000d   Data   RO         9258    .constdata          uCGUI_DEMO.lib(f13_1.o)
    0x0801505a   0x0000000d   Data   RO         9259    .constdata          uCGUI_DEMO.lib(f13_1.o)
    0x08015067   0x0000000d   Data   RO         9260    .constdata          uCGUI_DEMO.lib(f13_1.o)
    0x08015074   0x0000000d   Data   RO         9261    .constdata          uCGUI_DEMO.lib(f13_1.o)
    0x08015081   0x0000000d   Data   RO         9262    .constdata          uCGUI_DEMO.lib(f13_1.o)
    0x0801508e   0x0000000d   Data   RO         9263    .constdata          uCGUI_DEMO.lib(f13_1.o)
    0x0801509b   0x0000000d   Data   RO         9264    .constdata          uCGUI_DEMO.lib(f13_1.o)
    0x080150a8   0x0000000d   Data   RO         9265    .constdata          uCGUI_DEMO.lib(f13_1.o)
    0x080150b5   0x0000000d   Data   RO         9266    .constdata          uCGUI_DEMO.lib(f13_1.o)
    0x080150c2   0x0000000d   Data   RO         9267    .constdata          uCGUI_DEMO.lib(f13_1.o)
    0x080150cf   0x0000000d   Data   RO         9268    .constdata          uCGUI_DEMO.lib(f13_1.o)
    0x080150dc   0x0000000d   Data   RO         9269    .constdata          uCGUI_DEMO.lib(f13_1.o)
    0x080150e9   0x0000000d   Data   RO         9270    .constdata          uCGUI_DEMO.lib(f13_1.o)
    0x080150f6   0x0000000d   Data   RO         9271    .constdata          uCGUI_DEMO.lib(f13_1.o)
    0x08015103   0x0000000d   Data   RO         9272    .constdata          uCGUI_DEMO.lib(f13_1.o)
    0x08015110   0x0000001a   Data   RO         9273    .constdata          uCGUI_DEMO.lib(f13_1.o)
    0x0801512a   0x0000000d   Data   RO         9274    .constdata          uCGUI_DEMO.lib(f13_1.o)
    0x08015137   0x0000000d   Data   RO         9275    .constdata          uCGUI_DEMO.lib(f13_1.o)
    0x08015144   0x0000000d   Data   RO         9276    .constdata          uCGUI_DEMO.lib(f13_1.o)
    0x08015151   0x0000000d   Data   RO         9277    .constdata          uCGUI_DEMO.lib(f13_1.o)
    0x0801515e   0x0000000d   Data   RO         9278    .constdata          uCGUI_DEMO.lib(f13_1.o)
    0x0801516b   0x0000000d   Data   RO         9279    .constdata          uCGUI_DEMO.lib(f13_1.o)
    0x08015178   0x0000000d   Data   RO         9280    .constdata          uCGUI_DEMO.lib(f13_1.o)
    0x08015185   0x0000000d   Data   RO         9281    .constdata          uCGUI_DEMO.lib(f13_1.o)
    0x08015192   0x0000000d   Data   RO         9282    .constdata          uCGUI_DEMO.lib(f13_1.o)
    0x0801519f   0x0000000d   Data   RO         9283    .constdata          uCGUI_DEMO.lib(f13_1.o)
    0x080151ac   0x0000000d   Data   RO         9284    .constdata          uCGUI_DEMO.lib(f13_1.o)
    0x080151b9   0x0000000d   Data   RO         9285    .constdata          uCGUI_DEMO.lib(f13_1.o)
    0x080151c6   0x0000000d   Data   RO         9286    .constdata          uCGUI_DEMO.lib(f13_1.o)
    0x080151d3   0x0000000d   Data   RO         9287    .constdata          uCGUI_DEMO.lib(f13_1.o)
    0x080151e0   0x0000000d   Data   RO         9288    .constdata          uCGUI_DEMO.lib(f13_1.o)
    0x080151ed   0x0000000d   Data   RO         9289    .constdata          uCGUI_DEMO.lib(f13_1.o)
    0x080151fa   0x0000000d   Data   RO         9290    .constdata          uCGUI_DEMO.lib(f13_1.o)
    0x08015207   0x0000000d   Data   RO         9291    .constdata          uCGUI_DEMO.lib(f13_1.o)
    0x08015214   0x0000000d   Data   RO         9292    .constdata          uCGUI_DEMO.lib(f13_1.o)
    0x08015221   0x0000000d   Data   RO         9293    .constdata          uCGUI_DEMO.lib(f13_1.o)
    0x0801522e   0x0000000d   Data   RO         9294    .constdata          uCGUI_DEMO.lib(f13_1.o)
    0x0801523b   0x0000000d   Data   RO         9295    .constdata          uCGUI_DEMO.lib(f13_1.o)
    0x08015248   0x0000000d   Data   RO         9296    .constdata          uCGUI_DEMO.lib(f13_1.o)
    0x08015255   0x0000000d   Data   RO         9297    .constdata          uCGUI_DEMO.lib(f13_1.o)
    0x08015262   0x0000000d   Data   RO         9298    .constdata          uCGUI_DEMO.lib(f13_1.o)
    0x0801526f   0x00000001   PAD
    0x08015270   0x00000300   Data   RO         9299    .constdata          uCGUI_DEMO.lib(f13_1.o)
    0x08015570   0x0000000c   Data   RO         9300    .constdata          uCGUI_DEMO.lib(f13_1.o)
    0x0801557c   0x00000020   Data   RO         9301    .constdata          uCGUI_DEMO.lib(f13_1.o)
    0x0801559c   0x00000018   Data   RO         9314    .constdata          uCGUI_DEMO.lib(f24b_ascii.o)
    0x080155b4   0x00000018   Data   RO         9315    .constdata          uCGUI_DEMO.lib(f24b_ascii.o)
    0x080155cc   0x00000030   Data   RO         9316    .constdata          uCGUI_DEMO.lib(f24b_ascii.o)
    0x080155fc   0x00000030   Data   RO         9317    .constdata          uCGUI_DEMO.lib(f24b_ascii.o)
    0x0801562c   0x00000030   Data   RO         9318    .constdata          uCGUI_DEMO.lib(f24b_ascii.o)
    0x0801565c   0x00000048   Data   RO         9319    .constdata          uCGUI_DEMO.lib(f24b_ascii.o)
    0x080156a4   0x00000030   Data   RO         9320    .constdata          uCGUI_DEMO.lib(f24b_ascii.o)
    0x080156d4   0x00000018   Data   RO         9321    .constdata          uCGUI_DEMO.lib(f24b_ascii.o)
    0x080156ec   0x00000018   Data   RO         9322    .constdata          uCGUI_DEMO.lib(f24b_ascii.o)
    0x08015704   0x00000018   Data   RO         9323    .constdata          uCGUI_DEMO.lib(f24b_ascii.o)
    0x0801571c   0x00000018   Data   RO         9324    .constdata          uCGUI_DEMO.lib(f24b_ascii.o)
    0x08015734   0x00000030   Data   RO         9325    .constdata          uCGUI_DEMO.lib(f24b_ascii.o)
    0x08015764   0x00000018   Data   RO         9326    .constdata          uCGUI_DEMO.lib(f24b_ascii.o)
    0x0801577c   0x00000018   Data   RO         9327    .constdata          uCGUI_DEMO.lib(f24b_ascii.o)
    0x08015794   0x00000018   Data   RO         9328    .constdata          uCGUI_DEMO.lib(f24b_ascii.o)
    0x080157ac   0x00000018   Data   RO         9329    .constdata          uCGUI_DEMO.lib(f24b_ascii.o)
    0x080157c4   0x00000030   Data   RO         9330    .constdata          uCGUI_DEMO.lib(f24b_ascii.o)
    0x080157f4   0x00000030   Data   RO         9331    .constdata          uCGUI_DEMO.lib(f24b_ascii.o)
    0x08015824   0x00000030   Data   RO         9332    .constdata          uCGUI_DEMO.lib(f24b_ascii.o)
    0x08015854   0x00000030   Data   RO         9333    .constdata          uCGUI_DEMO.lib(f24b_ascii.o)
    0x08015884   0x00000030   Data   RO         9334    .constdata          uCGUI_DEMO.lib(f24b_ascii.o)
    0x080158b4   0x00000030   Data   RO         9335    .constdata          uCGUI_DEMO.lib(f24b_ascii.o)
    0x080158e4   0x00000030   Data   RO         9336    .constdata          uCGUI_DEMO.lib(f24b_ascii.o)
    0x08015914   0x00000030   Data   RO         9337    .constdata          uCGUI_DEMO.lib(f24b_ascii.o)
    0x08015944   0x00000030   Data   RO         9338    .constdata          uCGUI_DEMO.lib(f24b_ascii.o)
    0x08015974   0x00000030   Data   RO         9339    .constdata          uCGUI_DEMO.lib(f24b_ascii.o)
    0x080159a4   0x00000018   Data   RO         9340    .constdata          uCGUI_DEMO.lib(f24b_ascii.o)
    0x080159bc   0x00000018   Data   RO         9341    .constdata          uCGUI_DEMO.lib(f24b_ascii.o)
    0x080159d4   0x00000030   Data   RO         9342    .constdata          uCGUI_DEMO.lib(f24b_ascii.o)
    0x08015a04   0x00000030   Data   RO         9343    .constdata          uCGUI_DEMO.lib(f24b_ascii.o)
    0x08015a34   0x00000030   Data   RO         9344    .constdata          uCGUI_DEMO.lib(f24b_ascii.o)
    0x08015a64   0x00000030   Data   RO         9345    .constdata          uCGUI_DEMO.lib(f24b_ascii.o)
    0x08015a94   0x00000048   Data   RO         9346    .constdata          uCGUI_DEMO.lib(f24b_ascii.o)
    0x08015adc   0x00000030   Data   RO         9347    .constdata          uCGUI_DEMO.lib(f24b_ascii.o)
    0x08015b0c   0x00000030   Data   RO         9348    .constdata          uCGUI_DEMO.lib(f24b_ascii.o)
    0x08015b3c   0x00000030   Data   RO         9349    .constdata          uCGUI_DEMO.lib(f24b_ascii.o)
    0x08015b6c   0x00000030   Data   RO         9350    .constdata          uCGUI_DEMO.lib(f24b_ascii.o)
    0x08015b9c   0x00000030   Data   RO         9351    .constdata          uCGUI_DEMO.lib(f24b_ascii.o)
    0x08015bcc   0x00000030   Data   RO         9352    .constdata          uCGUI_DEMO.lib(f24b_ascii.o)
    0x08015bfc   0x00000030   Data   RO         9353    .constdata          uCGUI_DEMO.lib(f24b_ascii.o)
    0x08015c2c   0x00000030   Data   RO         9354    .constdata          uCGUI_DEMO.lib(f24b_ascii.o)
    0x08015c5c   0x00000018   Data   RO         9355    .constdata          uCGUI_DEMO.lib(f24b_ascii.o)
    0x08015c74   0x00000030   Data   RO         9356    .constdata          uCGUI_DEMO.lib(f24b_ascii.o)
    0x08015ca4   0x00000030   Data   RO         9357    .constdata          uCGUI_DEMO.lib(f24b_ascii.o)
    0x08015cd4   0x00000030   Data   RO         9358    .constdata          uCGUI_DEMO.lib(f24b_ascii.o)
    0x08015d04   0x00000048   Data   RO         9359    .constdata          uCGUI_DEMO.lib(f24b_ascii.o)
    0x08015d4c   0x00000030   Data   RO         9360    .constdata          uCGUI_DEMO.lib(f24b_ascii.o)
    0x08015d7c   0x00000030   Data   RO         9361    .constdata          uCGUI_DEMO.lib(f24b_ascii.o)
    0x08015dac   0x00000030   Data   RO         9362    .constdata          uCGUI_DEMO.lib(f24b_ascii.o)
    0x08015ddc   0x00000030   Data   RO         9363    .constdata          uCGUI_DEMO.lib(f24b_ascii.o)
    0x08015e0c   0x00000030   Data   RO         9364    .constdata          uCGUI_DEMO.lib(f24b_ascii.o)
    0x08015e3c   0x00000030   Data   RO         9365    .constdata          uCGUI_DEMO.lib(f24b_ascii.o)
    0x08015e6c   0x00000030   Data   RO         9366    .constdata          uCGUI_DEMO.lib(f24b_ascii.o)
    0x08015e9c   0x00000030   Data   RO         9367    .constdata          uCGUI_DEMO.lib(f24b_ascii.o)
    0x08015ecc   0x00000030   Data   RO         9368    .constdata          uCGUI_DEMO.lib(f24b_ascii.o)
    0x08015efc   0x00000048   Data   RO         9369    .constdata          uCGUI_DEMO.lib(f24b_ascii.o)
    0x08015f44   0x00000030   Data   RO         9370    .constdata          uCGUI_DEMO.lib(f24b_ascii.o)
    0x08015f74   0x00000030   Data   RO         9371    .constdata          uCGUI_DEMO.lib(f24b_ascii.o)
    0x08015fa4   0x00000030   Data   RO         9372    .constdata          uCGUI_DEMO.lib(f24b_ascii.o)
    0x08015fd4   0x00000018   Data   RO         9373    .constdata          uCGUI_DEMO.lib(f24b_ascii.o)
    0x08015fec   0x00000018   Data   RO         9374    .constdata          uCGUI_DEMO.lib(f24b_ascii.o)
    0x08016004   0x00000018   Data   RO         9375    .constdata          uCGUI_DEMO.lib(f24b_ascii.o)
    0x0801601c   0x00000030   Data   RO         9376    .constdata          uCGUI_DEMO.lib(f24b_ascii.o)
    0x0801604c   0x00000030   Data   RO         9377    .constdata          uCGUI_DEMO.lib(f24b_ascii.o)
    0x0801607c   0x00000018   Data   RO         9378    .constdata          uCGUI_DEMO.lib(f24b_ascii.o)
    0x08016094   0x00000030   Data   RO         9379    .constdata          uCGUI_DEMO.lib(f24b_ascii.o)
    0x080160c4   0x00000030   Data   RO         9380    .constdata          uCGUI_DEMO.lib(f24b_ascii.o)
    0x080160f4   0x00000030   Data   RO         9381    .constdata          uCGUI_DEMO.lib(f24b_ascii.o)
    0x08016124   0x00000030   Data   RO         9382    .constdata          uCGUI_DEMO.lib(f24b_ascii.o)
    0x08016154   0x00000030   Data   RO         9383    .constdata          uCGUI_DEMO.lib(f24b_ascii.o)
    0x08016184   0x00000018   Data   RO         9384    .constdata          uCGUI_DEMO.lib(f24b_ascii.o)
    0x0801619c   0x00000030   Data   RO         9385    .constdata          uCGUI_DEMO.lib(f24b_ascii.o)
    0x080161cc   0x00000030   Data   RO         9386    .constdata          uCGUI_DEMO.lib(f24b_ascii.o)
    0x080161fc   0x00000018   Data   RO         9387    .constdata          uCGUI_DEMO.lib(f24b_ascii.o)
    0x08016214   0x00000018   Data   RO         9388    .constdata          uCGUI_DEMO.lib(f24b_ascii.o)
    0x0801622c   0x00000030   Data   RO         9389    .constdata          uCGUI_DEMO.lib(f24b_ascii.o)
    0x0801625c   0x00000018   Data   RO         9390    .constdata          uCGUI_DEMO.lib(f24b_ascii.o)
    0x08016274   0x00000048   Data   RO         9391    .constdata          uCGUI_DEMO.lib(f24b_ascii.o)
    0x080162bc   0x00000030   Data   RO         9392    .constdata          uCGUI_DEMO.lib(f24b_ascii.o)
    0x080162ec   0x00000030   Data   RO         9393    .constdata          uCGUI_DEMO.lib(f24b_ascii.o)
    0x0801631c   0x00000030   Data   RO         9394    .constdata          uCGUI_DEMO.lib(f24b_ascii.o)
    0x0801634c   0x00000030   Data   RO         9395    .constdata          uCGUI_DEMO.lib(f24b_ascii.o)
    0x0801637c   0x00000018   Data   RO         9396    .constdata          uCGUI_DEMO.lib(f24b_ascii.o)
    0x08016394   0x00000030   Data   RO         9397    .constdata          uCGUI_DEMO.lib(f24b_ascii.o)
    0x080163c4   0x00000018   Data   RO         9398    .constdata          uCGUI_DEMO.lib(f24b_ascii.o)
    0x080163dc   0x00000030   Data   RO         9399    .constdata          uCGUI_DEMO.lib(f24b_ascii.o)
    0x0801640c   0x00000030   Data   RO         9400    .constdata          uCGUI_DEMO.lib(f24b_ascii.o)
    0x0801643c   0x00000030   Data   RO         9401    .constdata          uCGUI_DEMO.lib(f24b_ascii.o)
    0x0801646c   0x00000030   Data   RO         9402    .constdata          uCGUI_DEMO.lib(f24b_ascii.o)
    0x0801649c   0x00000030   Data   RO         9403    .constdata          uCGUI_DEMO.lib(f24b_ascii.o)
    0x080164cc   0x00000030   Data   RO         9404    .constdata          uCGUI_DEMO.lib(f24b_ascii.o)
    0x080164fc   0x00000018   Data   RO         9405    .constdata          uCGUI_DEMO.lib(f24b_ascii.o)
    0x08016514   0x00000018   Data   RO         9406    .constdata          uCGUI_DEMO.lib(f24b_ascii.o)
    0x0801652c   0x00000018   Data   RO         9407    .constdata          uCGUI_DEMO.lib(f24b_ascii.o)
    0x08016544   0x00000030   Data   RO         9408    .constdata          uCGUI_DEMO.lib(f24b_ascii.o)
    0x08016574   0x000002f8   Data   RO         9409    .constdata          uCGUI_DEMO.lib(f24b_ascii.o)
    0x0801686c   0x00000018   Data   RO         9619    .constdata          uCGUI_DEMO.lib(widget_effect_3d.o)
    0x08016884   0x000002f8   Data   RO        10231    .constdata          uCGUI_DEMO.lib(f08_ascii.o)
    0x08016b7c   0x000002f8   Data   RO        10232    .constdata          uCGUI_DEMO.lib(f08_ascii.o)
    0x08016e74   0x0000000c   Data   RO        10233    .constdata          uCGUI_DEMO.lib(f08_ascii.o)
    0x08016e80   0x00000020   Data   RO        10264    .constdata          uCGUI_DEMO.lib(guidev_16.o)
    0x08016ea0   0x00000040   Data   RO        10265    .constdata          uCGUI_DEMO.lib(guidev_16.o)
    0x08016ee0   0x00000014   Data   RO        10569    .constdata          uCGUI_DEMO.lib(gui_cursorarrowm.o)
    0x08016ef4   0x0000000c   Data   RO        10570    .constdata          uCGUI_DEMO.lib(gui_cursorarrowm.o)
    0x08016f00   0x00000100   Data   RO        10637    .constdata          uCGUI_DEMO.lib(lcd_mirror.o)
    0x08017000   0x00000018   Data   RO        10662    .constdata          uCGUI_DEMO.lib(guidev_usagebm.o)
    0x08017018   0x0000003c   Data   RO        10735    .constdata          uCGUI_DEMO.lib(gui_cursorarrowmpx.o)
    0x08017054   0x0000000c   Data   RO        10748    .constdata          uCGUI_DEMO.lib(gui_cursorpal.o)
    0x08017060   0x0000000c   Data   RO        10749    .constdata          uCGUI_DEMO.lib(gui_cursorpal.o)
    0x0801706c   0x000000fe   Data   RO         1025    .conststring        fun.o
    0x0801716a   0x00000002   PAD
    0x0801716c   0x00000020   Data   RO        11091    Region$$Table       anon$$obj.o


    Execution Region RW_IRAM1 (Base: 0x20000000, Size: 0x0000c690, Max: 0x00010000, ABSOLUTE, COMPRESSED[0x00000150])

    Base Addr    Size         Type   Attr      Idx    E Section Name        Object

    0x20000000   0x00000001   Data   RW           26    .data               app.o
    0x20000001   0x00000001   PAD
    0x20000002   0x0000000a   Data   RW          440    .data               data_poll.o
    0x2000000c   0x00000004   Data   RW          441    .data               data_poll.o
    0x20000010   0x00000002   Data   RW          442    .data               data_poll.o
    0x20000012   0x00000001   Data   RW          443    .data               data_poll.o
    0x20000013   0x00000008   Data   RW          567    .data               adc.o
    0x2000001b   0x00000008   Data   RW          568    .data               adc.o
    0x20000023   0x00000008   Data   RW          569    .data               adc.o
    0x2000002b   0x00000008   Data   RW          570    .data               adc.o
    0x20000033   0x00000008   Data   RW          572    .data               adc.o
    0x2000003b   0x00000008   Data   RW          573    .data               adc.o
    0x20000043   0x00000008   Data   RW          574    .data               adc.o
    0x2000004b   0x00000008   Data   RW          575    .data               adc.o
    0x20000053   0x00000008   Data   RW          576    .data               adc.o
    0x2000005b   0x00000001   PAD
    0x2000005c   0x00000048   Data   RW         1026    .data               fun.o
    0x200000a4   0x00000004   PAD
    0x200000a8   0x00000008   Data   RW         1226    .data               dac.o
    0x200000b0   0x00000010   Data   RW         1227    .data               dac.o
    0x200000c0   0x00000004   Data   RW         1228    .data               dac.o
    0x200000c4   0x00000004   Data   RW         1229    .data               dac.o
    0x200000c8   0x00000004   Data   RW         1230    .data               dac.o
    0x200000cc   0x0000001c   Data   RW         1272    .data               flash.o
    0x200000e8   0x00000014   Data   RW         2997    .data               stm32f10x_rcc.o
    0x200000fc   0x00000048   Data   RW         4509    .data               cpal_i2c_hal_stm32f10x.o
    0x20000144   0x00000004   Data   RW         4999    .data               usb_int.o
    0x20000148   0x00000001   Data   RW         5029    .data               usb_init.o
    0x20000149   0x00000003   PAD
    0x2000014c   0x0000000c   Data   RW         5030    .data               usb_init.o
    0x20000158   0x00000002   Data   RW         5032    .data               usb_init.o
    0x2000015a   0x00000004   Data   RW         5072    .data               usb_core.o
    0x2000015e   0x0000001a   Data   RW         5251    .data               usb_desc.o
    0x20000178   0x00000004   Data   RW         5269    .data               usb_endp.o
    0x2000017c   0x00000004   Data   RW         5295    .data               usb_istr.o
    0x20000180   0x0000001c   Data   RW         5296    .data               usb_istr.o
    0x2000019c   0x0000001c   Data   RW         5297    .data               usb_istr.o
    0x200001b8   0x0000006c   Data   RW         5328    .data               usb_prop.o
    0x20000224   0x00000002   Data   RW         5329    .data               usb_prop.o
    0x20000226   0x00000002   PAD
    0x20000228   0x00000024   Data   RW         5330    .data               usb_prop.o
    0x2000024c   0x00000004   Data   RW         5422    .data               usb_pwr.o
    0x20000250   0x00000038   Data   RW         5577    .data               os_core.o
    0x20000288   0x00000004   Data   RW         5578    .data               os_core.o
    0x2000028c   0x00000014   Data   RW         6187    .data               gui_x_ucos.o
    0x200002a0   0x00000024   Data   RW         6625    .data               lcd_dis24.o
    0x200002c4   0x00000030   Data   RW         6740    .data               graph.o
    0x200002f4   0x00000008   Data   RW         7096    .data               graph_scale.o
    0x200002fc   0x00000008   Data   RW         7259    .data               uCGUI_DEMO.lib(gui_dispstringinrectex.o)
    0x20000304   0x00000004   Data   RW         7319    .data               uCGUI_DEMO.lib(gui_fillpolygon.o)
    0x20000308   0x00000038   Data   RW         7445    .data               uCGUI_DEMO.lib(gui_touch_driveranalog.o)
    0x20000340   0x00000001   Data   RW         7475    .data               uCGUI_DEMO.lib(guialloc.o)
    0x20000341   0x00000001   Data   RW         7493    .data               uCGUI_DEMO.lib(guicore.o)
    0x20000342   0x00000002   PAD
    0x20000344   0x00000004   Data   RW         7494    .data               uCGUI_DEMO.lib(guicore.o)
    0x20000348   0x00000004   Data   RW         7495    .data               uCGUI_DEMO.lib(guicore.o)
    0x2000034c   0x00000004   Data   RW         7496    .data               uCGUI_DEMO.lib(guicore.o)
    0x20000350   0x00000004   Data   RW         7497    .data               uCGUI_DEMO.lib(guicore.o)
    0x20000354   0x00000004   Data   RW         7498    .data               uCGUI_DEMO.lib(guicore.o)
    0x20000358   0x00000004   Data   RW         7499    .data               uCGUI_DEMO.lib(guicore.o)
    0x2000035c   0x0000000c   Data   RW         7519    .data               uCGUI_DEMO.lib(guitask.o)
    0x20000368   0x00000008   Data   RW         7561    .data               uCGUI_DEMO.lib(lcd_rotateccw.o)
    0x20000370   0x00000020   Data   RW         8204    .data               uCGUI_DEMO.lib(button.o)
    0x20000390   0x00000004   Data   RW         8282    .data               uCGUI_DEMO.lib(dialog.o)
    0x20000394   0x00000024   Data   RW         8327    .data               uCGUI_DEMO.lib(framewin.o)
    0x200003b8   0x00000004   Data   RW         8452    .data               uCGUI_DEMO.lib(widget.o)
    0x200003bc   0x00000028   Data   RW         8470    .data               uCGUI_DEMO.lib(wm.o)
    0x200003e4   0x00000001   Data   RW         8471    .data               uCGUI_DEMO.lib(wm.o)
    0x200003e5   0x00000003   PAD
    0x200003e8   0x00000010   Data   RW         8875    .data               uCGUI_DEMO.lib(gui_onkey.o)
    0x200003f8   0x00000008   Data   RW         8936    .data               uCGUI_DEMO.lib(gui_touch_storeunstable.o)
    0x20000400   0x00000004   Data   RW         9043    .data               uCGUI_DEMO.lib(lcd_api.o)
    0x20000404   0x00000008   Data   RW         9602    .data               uCGUI_DEMO.lib(text.o)
    0x2000040c   0x00000004   Data   RW         9884    .data               uCGUI_DEMO.lib(wm_setcapturemove.o)
    0x20000410   0x00000010   Data   RW         9971    .data               uCGUI_DEMO.lib(wmtouch.o)
    0x20000420   0x00000030   Data   RW        10187    .data               uCGUI_DEMO.lib(guicurs.o)
    0x20000450   0x00000014   Data   RW        10357    .data               uCGUI_DEMO.lib(scrollbar.o)
    0x20000464   0x00001a00   Zero   RW           25    .bss                app.o
    0x20001e64   0x000020b8   Zero   RW          439    .bss                data_poll.o
    0x20003f1c   0x000036bc   Zero   RW          566    .bss                adc.o
    0x200075d8   0x00001220   Zero   RW         1023    .bss                fun.o
    0x200087f8   0x00000fa0   Zero   RW         1224    .bss                dac.o
    0x20009798   0x0000002c   Zero   RW         4500    .bss                cpal_i2c_hal_stm32f10x.o
    0x200097c4   0x0000001c   Zero   RW         5028    .bss                usb_init.o
    0x200097e0   0x00000040   Zero   RW         5266    .bss                usb_endp.o
    0x20009820   0x000009e0   Zero   RW         5574    .bss                os_core.o
    0x2000a200   0x0000008c   Zero   RW         5575    .bss                os_core.o
    0x2000a28c   0x00000018   Zero   RW         7318    .bss                uCGUI_DEMO.lib(gui_fillpolygon.o)
    0x2000a2a4   0x00001750   Zero   RW         7474    .bss                uCGUI_DEMO.lib(guialloc.o)
    0x2000b9f4   0x00000060   Zero   RW         7491    .bss                uCGUI_DEMO.lib(guicore.o)
    0x2000ba54   0x00000190   Zero   RW         7518    .bss                uCGUI_DEMO.lib(guitask.o)
    0x2000bbe4   0x0000000c   Zero   RW         8468    .bss                uCGUI_DEMO.lib(wm.o)
    0x2000bbf0   0x00000018   Zero   RW         8469    .bss                uCGUI_DEMO.lib(wm.o)
    0x2000bc08   0x0000000c   Zero   RW        10111    .bss                uCGUI_DEMO.lib(gui_pid.o)
    0x2000bc14   0x0000000c   Zero   RW        10137    .bss                uCGUI_DEMO.lib(gui_touch_storestate.o)
    0x2000bc20   0x00000200   Zero   RW        10201    .bss                uCGUI_DEMO.lib(lcdcolor.o)
    0x2000be20   0x0000000c   Zero   RW        10612    .bss                uCGUI_DEMO.lib(gui_touch.o)
    0x2000be2c   0x00000060   Zero   RW        10954    .bss                c_w.l(libspace.o)
    0x2000be8c   0x00000004   PAD
    0x2000be90   0x00000400   Zero   RW            2    HEAP                stm32f10x_startup.o
    0x2000c290   0x00000400   Zero   RW            1    STACK               stm32f10x_startup.o


==============================================================================

Image component sizes


      Code (inc. data)   RO Data    RW Data    ZI Data      Debug   Object Name

       526         38          0         72      14012       3391   adc.o
       684        102          0          1       6656     342556   app.o
       790         56          0          0          0      20583   bsp.o
      1070         38          0          0          0       6814   cpal_i2c.o
       156         34         72         72         44       7922   cpal_i2c_hal_stm32f10x.o
        32          8          0          0          0      16167   cpal_usercallback.o
        22          0          0          0          0        336   cpu_a.o
       658         76         92         36       4000       4979   dac.o
      1312        124          0         17       8376      11204   data_poll.o
       244         22          0         28          0       2967   flash.o
       232         10          0          0          0        752   fsmc_sram.o
      3404        368       1710         72       4640      19718   fun.o
        54          0          0          0          0       1130   gpio.o
      2106          8          0         48          0      25396   graph.o
        50          0          0          0          0       2333   graph_createindirect.o
       384          8          0          0          0       4084   graph_data_yt.o
       684         10          0          8          0       6818   graph_scale.o
       524         22          0          0          0       2398   gui_drawgraphex.o
       236          8         40          0          0       2898   gui_x_touch.o
       102         26          0         20          0       3459   gui_x_ucos.o
       270         20          0          0          0       5578   hw_config.o
       136         16          0          0          0       2301   ili9320.o
       844          6          0          0          0       2267   ili9320_api.o
      2072         74          0          0          0      21191   ili9320_ucgui.o
       614         26          0         36          0       3931   lcd_dis24.o
       120         14          0          0          0       2123   misc.o
      1670        186        256         60       2668      24849   os_core.o
       168         40          0          0          0        392   os_cpu_a.o
       116          0          0          0          0       5215   os_cpu_c.o
        68         10          0          0          0       9327   os_flag.o
        72         10          0          0          0        759   os_mbox.o
       340         24          0          0          0       2794   os_sem.o
       570         44          0          0          0       5056   os_task.o
       208         26          0          0          0       2152   os_time.o
       308         10          0          0          0       9360   stm32f10x_adc.o
       156         24          0          0          0       4633   stm32f10x_dac.o
       412         28          0          0          0       6651   stm32f10x_dma.o
       236         36          0          0          0       5164   stm32f10x_flash.o
       238          6          0          0          0       2421   stm32f10x_fsmc.o
       188          0          0          0          0       4597   stm32f10x_gpio.o
       358         46          0          0          0      21620   stm32f10x_it.o
        68         30          0          0          0       3282   stm32f10x_iwdg.o
       288         48          0         20          0       7540   stm32f10x_rcc.o
       102          0          0          0          0       4910   stm32f10x_spi.o
       308        280          0          0       2048        724   stm32f10x_startup.o
       350         50          0          0          0       4838   stm32f10x_tim.o
       134          0          0          0          0       5106   stm32f10x_usart.o
       260         26          0          0          0       2057   system_stm32f10x.o
      2322        280          0          4          0      16687   usb_core.o
         0          0        177         26          0       1183   usb_desc.o
        86         16          0          4         64       2744   usb_endp.o
        40         18          0         15         28       4358   usb_init.o
       568         52          0          4          0       2677   usb_int.o
        96         16          0         60          0       1464   usb_istr.o
        80         12          0          0          0       2100   usb_mem.o
       574        100          0        146          0      12405   usb_prop.o
        44          8          0          4          0       2033   usb_pwr.o
       618        104          0          0          0      11439   usb_regs.o
        68          8          0          0          0       2110   usb_sil.o
        36          0          0          0          0        527   watchdog.o

    ----------------------------------------------------------------------
     28550       2652       2384        764      42536     716470   Object Totals
         0          0         32          0          0          0   (incl. Generated)
        74          0          5         11          0          0   (incl. Padding)

    ----------------------------------------------------------------------

      Code (inc. data)   RO Data    RW Data    ZI Data      Debug   Library Member Name

        90          0          0          0          0          0   __dczerorl2.o
         8          0          0          0          0         68   __main.o
         0          0          0          0          0          0   __rtentry.o
        12          0          0          0          0          0   __rtentry2.o
         6          0          0          0          0          0   __rtentry4.o
        52          8          0          0          0          0   __scatter.o
        28          0          0          0          0          0   __scatter_zi.o
        16          0          0          0          0         68   aeabi_memset.o
        12          0          0          0          0         72   exit.o
         6          0          0          0          0        152   heapauxi.o
         0          0          0          0          0          0   indicate_semi.o
         2          0          0          0          0          0   libinit.o
         2          0          0          0          0          0   libinit2.o
         2          0          0          0          0          0   libshutdown.o
         2          0          0          0          0          0   libshutdown2.o
         8          4          0          0         96         68   libspace.o
        88          0          0          0          0         76   memcmp.o
        68          0          0          0          0         68   rt_memclr.o
        78          0          0          0          0         80   rt_memclr_w.o
       138          0          0          0          0         68   rt_memcpy_v6.o
       100          0          0          0          0         80   rt_memcpy_w.o
       132          0          0          0          0         68   rt_memmove_v6.o
       122          0          0          0          0         80   rt_memmove_w.o
         2          0          0          0          0          0   rtexit.o
        10          0          0          0          0          0   rtexit2.o
        72          0          0          0          0         80   strcpy.o
        62          0          0          0          0         76   strlen.o
        12          4          0          0          0         68   sys_exit.o
        74          0          0          0          0         80   sys_stackheap_outer.o
         2          0          0          0          0         68   use_no_semi.o
        98          4          0          0          0         92   d2f.o
       826         16          0          0          0        348   daddsub_clz.o
        16          4          0          0          0         68   dcheck1.o
        24          0          0          0          0         68   dcmpi.o
       688        140          0          0          0        208   ddiv.o
       120          4          0          0          0         92   deqf.o
        94          4          0          0          0         92   dfix.o
        90          4          0          0          0         92   dfixu.o
        84          0          0          0          0        136   dflt_clz.o
       120          4          0          0          0         92   dleqf.o
       340         12          0          0          0        104   dmul.o
       156          4          0          0          0         92   dnaninf.o
        12          0          0          0          0         68   dretinf.o
       108          0          0          0          0         80   drleqf.o
        86          4          0          0          0         84   f2d.o
       450          8          0          0          0        236   faddsub_clz.o
        24          0          0          0          0         68   fcmpi.o
       388         76          0          0          0         96   fdiv.o
       104          4          0          0          0         84   feqf.o
        54          4          0          0          0         84   ffix.o
        86          0          0          0          0        136   fflt_clz.o
       258          4          0          0          0         84   fmul.o
       140          4          0          0          0         84   fnaninf.o
        10          0          0          0          0         68   fretinf.o
       100          0          0          0          0         68   retnan.o
        92          0          0          0          0         68   scalbn.o
        48          0          0          0          0         68   trapv.o
         0          0          0          0          0          0   usenofp.o
       220         16          0          0          0         84   floor.o
       772          4          0         32          0      35659   button.o
        60          0          0          0          0        852   button_createindirect.o
       260          4          0          4          0       6372   dialog.o
         0          0       1588          0          0       6016   f08_1.o
         0          0       1532          0          0        936   f08_ascii.o
         0          0       2151          0          0       6416   f13_1.o
         0          0       2078          0          0       6959   f13_ascii.o
         0          0       2221          0          0       7350   f13b_ascii.o
         0          0       2692          0          0       7350   f16b_ascii.o
         0          0       5024          0          0       6675   f24b_1.o
         0          0       4816          0          0       7350   f24b_ascii.o
         0          0       1812          0          0      11683   f6x8.o
      1688         18          0         36          0       9518   framewin.o
       212          0          0          0          0       1646   framewin__updatebuttons.o
        64          0          0          0          0        898   framewin_createindirect.o
        58          0          0          0          0       2416   framewin_setfont.o
      1528         18         68          0          0      33485   gui2dlib.o
       160          0          0          0          0       1564   gui__calctextrect.o
        22          0          0          0          0        679   gui__divideround.o
        16          4          0          0          0        572   gui__getfontsizey.o
        22          0          0          0          0        736   gui__handleeoline.o
        58          0          0          0          0       1069   gui__intersectrect.o
        82          0          0          0          0       1290   gui__intersectrects.o
        76          0          0          0          0        890   gui__memset.o
        58          0          0          0          0        880   gui__memset16.o
        26          0          0          0          0       1086   gui__reducerect.o
        66          0          0          0          0        831   gui__settext.o
        68          6          0          0          0        981   gui__strcmp.o
        20          0          0          0          0        622   gui__strlen.o
        26          0          0          0          0        708   gui_adddecmin.o
       188          8         40          0          0       2443   gui_adddecshift.o
        58          0          0          0          0        858   gui_alloc_allocinit.o
        40          0          0          0          0        686   gui_alloc_alloczero.o
       332          0          0          0          0       4320   gui_array.o
        20          0          0          0          0        978   gui_clearrectex.o
         0          0         32          0          0      15968   gui_cursorarrowm.o
         0          0         60          0          0        772   gui_cursorarrowmpx.o
         0          0         24          0          0        796   gui_cursorpal.o
       244          4          0          0          0       1081   gui_dispstring.o
        36          4          0          0          0        743   gui_dispstringat.o
       400          6          0          0          0       2509   gui_dispstringinrect.o
       192         14          0          8          0       2186   gui_dispstringinrectex.o
        74          0          0          0          0       1727   gui_draw.o
       160          4          0          0          0       1292   gui_drawfocusrect.o
        84          6          0          0          0        724   gui_drawhline.o
        76          4          0          0          0        712   gui_drawvline.o
        52          4          0          0          0       1219   gui_exec.o
       564         12          0          4         24       4165   gui_fillpolygon.o
        88          6          0          0          0        759   gui_fillrect.o
        20          0          0          0          0        965   gui_fillrectex.o
       138          0          0          0          0       1598   gui_getbitmappixelindex.o
        10          0          0          0          0       1084   gui_getclientrect.o
        88          0          0          0          0       1100   gui_getcolor.o
        20          0          0          0          0        607   gui_getfontsizey.o
        24          6          0          0          0        619   gui_getlinestyle.o
        20          0          0          0          0        669   gui_getstringdistx.o
        16          0          0          0          0        776   gui_getysizeoffont.o
        76          6          0          0          0       1745   gui_goto.o
        90          0          0          0          0       1260   gui_mergerect.o
        30          0          0          0          0       1051   gui_moverect.o
       132          4          0         16          0      17701   gui_onkey.o
        84          4          0          0          0       1192   gui_pen.o
        64         14          0          0         12       1650   gui_pid.o
        56          0          0          0          0       1161   gui_rectsintersect.o
        24          6          0          0          0       1153   gui_savecontext.o
        26          0          0          0          0        584   gui_selectlcd.o
        44          0          0          0          0        814   gui_setcolor.o
        80          6          0          0          0        739   gui_setdefault.o
        24          0          0          0          0        658   gui_setdrawmode.o
        28          4          0          0          0        662   gui_setfont.o
        28          6          0          0          0        675   gui_setlinestyle.o
        28          4          0          0          0        663   gui_settextalign.o
        28          4          0          0          0        658   gui_settextmode.o
        60          4          0          0         12       1584   gui_touch.o
       460          4          0         56          0       4768   gui_touch_driveranalog.o
        32          4          0          0         12        671   gui_touch_storestate.o
        56          6          0          8          0       1304   gui_touch_storeunstable.o
       212          4          0          0          0       2224   gui_uc.o
        48         10         16          0          0       1968   gui_uc_encodenone.o
       792         16          0          1       5968       5782   guialloc.o
       188          8          0          0          0       1970   guichar.o
       328         12          0          0          0       2371   guicharline.o
       348          6          0          0          0       2261   guicharm.o
       264          4          0          0          0       2477   guicharp.o
      1012          4          0          0          0       4006   guicirc.o
       252         26          8         25         96       5784   guicore.o
      1348         38          0         48          0       6557   guicurs.o
       952         14          0          0          0       5969   guidev.o
      1888         18         96          0          0      37724   guidev_16.o
       242          0          0          0          0       1982   guidev_banding.o
        56          4          0          0          0       1243   guidev_clear.o
        44          6          0          0          0       1182   guidev_getysize.o
        52          4          0          0          0       1277   guidev_reduceysize.o
        88          4          0          0          0       1348   guidev_setorg.o
       108          4          0          0          0       1733   guidev_usage.o
       420          4         24          0          0       3646   guidev_usagebm.o
        78          0          0          0          0        888   guirealloc.o
       232         14          0         12        400       2123   guitask.o
       188          0          0          0          0       2746   guival.o
       268          6          0          0          0       2102   guivalf.o
       860          8          0          0          0       5850   lcd.o
         0          0         64          4          0        830   lcd_api.o
        60          4          0          0          0        716   lcd_drawvline.o
        16          4          0          0          0        704   lcd_getcolorindex.o
        32          0          0          0          0       1107   lcd_l0_generic.o
         0          0        256          0          0        754   lcd_mirror.o
       760         10          0          8          0      13659   lcd_rotateccw.o
        32         10          0          0          0        536   lcd_selectlcd.o
        32          6          0          0          0       1076   lcd_setcliprectex.o
        32          4          0          0          0        601   lcd_updatecolorindices.o
        60          4          0          0        512       1962   lcdcolor.o
        48          0          0          0          0       1509   lcdinfo0.o
        28          0          0          0          0        845   lcdpm565.o
        52          0          0          0          0        771   lcdpm565_index2color.o
      1660         10          0         20          0       9303   scrollbar.o
        94          0          0          0          0       1308   scrollbar_create.o
        30          0          0          0          0       2311   scrollbar_getvalue.o
       296          8          0          8          0       3201   text.o
        58          0          0          0          0        870   text_createindirect.o
        36          0          0          0          0       1215   text_setfont.o
        44          0          0          0          0       1271   text_settext.o
      1000          6          0          4          0       8583   widget.o
       424         18         24          0          0       4216   widget_effect_3d.o
       256          4          0          0          0       1719   widget_fillstringinrect.o
      3464         64          0         41         36      24100   wm.o
        54          0          0          0          0       1214   wm__foreachdesc.o
        20          0          0          0          0        638   wm__getfirstsibling.o
        32          6          0          0          0        667   wm__getfocussedchild.o
        40          0          0          0          0       1101   wm__getprevsibling.o
        44          0          0          0          0       1464   wm__isancestor.o
        28          0          0          0          0       1126   wm__ischild.o
        20          0          0          0          0        628   wm__isenabled.o
        32          0          0          0          0       1190   wm__sendmessage.o
        28          0          0          0          0        723   wm__sendmessageifenabled.o
        42          0          0          0          0       1208   wm__sendmessagenopara.o
       230          0          0          0          0       1779   wm__updatechildpositions.o
        72          0          0          0          0       1275   wm_bringtobottom.o
        92          6          0          0          0       1524   wm_bringtotop.o
        94          0          0          0          0       3758   wm_checkscrollpos.o
        52          4          0          0          0        945   wm_criticalhandle.o
        30          0          0          0          0       1121   wm_foreachdesc.o
        24          0          0          0          0        680   wm_getbkcolor.o
        80         10          0          0          0       1432   wm_getclientrect.o
        22          0          0          0          0        645   wm_getclientwindow.o
        12          4          0          0          0        570   wm_getdesktopwindow.o
        94          0          0          0          0       1475   wm_getdialogitem.o
        28          0          0          0          0        647   wm_getfirstchild.o
        30          0          0          0          0        662   wm_getflags.o
        16          0          0          0          0        603   wm_getid.o
        32          6          0          0          0       1256   wm_getinsiderect.o
       168          0          0          0          0       1450   wm_getinsiderectexscrollbar.o
        50          0          0          0          0       1200   wm_getinvalidrect.o
        84          4          0          0          0       1560   wm_getorg.o
        28          0          0          0          0        631   wm_getparent.o
        12          0          0          0          0        748   wm_getscrollbar.o
        40          0          0          0          0        706   wm_getscrollpartner.o
       100         10          0          0          0       1526   wm_getwindowrect.o
       114          0          0          0          0       2026   wm_getwindowsize.o
        24          6          0          0          0        613   wm_hascaptured.o
        50          0          0          0          0       1120   wm_hide.o
        28          0          0          0          0        702   wm_isfocussable.o
        24          0          0          0          0        634   wm_iswindow.o
       260          0          0          0          0       2422   wm_move.o
        80          0          0          0          0       1289   wm_movechildto.o
        16          0          0          0          0        650   wm_notifyparent.o
        56          4          0          0          0        759   wm_onkey.o
       214          0          0          0          0       1390   wm_resizewindow.o
       200          4          0          0          0       2283   wm_screen2win.o
        26          0          0          0          0        699   wm_sendmessagenopara.o
        38          0          0          0          0        758   wm_sendtoparent.o
        92          8          0          0          0       1426   wm_setcapture.o
       144          6          0          4          0       1640   wm_setcapturemove.o
        16          6          0          0          0        644   wm_setcreateflags.o
       160          4          0          0          0        802   wm_setfocus.o
       116          0          0          0          0       1713   wm_setfocusonnextchild.o
       124          0          0          0          0       2274   wm_setscrollbar.o
        24          0          0          0          0       1072   wm_setscrollstate.o
        64          0          0          0          0       1261   wm_setsize.o
       136          4          0          0          0       1599   wm_settrans.o
        32          6          0          0          0       1081   wm_setusercliprect.o
        90          0          0          0          0       1459   wm_show.o
        70          0          0          0          0       1327   wmmemdev.o
       492         18          0         16          0       4826   wmtouch.o

    ----------------------------------------------------------------------
     39038       1022      24632        360       7172     520803   Library Totals
        58          0          6          5          4          0   (incl. Padding)

    ----------------------------------------------------------------------

      Code (inc. data)   RO Data    RW Data    ZI Data      Debug   Library Name

      1206         16          0          0         96       1320   c_w.l
      4616        300          0          0          0       2860   fz_ws.l
       220         16          0          0          0         84   m_ws.l
     32938        690      24626        355       7072     516539   uCGUI_DEMO.lib

    ----------------------------------------------------------------------
     39038       1022      24632        360       7172     520803   Library Totals

    ----------------------------------------------------------------------

==============================================================================


      Code (inc. data)   RO Data    RW Data    ZI Data      Debug   

     67588       3674      27016       1124      49708    1206155   Grand Totals
     67588       3674      27016        336      49708    1206155   ELF Image Totals (compressed)
     67588       3674      27016        336          0          0   ROM Totals

==============================================================================

    Total RO  Size (Code + RO Data)                94604 (  92.39kB)
    Total RW  Size (RW Data + ZI Data)             50832 (  49.64kB)
    Total ROM Size (Code + RO Data + RW Data)      94940 (  92.71kB)

==============================================================================

