<!doctype html public "-//w3c//dtd html 4.0 transitional//en">
<html><head>
<title>Static Call Graph - [.\obj\One Board WGM Firmware.axf]</title></head>
<body><HR>
<H1>Static Call Graph for image .\obj\One Board WGM Firmware.axf</H1><HR>
<BR><P>#&#060CALLGRAPH&#062# ARM Linker, 5050041: Last Updated: Tue Oct 18 22:50:24 2016
<BR><P>
<H3>Maximum Stack Usage =        472 bytes + Unknown(Functions without stacksize, Cycles, Untraceable Function Pointers)</H3><H3>
Call chain for Maximum Stack Depth:</H3>
AppTaskUserIF &rArr; Fun &rArr; WM_Exec &rArr; WM_Exec1 &rArr; _Paint &rArr; GUI_MEMDEV_Draw &rArr; GUI_MEMDEV_CreateEx &rArr; GUI_MEMDEV__CreateFixed &rArr; GUI_USAGE_BM_Create &rArr; GUI_ALLOC_AllocZero &rArr; GUI_ALLOC_AllocNoInit &rArr; GUI_Lock &rArr; GUI_X_Lock &rArr; OSSemPend &rArr; OS_Sched
<P>
<H3>
Functions with no stack information
</H3><UL>
 <LI><a href="#[14]">Reset_Handler</a>
 <LI><a href="#[28c]">__user_initial_stackheap</a>
 <LI><a href="#[2db]">OS_CPU_SR_Save</a>
 <LI><a href="#[2dc]">OS_CPU_SR_Restore</a>
 <LI><a href="#[35a]">OSStartHighRdy</a>
 <LI><a href="#[371]">OSCtxSw</a>
 <LI><a href="#[353]">OSIntCtxSw</a>
 <LI><a href="#[1c]">OSPendSV</a>
 <LI><a href="#[3ac]">CPU_IntDis</a>
 <LI><a href="#[3f4]">CPU_IntEn</a>
 <LI><a href="#[3f5]">CPU_SR_Save</a>
 <LI><a href="#[3f6]">CPU_SR_Restore</a>
 <LI><a href="#[15]">NMIException</a>
 <LI><a href="#[16]">HardFaultException</a>
 <LI><a href="#[17]">MemManageException</a>
 <LI><a href="#[18]">BusFaultException</a>
 <LI><a href="#[19]">UsageFaultException</a>
 <LI><a href="#[1b]">DebugMonitor</a>
 <LI><a href="#[1a]">SVCHandler</a>
</UL>
</UL>
<P>
<H3>
Mutually Recursive functions
</H3> <LI><a href="#[275]">WM__ForEachDesc</a>&nbsp;&nbsp;&nbsp;&rArr;&nbsp;&nbsp;&nbsp;<a href="#[21c]">WM_ForEachDesc</a><BR>
 <LI><a href="#[210]">WM_ResizeWindow</a>&nbsp;&nbsp;&nbsp;&rArr;&nbsp;&nbsp;&nbsp;<a href="#[183]">WM__UpdateChildPositions</a><BR>
 <LI><a href="#[276]">_MoveDescendents</a>&nbsp;&nbsp;&nbsp;&rArr;&nbsp;&nbsp;&nbsp;<a href="#[276]">_MoveDescendents</a><BR>
 <LI><a href="#[1a5]">_Findx1</a>&nbsp;&nbsp;&nbsp;&rArr;&nbsp;&nbsp;&nbsp;<a href="#[1a5]">_Findx1</a><BR>
 <LI><a href="#[1a4]">_Findx0</a>&nbsp;&nbsp;&nbsp;&rArr;&nbsp;&nbsp;&nbsp;<a href="#[1a4]">_Findx0</a><BR>
 <LI><a href="#[1a2]">_Findy1</a>&nbsp;&nbsp;&nbsp;&rArr;&nbsp;&nbsp;&nbsp;<a href="#[1a2]">_Findy1</a><BR>
 <LI><a href="#[279]">_Screen2hWin</a>&nbsp;&nbsp;&nbsp;&rArr;&nbsp;&nbsp;&nbsp;<a href="#[279]">_Screen2hWin</a><BR>
 <LI><a href="#[1be]">_GetDialogItem</a>&nbsp;&nbsp;&nbsp;&rArr;&nbsp;&nbsp;&nbsp;<a href="#[1be]">_GetDialogItem</a><BR>
 <LI><a href="#[1a0]">_DeleteAllChildren</a>&nbsp;&nbsp;&nbsp;&rArr;&nbsp;&nbsp;&nbsp;<a href="#[147]">WM_DeleteWindow</a><BR>
 <LI><a href="#[15]">NMIException</a>&nbsp;&nbsp;&nbsp;&rArr;&nbsp;&nbsp;&nbsp;<a href="#[15]">NMIException</a><BR>
 <LI><a href="#[16]">HardFaultException</a>&nbsp;&nbsp;&nbsp;&rArr;&nbsp;&nbsp;&nbsp;<a href="#[16]">HardFaultException</a><BR>
 <LI><a href="#[17]">MemManageException</a>&nbsp;&nbsp;&nbsp;&rArr;&nbsp;&nbsp;&nbsp;<a href="#[17]">MemManageException</a><BR>
 <LI><a href="#[18]">BusFaultException</a>&nbsp;&nbsp;&nbsp;&rArr;&nbsp;&nbsp;&nbsp;<a href="#[18]">BusFaultException</a><BR>
 <LI><a href="#[19]">UsageFaultException</a>&nbsp;&nbsp;&nbsp;&rArr;&nbsp;&nbsp;&nbsp;<a href="#[19]">UsageFaultException</a><BR>
 <LI><a href="#[1b]">DebugMonitor</a>&nbsp;&nbsp;&nbsp;&rArr;&nbsp;&nbsp;&nbsp;<a href="#[1b]">DebugMonitor</a><BR>
 <LI><a href="#[1a]">SVCHandler</a>&nbsp;&nbsp;&nbsp;&rArr;&nbsp;&nbsp;&nbsp;<a href="#[1a]">SVCHandler</a><BR>
 <LI><a href="#[57]">AppTaskKbd</a>&nbsp;&nbsp;&nbsp;&rArr;&nbsp;&nbsp;&nbsp;<a href="#[57]">AppTaskKbd</a><BR>
 <LI><a href="#[1ae]">_PaintTransChildren</a>&nbsp;&nbsp;&nbsp;&rArr;&nbsp;&nbsp;&nbsp;<a href="#[1ae]">_PaintTransChildren</a><BR>
 <LI><a href="#[225]">WM_InvalidateWindowDescs</a>&nbsp;&nbsp;&nbsp;&rArr;&nbsp;&nbsp;&nbsp;<a href="#[225]">WM_InvalidateWindowDescs</a><BR>
 <LI><a href="#[58]">Task_Process_cmd</a>&nbsp;&nbsp;&nbsp;&rArr;&nbsp;&nbsp;&nbsp;<a href="#[58]">Task_Process_cmd</a><BR>
 <LI><a href="#[5a]">Task_WDG</a>&nbsp;&nbsp;&nbsp;&rArr;&nbsp;&nbsp;&nbsp;<a href="#[5a]">Task_WDG</a><BR>
</UL>
<P>
<H3>
Function Pointers
</H3><UL>
 <LI><a href="#[30]">ADC_IRQHandler</a> from stm32f10x_it.o(i.ADC_IRQHandler) referenced from stm32f10x_startup.o(RESET)
 <LI><a href="#[57]">AppTaskKbd</a> from app.o(i.AppTaskKbd) referenced from app.o(i.App_TaskCreate)
 <LI><a href="#[56]">AppTaskUserIF</a> from app.o(i.AppTaskUserIF) referenced from app.o(i.App_TaskCreate)
 <LI><a href="#[68]">App_TaskStart</a> from app.o(i.App_TaskStart) referenced from app.o(i.main)
 <LI><a href="#[129]">BUTTON_Callback</a> from button.o(.text) referenced from button.o(.text)
 <LI><a href="#[6b]">BUTTON_CreateIndirect</a> from button_createindirect.o(.text) referenced 12 times from fun.o(.constdata)
 <LI><a href="#[18]">BusFaultException</a> from stm32f10x_startup.o(RESET) referenced from stm32f10x_startup.o(RESET)
 <LI><a href="#[33]">CAN_RX1_IRQHandler</a> from stm32f10x_it.o(i.CAN_RX1_IRQHandler) referenced from stm32f10x_startup.o(RESET)
 <LI><a href="#[34]">CAN_SCE_IRQHandler</a> from stm32f10x_it.o(i.CAN_SCE_IRQHandler) referenced from stm32f10x_startup.o(RESET)
 <LI><a href="#[29]">DMAChannel1_IRQHandler</a> from stm32f10x_it.o(i.DMAChannel1_IRQHandler) referenced from stm32f10x_startup.o(RESET)
 <LI><a href="#[2a]">DMAChannel2_IRQHandler</a> from stm32f10x_it.o(i.DMAChannel2_IRQHandler) referenced from stm32f10x_startup.o(RESET)
 <LI><a href="#[2b]">DMAChannel3_IRQHandler</a> from stm32f10x_it.o(i.DMAChannel3_IRQHandler) referenced from stm32f10x_startup.o(RESET)
 <LI><a href="#[2c]">DMAChannel4_IRQHandler</a> from stm32f10x_it.o(i.DMAChannel4_IRQHandler) referenced from stm32f10x_startup.o(RESET)
 <LI><a href="#[2d]">DMAChannel5_IRQHandler</a> from stm32f10x_it.o(i.DMAChannel5_IRQHandler) referenced from stm32f10x_startup.o(RESET)
 <LI><a href="#[2e]">DMAChannel6_IRQHandler</a> from stm32f10x_it.o(i.DMAChannel6_IRQHandler) referenced from stm32f10x_startup.o(RESET)
 <LI><a href="#[2f]">DMAChannel7_IRQHandler</a> from stm32f10x_it.o(i.DMAChannel7_IRQHandler) referenced from stm32f10x_startup.o(RESET)
 <LI><a href="#[1b]">DebugMonitor</a> from stm32f10x_startup.o(RESET) referenced from stm32f10x_startup.o(RESET)
 <LI><a href="#[3]">EP1_IN_Callback</a> from usb_endp.o(i.EP1_IN_Callback) referenced 2 times from usb_istr.o(.data)
 <LI><a href="#[5]">EP3_OUT_Callback</a> from usb_endp.o(i.EP3_OUT_Callback) referenced 2 times from usb_istr.o(.data)
 <LI><a href="#[24]">EXTI0_IRQHandler</a> from stm32f10x_it.o(i.EXTI0_IRQHandler) referenced from stm32f10x_startup.o(RESET)
 <LI><a href="#[46]">EXTI15_10_IRQHandler</a> from stm32f10x_it.o(i.EXTI15_10_IRQHandler) referenced from stm32f10x_startup.o(RESET)
 <LI><a href="#[25]">EXTI1_IRQHandler</a> from stm32f10x_it.o(i.EXTI1_IRQHandler) referenced from stm32f10x_startup.o(RESET)
 <LI><a href="#[26]">EXTI2_IRQHandler</a> from stm32f10x_it.o(i.EXTI2_IRQHandler) referenced from stm32f10x_startup.o(RESET)
 <LI><a href="#[27]">EXTI3_IRQHandler</a> from stm32f10x_it.o(i.EXTI3_IRQHandler) referenced from stm32f10x_startup.o(RESET)
 <LI><a href="#[28]">EXTI4_IRQHandler</a> from stm32f10x_it.o(i.EXTI4_IRQHandler) referenced from stm32f10x_startup.o(RESET)
 <LI><a href="#[35]">EXTI9_5_IRQHandler</a> from stm32f10x_it.o(i.EXTI9_5_IRQHandler) referenced from stm32f10x_startup.o(RESET)
 <LI><a href="#[22]">FLASH_IRQHandler</a> from stm32f10x_it.o(i.FLASH_IRQHandler) referenced from stm32f10x_startup.o(RESET)
 <LI><a href="#[69]">FRAMEWIN_CreateIndirect</a> from framewin_createindirect.o(.text) referenced from fun.o(.constdata)
 <LI><a href="#[4d]">FRAMEWIN__cbClient</a> from framewin.o(.text) referenced from framewin.o(.text)
 <LI><a href="#[5f]">GRAPH_Callback</a> from graph.o(i.GRAPH_Callback) referenced from graph.o(i.GRAPH_CreateEx)
 <LI><a href="#[6c]">GRAPH_CreateIndirect</a> from graph_createindirect.o(i.GRAPH_CreateIndirect) referenced from fun.o(.constdata)
 <LI><a href="#[6f]">GUIMONO_DispChar</a> from guicharm.o(.text) referenced from f6x8.o(.constdata)
 <LI><a href="#[70]">GUIMONO_GetCharDistX</a> from guicharm.o(.text) referenced from f6x8.o(.constdata)
 <LI><a href="#[71]">GUIMONO_GetFontInfo</a> from guicharm.o(.text) referenced from f6x8.o(.constdata)
 <LI><a href="#[72]">GUIMONO_IsInFont</a> from guicharm.o(.text) referenced from f6x8.o(.constdata)
 <LI><a href="#[73]">GUIPROP_DispChar</a> from guicharp.o(.text) referenced 6 times from f13_ascii.o(.constdata)
 <LI><a href="#[74]">GUIPROP_GetCharDistX</a> from guicharp.o(.text) referenced 6 times from f13_ascii.o(.constdata)
 <LI><a href="#[75]">GUIPROP_GetFontInfo</a> from guicharp.o(.text) referenced 6 times from f13_ascii.o(.constdata)
 <LI><a href="#[76]">GUIPROP_IsInFont</a> from guicharp.o(.text) referenced 6 times from f13_ascii.o(.constdata)
 <LI><a href="#[8c]">GUI_MEMDEV__Color2Index</a> from guidev.o(.text) referenced from guidev_16.o(.constdata)
 <LI><a href="#[8e]">GUI_MEMDEV__GetIndexMask</a> from guidev.o(.text) referenced from guidev_16.o(.constdata)
 <LI><a href="#[94]">GUI_MEMDEV__GetRect</a> from guidev.o(.text) referenced from guidev_16.o(.constdata)
 <LI><a href="#[8d]">GUI_MEMDEV__Index2Color</a> from guidev.o(.text) referenced from guidev_16.o(.constdata)
 <LI><a href="#[98]">GUI_USAGE_BM_AddHLine</a> from guidev_usagebm.o(.text) referenced from guidev_usagebm.o(.constdata)
 <LI><a href="#[97]">GUI_USAGE_BM_AddPixel</a> from guidev_usagebm.o(.text) referenced from guidev_usagebm.o(.constdata)
 <LI><a href="#[99]">GUI_USAGE_BM_Clear</a> from guidev_usagebm.o(.text) referenced from guidev_usagebm.o(.constdata)
 <LI><a href="#[9b]">GUI_USAGE_BM_GetNextDirty</a> from guidev_usagebm.o(.text) referenced from guidev_usagebm.o(.constdata)
 <LI><a href="#[16]">HardFaultException</a> from stm32f10x_startup.o(RESET) referenced from stm32f10x_startup.o(RESET)
 <LI><a href="#[3e]">I2C1_ER_IRQHandler</a> from cpal_i2c_hal_stm32f10x.o(i.I2C1_ER_IRQHandler) referenced from stm32f10x_startup.o(RESET)
 <LI><a href="#[3d]">I2C1_EV_IRQHandler</a> from cpal_i2c_hal_stm32f10x.o(i.I2C1_EV_IRQHandler) referenced from stm32f10x_startup.o(RESET)
 <LI><a href="#[40]">I2C2_ER_IRQHandler</a> from stm32f10x_it.o(i.I2C2_ER_IRQHandler) referenced from stm32f10x_startup.o(RESET)
 <LI><a href="#[3f]">I2C2_EV_IRQHandler</a> from stm32f10x_it.o(i.I2C2_EV_IRQHandler) referenced from stm32f10x_startup.o(RESET)
 <LI><a href="#[6d]">LCD_DrawHLine</a> from lcd.o(.text) referenced from guicore.o(.constdata)
 <LI><a href="#[6e]">LCD_DrawPixel</a> from lcd.o(.text) referenced from guicore.o(.constdata)
 <LI><a href="#[7b]">LCD_L0_Color2Index</a> from lcd_l0_generic.o(.text) referenced from lcd_api.o(.constdata)
 <LI><a href="#[7e]">LCD_L0_DrawBitmap</a> from ili9320_ucgui.o(i.LCD_L0_DrawBitmap) referenced from lcd_api.o(.constdata)
 <LI><a href="#[7f]">LCD_L0_DrawHLine</a> from ili9320_ucgui.o(i.LCD_L0_DrawHLine) referenced from lcd_api.o(.constdata)
 <LI><a href="#[80]">LCD_L0_DrawVLine</a> from ili9320_ucgui.o(i.LCD_L0_DrawVLine) referenced from lcd_api.o(.constdata)
 <LI><a href="#[81]">LCD_L0_FillRect</a> from ili9320_ucgui.o(i.LCD_L0_FillRect) referenced from lcd_api.o(.constdata)
 <LI><a href="#[7d]">LCD_L0_GetIndexMask</a> from lcd_l0_generic.o(.text) referenced from lcd_api.o(.constdata)
 <LI><a href="#[82]">LCD_L0_GetPixelIndex</a> from ili9320_ucgui.o(i.LCD_L0_GetPixelIndex) referenced from lcd_api.o(.constdata)
 <LI><a href="#[83]">LCD_L0_GetRect</a> from lcd_l0_generic.o(.text) referenced from lcd_api.o(.constdata)
 <LI><a href="#[7c]">LCD_L0_Index2Color</a> from lcd_l0_generic.o(.text) referenced from lcd_api.o(.constdata)
 <LI><a href="#[86]">LCD_L0_SetLUTEntry</a> from ili9320_ucgui.o(i.LCD_L0_SetLUTEntry) referenced from lcd_api.o(.constdata)
 <LI><a href="#[84]">LCD_L0_SetPixelIndex</a> from ili9320_ucgui.o(i.LCD_L0_SetPixelIndex) referenced from lcd_api.o(.constdata)
 <LI><a href="#[85]">LCD_L0_XorPixel</a> from ili9320_ucgui.o(i.LCD_L0_XorPixel) referenced from lcd_api.o(.constdata)
 <LI><a href="#[17]">MemManageException</a> from stm32f10x_startup.o(RESET) referenced from stm32f10x_startup.o(RESET)
 <LI><a href="#[15]">NMIException</a> from stm32f10x_startup.o(RESET) referenced from stm32f10x_startup.o(RESET)
 <LI><a href="#[4]">NOP_Process</a> from usb_core.o(i.NOP_Process) referenced 38 times from usb_istr.o(.data)
 <LI><a href="#[4b]">OSIntExit</a> from os_core.o(i.OSIntExit) referenced from os_cpu_a.o(.text)
 <LI><a href="#[1c]">OSPendSV</a> from os_cpu_a.o(.text) referenced from stm32f10x_startup.o(RESET)
 <LI><a href="#[4a]">OSTaskSwHook</a> from os_cpu_c.o(i.OSTaskSwHook) referenced from os_cpu_a.o(.text)
 <LI><a href="#[63]">OS_TaskIdle</a> from os_core.o(i.OS_TaskIdle) referenced from os_core.o(i.OS_InitTaskIdle)
 <LI><a href="#[64]">OS_TaskStat</a> from os_core.o(i.OS_TaskStat) referenced from os_core.o(i.OS_InitTaskStat)
 <LI><a href="#[1f]">PVD_IRQHandler</a> from stm32f10x_it.o(i.PVD_IRQHandler) referenced from stm32f10x_startup.o(RESET)
 <LI><a href="#[23]">RCC_IRQHandler</a> from stm32f10x_it.o(i.RCC_IRQHandler) referenced from stm32f10x_startup.o(RESET)
 <LI><a href="#[47]">RTCAlarm_IRQHandler</a> from stm32f10x_it.o(i.RTCAlarm_IRQHandler) referenced from stm32f10x_startup.o(RESET)
 <LI><a href="#[21]">RTC_IRQHandler</a> from stm32f10x_it.o(i.RTC_IRQHandler) referenced from stm32f10x_startup.o(RESET)
 <LI><a href="#[14]">Reset_Handler</a> from stm32f10x_startup.o(RESET) referenced from stm32f10x_startup.o(RESET)
 <LI><a href="#[41]">SPI1_IRQHandler</a> from stm32f10x_it.o(i.SPI1_IRQHandler) referenced from stm32f10x_startup.o(RESET)
 <LI><a href="#[42]">SPI2_IRQHandler</a> from stm32f10x_it.o(i.SPI2_IRQHandler) referenced from stm32f10x_startup.o(RESET)
 <LI><a href="#[1a]">SVCHandler</a> from stm32f10x_startup.o(RESET) referenced from stm32f10x_startup.o(RESET)
 <LI><a href="#[5c]">Standard_GetConfiguration</a> from usb_core.o(i.Standard_GetConfiguration) referenced from usb_core.o(i.Data_Setup0)
 <LI><a href="#[5d]">Standard_GetInterface</a> from usb_core.o(i.Standard_GetInterface) referenced from usb_core.o(i.Data_Setup0)
 <LI><a href="#[5b]">Standard_GetStatus</a> from usb_core.o(i.Standard_GetStatus) referenced from usb_core.o(i.Data_Setup0)
 <LI><a href="#[1d]">SysTickHandler</a> from stm32f10x_it.o(i.SysTickHandler) referenced from stm32f10x_startup.o(RESET)
 <LI><a href="#[20]">TAMPER_IRQHandler</a> from stm32f10x_it.o(i.TAMPER_IRQHandler) referenced from stm32f10x_startup.o(RESET)
 <LI><a href="#[6a]">TEXT_CreateIndirect</a> from text_createindirect.o(.text) referenced 20 times from fun.o(.constdata)
 <LI><a href="#[36]">TIM1_BRK_IRQHandler</a> from stm32f10x_it.o(i.TIM1_BRK_IRQHandler) referenced from stm32f10x_startup.o(RESET)
 <LI><a href="#[39]">TIM1_CC_IRQHandler</a> from stm32f10x_it.o(i.TIM1_CC_IRQHandler) referenced from stm32f10x_startup.o(RESET)
 <LI><a href="#[38]">TIM1_TRG_COM_IRQHandler</a> from stm32f10x_it.o(i.TIM1_TRG_COM_IRQHandler) referenced from stm32f10x_startup.o(RESET)
 <LI><a href="#[37]">TIM1_UP_IRQHandler</a> from stm32f10x_it.o(i.TIM1_UP_IRQHandler) referenced from stm32f10x_startup.o(RESET)
 <LI><a href="#[3a]">TIM2_IRQHandler</a> from stm32f10x_it.o(i.TIM2_IRQHandler) referenced from stm32f10x_startup.o(RESET)
 <LI><a href="#[3b]">TIM3_IRQHandler</a> from stm32f10x_it.o(i.TIM3_IRQHandler) referenced from stm32f10x_startup.o(RESET)
 <LI><a href="#[3c]">TIM4_IRQHandler</a> from stm32f10x_it.o(i.TIM4_IRQHandler) referenced from stm32f10x_startup.o(RESET)
 <LI><a href="#[59]">Task_ADC</a> from app.o(i.Task_ADC) referenced from app.o(i.App_TaskCreate)
 <LI><a href="#[58]">Task_Process_cmd</a> from app.o(i.Task_Process_cmd) referenced from app.o(i.App_TaskCreate)
 <LI><a href="#[5a]">Task_WDG</a> from app.o(i.Task_WDG) referenced from app.o(i.App_TaskCreate)
 <LI><a href="#[43]">USART1_IRQHandler</a> from stm32f10x_it.o(i.USART1_IRQHandler) referenced from stm32f10x_startup.o(RESET)
 <LI><a href="#[44]">USART2_IRQHandler</a> from stm32f10x_it.o(i.USART2_IRQHandler) referenced from stm32f10x_startup.o(RESET)
 <LI><a href="#[45]">USART3_IRQHandler</a> from stm32f10x_it.o(i.USART3_IRQHandler) referenced from stm32f10x_startup.o(RESET)
 <LI><a href="#[48]">USBWakeUp_IRQHandler</a> from stm32f10x_it.o(i.USBWakeUp_IRQHandler) referenced from stm32f10x_startup.o(RESET)
 <LI><a href="#[31]">USB_HP_CAN_TX_IRQHandler</a> from stm32f10x_it.o(i.USB_HP_CAN_TX_IRQHandler) referenced from stm32f10x_startup.o(RESET)
 <LI><a href="#[32]">USB_LP_CAN_RX0_IRQHandler</a> from stm32f10x_it.o(i.USB_LP_CAN_RX0_IRQHandler) referenced from stm32f10x_startup.o(RESET)
 <LI><a href="#[19]">UsageFaultException</a> from stm32f10x_startup.o(RESET) referenced from stm32f10x_startup.o(RESET)
 <LI><a href="#[a]">Virtual_Com_Port_Data_Setup</a> from usb_prop.o(i.Virtual_Com_Port_Data_Setup) referenced 2 times from usb_prop.o(.data)
 <LI><a href="#[e]">Virtual_Com_Port_GetConfigDescriptor</a> from usb_prop.o(i.Virtual_Com_Port_GetConfigDescriptor) referenced 2 times from usb_prop.o(.data)
 <LI><a href="#[d]">Virtual_Com_Port_GetDeviceDescriptor</a> from usb_prop.o(i.Virtual_Com_Port_GetDeviceDescriptor) referenced 2 times from usb_prop.o(.data)
 <LI><a href="#[65]">Virtual_Com_Port_GetLineCoding</a> from usb_prop.o(i.Virtual_Com_Port_GetLineCoding) referenced from usb_prop.o(i.Virtual_Com_Port_Data_Setup)
 <LI><a href="#[f]">Virtual_Com_Port_GetStringDescriptor</a> from usb_prop.o(i.Virtual_Com_Port_GetStringDescriptor) referenced 2 times from usb_prop.o(.data)
 <LI><a href="#[c]">Virtual_Com_Port_Get_Interface_Setting</a> from usb_prop.o(i.Virtual_Com_Port_Get_Interface_Setting) referenced 2 times from usb_prop.o(.data)
 <LI><a href="#[b]">Virtual_Com_Port_NoData_Setup</a> from usb_prop.o(i.Virtual_Com_Port_NoData_Setup) referenced 2 times from usb_prop.o(.data)
 <LI><a href="#[7]">Virtual_Com_Port_Reset</a> from usb_prop.o(i.Virtual_Com_Port_Reset) referenced 2 times from usb_prop.o(.data)
 <LI><a href="#[10]">Virtual_Com_Port_SetConfiguration</a> from usb_prop.o(i.Virtual_Com_Port_SetConfiguration) referenced 2 times from usb_prop.o(.data)
 <LI><a href="#[11]">Virtual_Com_Port_SetDeviceAddress</a> from usb_prop.o(i.Virtual_Com_Port_SetDeviceAddress) referenced 2 times from usb_prop.o(.data)
 <LI><a href="#[66]">Virtual_Com_Port_SetLineCoding</a> from usb_prop.o(i.Virtual_Com_Port_SetLineCoding) referenced from usb_prop.o(i.Virtual_Com_Port_Data_Setup)
 <LI><a href="#[8]">Virtual_Com_Port_Status_In</a> from usb_prop.o(i.Virtual_Com_Port_Status_In) referenced 2 times from usb_prop.o(.data)
 <LI><a href="#[9]">Virtual_Com_Port_Status_Out</a> from usb_prop.o(i.Virtual_Com_Port_Status_Out) referenced 2 times from usb_prop.o(.data)
 <LI><a href="#[6]">Virtual_Com_Port_init</a> from usb_prop.o(i.Virtual_Com_Port_init) referenced 2 times from usb_prop.o(.data)
 <LI><a href="#[87]">WIDGET_EFFECT_3D_DrawUp</a> from widget_effect_3d.o(.text) referenced from widget_effect_3d.o(.constdata)
 <LI><a href="#[52]">WM_HandlePID</a> from wmtouch.o(.text) referenced from gui_pid.o(.text)
 <LI><a href="#[1e]">WWDG_IRQHandler</a> from stm32f10x_it.o(i.WWDG_IRQHandler) referenced from stm32f10x_startup.o(RESET)
 <LI><a href="#[79]">_CalcSizeOfChar</a> from gui_uc_encodenone.o(.text) referenced from gui_uc_encodenone.o(.constdata)
 <LI><a href="#[8f]">_DrawBitmap</a> from guidev_16.o(.text) referenced from guidev_16.o(.constdata)
 <LI><a href="#[12]">_DrawBitmapCCW</a> from lcd_rotateccw.o(.text) referenced 2 times from lcd_rotateccw.o(.data)
 <LI><a href="#[90]">_DrawHLine</a> from guidev_16.o(.text) referenced from guidev_16.o(.constdata)
 <LI><a href="#[91]">_DrawVLine</a> from guidev_16.o(.text) referenced from guidev_16.o(.constdata)
 <LI><a href="#[7a]">_Encode</a> from gui_uc_encodenone.o(.text) referenced from gui_uc_encodenone.o(.constdata)
 <LI><a href="#[4c]">_FRAMEWIN_Callback</a> from framewin.o(.text) referenced from framewin.o(.text)
 <LI><a href="#[92]">_FillRect</a> from guidev_16.o(.text) referenced from guidev_16.o(.constdata)
 <LI><a href="#[9a]">_GUI_USAGE_BM_Delete</a> from guidev_usagebm.o(.text) referenced from guidev_usagebm.o(.constdata)
 <LI><a href="#[77]">_GetCharCode</a> from gui_uc_encodenone.o(.text) referenced from gui_uc_encodenone.o(.constdata)
 <LI><a href="#[78]">_GetCharSize</a> from gui_uc_encodenone.o(.text) referenced from gui_uc_encodenone.o(.constdata)
 <LI><a href="#[93]">_GetPixelIndex</a> from guidev_16.o(.text) referenced from guidev_16.o(.constdata)
 <LI><a href="#[61]">_OnDelete</a> from graph_data_yt.o(i._OnDelete) referenced from graph_data_yt.o(i.GRAPH_DATA_YT_Create)
 <LI><a href="#[60]">_OnPaint</a> from graph_data_yt.o(i._OnPaint) referenced from graph_data_yt.o(i.GRAPH_DATA_YT_Create)
 <LI><a href="#[62]">_OnPaint</a> from graph_scale.o(i._OnPaint) referenced from graph_scale.o(i.GRAPH_SCALE_Create)
 <LI><a href="#[13]">_Rect2TextRect</a> from lcd_rotateccw.o(.text) referenced 2 times from lcd_rotateccw.o(.data)
 <LI><a href="#[55]">_SCROLLBAR_Callback</a> from scrollbar.o(.text) referenced from scrollbar.o(.text)
 <LI><a href="#[95]">_SetPixelIndex</a> from guidev_16.o(.text) referenced from guidev_16.o(.constdata)
 <LI><a href="#[50]">_TEXT_Callback</a> from text.o(.text) referenced from text.o(.text)
 <LI><a href="#[53]">_TempHide</a> from guicurs.o(.text) referenced from guicurs.o(.text)
 <LI><a href="#[54]">_TempUnhide</a> from guicurs.o(.text) referenced from guicurs.o(.text)
 <LI><a href="#[67]">_UserDraw</a> from fun.o(i._UserDraw) referenced from fun.o(i._cbCallback)
 <LI><a href="#[88]">_WIDGET_EFFECT_3D_DrawDown</a> from widget_effect_3d.o(.text) referenced from widget_effect_3d.o(.constdata)
 <LI><a href="#[8a]">_WIDGET_EFFECT_3D_DrawDownRect</a> from widget_effect_3d.o(.text) referenced from widget_effect_3d.o(.constdata)
 <LI><a href="#[89]">_WIDGET_EFFECT_3D_DrawUpRect</a> from widget_effect_3d.o(.text) referenced from widget_effect_3d.o(.constdata)
 <LI><a href="#[8b]">_WIDGET_EFFECT_3D_GetRect</a> from widget_effect_3d.o(.text) referenced from widget_effect_3d.o(.constdata)
 <LI><a href="#[96]">_XorPixel</a> from guidev_16.o(.text) referenced from guidev_16.o(.constdata)
 <LI><a href="#[9c]">__main</a> from __main.o(!!!main) referenced from stm32f10x_startup.o(RESET)
 <LI><a href="#[5e]">_cbCallback</a> from fun.o(i._cbCallback) referenced from fun.o(i.Fun)
 <LI><a href="#[51]">_cbInvalidateOne</a> from wm_bringtotop.o(.text) referenced from wm_bringtotop.o(.text)
 <LI><a href="#[4f]">_cbPaintMemDev</a> from wm.o(.text) referenced from wm.o(.text)
 <LI><a href="#[4e]">cbBackWin</a> from wm.o(.text) referenced from wm.o(.text)
</UL>
<P>
<H3>
Global Symbols
</H3>
<P><STRONG><a name="[14]"></a>Reset_Handler</STRONG> (Thumb, 0 bytes, Stack size unknown bytes, stm32f10x_startup.o(RESET))
<BR>[Address Reference Count : 1]<UL><LI> stm32f10x_startup.o(RESET)
</UL>
<P><STRONG><a name="[9c]"></a>__main</STRONG> (Thumb, 8 bytes, Stack size 0 bytes, __main.o(!!!main))
<BR><BR>[Calls]<UL><LI><a href="#[9e]">&gt;&gt;</a>&nbsp;&nbsp;&nbsp;__rt_entry
<LI><a href="#[9d]">&gt;&gt;</a>&nbsp;&nbsp;&nbsp;__scatterload
</UL>

<P><STRONG><a name="[9d]"></a>__scatterload</STRONG> (Thumb, 0 bytes, Stack size unknown bytes, __scatter.o(!!!scatter))
<BR><BR>[Called By]<UL><LI><a href="#[9c]">&gt;&gt;</a>&nbsp;&nbsp;&nbsp;__main
</UL>

<P><STRONG><a name="[9f]"></a>__scatterload_rt2</STRONG> (Thumb, 44 bytes, Stack size unknown bytes, __scatter.o(!!!scatter), UNUSED)
<BR><BR>[Calls]<UL><LI><a href="#[9e]">&gt;&gt;</a>&nbsp;&nbsp;&nbsp;__rt_entry
</UL>

<P><STRONG><a name="[3d0]"></a>__scatterload_rt2_thumb_only</STRONG> (Thumb, 0 bytes, Stack size unknown bytes, __scatter.o(!!!scatter), UNUSED)

<P><STRONG><a name="[3d1]"></a>__scatterload_null</STRONG> (Thumb, 0 bytes, Stack size unknown bytes, __scatter.o(!!!scatter), UNUSED)

<P><STRONG><a name="[3d2]"></a>__decompress</STRONG> (Thumb, 90 bytes, Stack size unknown bytes, __dczerorl2.o(!!dczerorl2), UNUSED)

<P><STRONG><a name="[3d3]"></a>__decompress1</STRONG> (Thumb, 0 bytes, Stack size unknown bytes, __dczerorl2.o(!!dczerorl2), UNUSED)

<P><STRONG><a name="[3d4]"></a>__scatterload_zeroinit</STRONG> (Thumb, 28 bytes, Stack size unknown bytes, __scatter_zi.o(!!handler_zi), UNUSED)

<P><STRONG><a name="[a3]"></a>__rt_lib_init</STRONG> (Thumb, 0 bytes, Stack size unknown bytes, libinit.o(.ARM.Collect$$libinit$$00000000))
<BR><BR>[Called By]<UL><LI><a href="#[a2]">&gt;&gt;</a>&nbsp;&nbsp;&nbsp;__rt_entry_li
</UL>

<P><STRONG><a name="[3d5]"></a>__rt_lib_init_alloca_1</STRONG> (Thumb, 0 bytes, Stack size unknown bytes, libinit2.o(.ARM.Collect$$libinit$$0000002E))

<P><STRONG><a name="[3d6]"></a>__rt_lib_init_argv_1</STRONG> (Thumb, 0 bytes, Stack size unknown bytes, libinit2.o(.ARM.Collect$$libinit$$0000002C))

<P><STRONG><a name="[3d7]"></a>__rt_lib_init_atexit_1</STRONG> (Thumb, 0 bytes, Stack size unknown bytes, libinit2.o(.ARM.Collect$$libinit$$0000001B))

<P><STRONG><a name="[3d8]"></a>__rt_lib_init_clock_1</STRONG> (Thumb, 0 bytes, Stack size unknown bytes, libinit2.o(.ARM.Collect$$libinit$$00000021))

<P><STRONG><a name="[3d9]"></a>__rt_lib_init_cpp_1</STRONG> (Thumb, 0 bytes, Stack size unknown bytes, libinit2.o(.ARM.Collect$$libinit$$00000032))

<P><STRONG><a name="[3da]"></a>__rt_lib_init_exceptions_1</STRONG> (Thumb, 0 bytes, Stack size unknown bytes, libinit2.o(.ARM.Collect$$libinit$$00000030))

<P><STRONG><a name="[3db]"></a>__rt_lib_init_fp_1</STRONG> (Thumb, 0 bytes, Stack size unknown bytes, libinit2.o(.ARM.Collect$$libinit$$00000002))

<P><STRONG><a name="[3dc]"></a>__rt_lib_init_fp_trap_1</STRONG> (Thumb, 0 bytes, Stack size unknown bytes, libinit2.o(.ARM.Collect$$libinit$$0000001F))

<P><STRONG><a name="[3dd]"></a>__rt_lib_init_getenv_1</STRONG> (Thumb, 0 bytes, Stack size unknown bytes, libinit2.o(.ARM.Collect$$libinit$$00000023))

<P><STRONG><a name="[3de]"></a>__rt_lib_init_heap_1</STRONG> (Thumb, 0 bytes, Stack size unknown bytes, libinit2.o(.ARM.Collect$$libinit$$0000000A))

<P><STRONG><a name="[3df]"></a>__rt_lib_init_lc_collate_1</STRONG> (Thumb, 0 bytes, Stack size unknown bytes, libinit2.o(.ARM.Collect$$libinit$$00000011))

<P><STRONG><a name="[3e0]"></a>__rt_lib_init_lc_ctype_1</STRONG> (Thumb, 0 bytes, Stack size unknown bytes, libinit2.o(.ARM.Collect$$libinit$$00000013))

<P><STRONG><a name="[3e1]"></a>__rt_lib_init_lc_monetary_1</STRONG> (Thumb, 0 bytes, Stack size unknown bytes, libinit2.o(.ARM.Collect$$libinit$$00000015))

<P><STRONG><a name="[3e2]"></a>__rt_lib_init_lc_numeric_1</STRONG> (Thumb, 0 bytes, Stack size unknown bytes, libinit2.o(.ARM.Collect$$libinit$$00000017))

<P><STRONG><a name="[3e3]"></a>__rt_lib_init_lc_time_1</STRONG> (Thumb, 0 bytes, Stack size unknown bytes, libinit2.o(.ARM.Collect$$libinit$$00000019))

<P><STRONG><a name="[3e4]"></a>__rt_lib_init_preinit_1</STRONG> (Thumb, 0 bytes, Stack size unknown bytes, libinit2.o(.ARM.Collect$$libinit$$00000004))

<P><STRONG><a name="[3e5]"></a>__rt_lib_init_rand_1</STRONG> (Thumb, 0 bytes, Stack size unknown bytes, libinit2.o(.ARM.Collect$$libinit$$0000000E))

<P><STRONG><a name="[3e6]"></a>__rt_lib_init_return</STRONG> (Thumb, 0 bytes, Stack size unknown bytes, libinit2.o(.ARM.Collect$$libinit$$00000033))

<P><STRONG><a name="[3e7]"></a>__rt_lib_init_signal_1</STRONG> (Thumb, 0 bytes, Stack size unknown bytes, libinit2.o(.ARM.Collect$$libinit$$0000001D))

<P><STRONG><a name="[3e8]"></a>__rt_lib_init_stdio_1</STRONG> (Thumb, 0 bytes, Stack size unknown bytes, libinit2.o(.ARM.Collect$$libinit$$00000025))

<P><STRONG><a name="[3e9]"></a>__rt_lib_init_user_alloc_1</STRONG> (Thumb, 0 bytes, Stack size unknown bytes, libinit2.o(.ARM.Collect$$libinit$$0000000C))

<P><STRONG><a name="[a8]"></a>__rt_lib_shutdown</STRONG> (Thumb, 0 bytes, Stack size unknown bytes, libshutdown.o(.ARM.Collect$$libshutdown$$00000000))
<BR><BR>[Called By]<UL><LI><a href="#[a7]">&gt;&gt;</a>&nbsp;&nbsp;&nbsp;__rt_exit_ls
</UL>

<P><STRONG><a name="[3ea]"></a>__rt_lib_shutdown_fp_trap_1</STRONG> (Thumb, 0 bytes, Stack size unknown bytes, libshutdown2.o(.ARM.Collect$$libshutdown$$00000006))

<P><STRONG><a name="[3eb]"></a>__rt_lib_shutdown_heap_1</STRONG> (Thumb, 0 bytes, Stack size unknown bytes, libshutdown2.o(.ARM.Collect$$libshutdown$$0000000E))

<P><STRONG><a name="[3ec]"></a>__rt_lib_shutdown_return</STRONG> (Thumb, 0 bytes, Stack size unknown bytes, libshutdown2.o(.ARM.Collect$$libshutdown$$0000000F))

<P><STRONG><a name="[3ed]"></a>__rt_lib_shutdown_signal_1</STRONG> (Thumb, 0 bytes, Stack size unknown bytes, libshutdown2.o(.ARM.Collect$$libshutdown$$00000009))

<P><STRONG><a name="[3ee]"></a>__rt_lib_shutdown_stdio_1</STRONG> (Thumb, 0 bytes, Stack size unknown bytes, libshutdown2.o(.ARM.Collect$$libshutdown$$00000003))

<P><STRONG><a name="[3ef]"></a>__rt_lib_shutdown_user_alloc_1</STRONG> (Thumb, 0 bytes, Stack size unknown bytes, libshutdown2.o(.ARM.Collect$$libshutdown$$0000000B))

<P><STRONG><a name="[9e]"></a>__rt_entry</STRONG> (Thumb, 0 bytes, Stack size unknown bytes, __rtentry.o(.ARM.Collect$$rtentry$$00000000))
<BR><BR>[Called By]<UL><LI><a href="#[9c]">&gt;&gt;</a>&nbsp;&nbsp;&nbsp;__main
<LI><a href="#[9f]">&gt;&gt;</a>&nbsp;&nbsp;&nbsp;__scatterload_rt2
</UL>

<P><STRONG><a name="[3f0]"></a>__rt_entry_presh_1</STRONG> (Thumb, 0 bytes, Stack size unknown bytes, __rtentry2.o(.ARM.Collect$$rtentry$$00000002))

<P><STRONG><a name="[a0]"></a>__rt_entry_sh</STRONG> (Thumb, 0 bytes, Stack size unknown bytes, __rtentry4.o(.ARM.Collect$$rtentry$$00000004))
<BR><BR>[Stack]<UL><LI>Max Depth = 8 + Unknown Stack Size
<LI>Call Chain = __rt_entry_sh &rArr; __user_setup_stackheap
</UL>
<BR>[Calls]<UL><LI><a href="#[a1]">&gt;&gt;</a>&nbsp;&nbsp;&nbsp;__user_setup_stackheap
</UL>

<P><STRONG><a name="[a2]"></a>__rt_entry_li</STRONG> (Thumb, 0 bytes, Stack size unknown bytes, __rtentry2.o(.ARM.Collect$$rtentry$$0000000A))
<BR><BR>[Calls]<UL><LI><a href="#[a3]">&gt;&gt;</a>&nbsp;&nbsp;&nbsp;__rt_lib_init
</UL>

<P><STRONG><a name="[3f1]"></a>__rt_entry_postsh_1</STRONG> (Thumb, 0 bytes, Stack size unknown bytes, __rtentry2.o(.ARM.Collect$$rtentry$$00000009))

<P><STRONG><a name="[a4]"></a>__rt_entry_main</STRONG> (Thumb, 0 bytes, Stack size unknown bytes, __rtentry2.o(.ARM.Collect$$rtentry$$0000000D))
<BR><BR>[Stack]<UL><LI>Max Depth = 192 + Unknown Stack Size
<LI>Call Chain = __rt_entry_main &rArr; main &rArr; BSP_Init &rArr; Synchronize_ADC_DAC &rArr; InitDAC &rArr; GenerateTriangle &rArr; __aeabi_dmul
</UL>
<BR>[Calls]<UL><LI><a href="#[a5]">&gt;&gt;</a>&nbsp;&nbsp;&nbsp;main
<LI><a href="#[a6]">&gt;&gt;</a>&nbsp;&nbsp;&nbsp;exit
</UL>

<P><STRONG><a name="[3f2]"></a>__rt_entry_postli_1</STRONG> (Thumb, 0 bytes, Stack size unknown bytes, __rtentry2.o(.ARM.Collect$$rtentry$$0000000C))

<P><STRONG><a name="[28d]"></a>__rt_exit</STRONG> (Thumb, 0 bytes, Stack size unknown bytes, rtexit.o(.ARM.Collect$$rtexit$$00000000))
<BR><BR>[Called By]<UL><LI><a href="#[a6]">&gt;&gt;</a>&nbsp;&nbsp;&nbsp;exit
</UL>

<P><STRONG><a name="[a7]"></a>__rt_exit_ls</STRONG> (Thumb, 0 bytes, Stack size unknown bytes, rtexit2.o(.ARM.Collect$$rtexit$$00000003))
<BR><BR>[Calls]<UL><LI><a href="#[a8]">&gt;&gt;</a>&nbsp;&nbsp;&nbsp;__rt_lib_shutdown
</UL>

<P><STRONG><a name="[3f3]"></a>__rt_exit_prels_1</STRONG> (Thumb, 0 bytes, Stack size unknown bytes, rtexit2.o(.ARM.Collect$$rtexit$$00000002))

<P><STRONG><a name="[a9]"></a>__rt_exit_exit</STRONG> (Thumb, 0 bytes, Stack size unknown bytes, rtexit2.o(.ARM.Collect$$rtexit$$00000004))
<BR><BR>[Calls]<UL><LI><a href="#[aa]">&gt;&gt;</a>&nbsp;&nbsp;&nbsp;_sys_exit
</UL>

<P><STRONG><a name="[28c]"></a>__user_initial_stackheap</STRONG> (Thumb, 0 bytes, Stack size unknown bytes, stm32f10x_startup.o(.text))
<BR><BR>[Called By]<UL><LI><a href="#[a1]">&gt;&gt;</a>&nbsp;&nbsp;&nbsp;__user_setup_stackheap
</UL>

<P><STRONG><a name="[2db]"></a>OS_CPU_SR_Save</STRONG> (Thumb, 0 bytes, Stack size unknown bytes, os_cpu_a.o(.text))
<BR><BR>[Called By]<UL><LI><a href="#[36c]">&gt;&gt;</a>&nbsp;&nbsp;&nbsp;OSTimeSet
<LI><a href="#[2a4]">&gt;&gt;</a>&nbsp;&nbsp;&nbsp;OSTaskCreateExt
<LI><a href="#[35d]">&gt;&gt;</a>&nbsp;&nbsp;&nbsp;OSTaskCreate
<LI><a href="#[2a6]">&gt;&gt;</a>&nbsp;&nbsp;&nbsp;OSStatInit
<LI><a href="#[321]">&gt;&gt;</a>&nbsp;&nbsp;&nbsp;OSSemPend
<LI><a href="#[2a3]">&gt;&gt;</a>&nbsp;&nbsp;&nbsp;OSSemCreate
<LI><a href="#[32]">&gt;&gt;</a>&nbsp;&nbsp;&nbsp;USB_LP_CAN_RX0_IRQHandler
<LI><a href="#[31]">&gt;&gt;</a>&nbsp;&nbsp;&nbsp;USB_HP_CAN_TX_IRQHandler
<LI><a href="#[1d]">&gt;&gt;</a>&nbsp;&nbsp;&nbsp;SysTickHandler
<LI><a href="#[29]">&gt;&gt;</a>&nbsp;&nbsp;&nbsp;DMAChannel1_IRQHandler
<LI><a href="#[36d]">&gt;&gt;</a>&nbsp;&nbsp;&nbsp;OSTimeTick
<LI><a href="#[322]">&gt;&gt;</a>&nbsp;&nbsp;&nbsp;OSSemPost
<LI><a href="#[4b]">&gt;&gt;</a>&nbsp;&nbsp;&nbsp;OSIntExit
<LI><a href="#[320]">&gt;&gt;</a>&nbsp;&nbsp;&nbsp;OSMboxCreate
<LI><a href="#[31f]">&gt;&gt;</a>&nbsp;&nbsp;&nbsp;OSTimeDly
<LI><a href="#[36a]">&gt;&gt;</a>&nbsp;&nbsp;&nbsp;OSTaskStkChk
<LI><a href="#[365]">&gt;&gt;</a>&nbsp;&nbsp;&nbsp;OSTaskNameSet
<LI><a href="#[64]">&gt;&gt;</a>&nbsp;&nbsp;&nbsp;OS_TaskStat
<LI><a href="#[63]">&gt;&gt;</a>&nbsp;&nbsp;&nbsp;OS_TaskIdle
<LI><a href="#[35f]">&gt;&gt;</a>&nbsp;&nbsp;&nbsp;OS_TCBInit
<LI><a href="#[356]">&gt;&gt;</a>&nbsp;&nbsp;&nbsp;OS_Sched
</UL>

<P><STRONG><a name="[2dc]"></a>OS_CPU_SR_Restore</STRONG> (Thumb, 0 bytes, Stack size unknown bytes, os_cpu_a.o(.text))
<BR><BR>[Called By]<UL><LI><a href="#[36c]">&gt;&gt;</a>&nbsp;&nbsp;&nbsp;OSTimeSet
<LI><a href="#[2a4]">&gt;&gt;</a>&nbsp;&nbsp;&nbsp;OSTaskCreateExt
<LI><a href="#[35d]">&gt;&gt;</a>&nbsp;&nbsp;&nbsp;OSTaskCreate
<LI><a href="#[2a6]">&gt;&gt;</a>&nbsp;&nbsp;&nbsp;OSStatInit
<LI><a href="#[321]">&gt;&gt;</a>&nbsp;&nbsp;&nbsp;OSSemPend
<LI><a href="#[2a3]">&gt;&gt;</a>&nbsp;&nbsp;&nbsp;OSSemCreate
<LI><a href="#[32]">&gt;&gt;</a>&nbsp;&nbsp;&nbsp;USB_LP_CAN_RX0_IRQHandler
<LI><a href="#[31]">&gt;&gt;</a>&nbsp;&nbsp;&nbsp;USB_HP_CAN_TX_IRQHandler
<LI><a href="#[1d]">&gt;&gt;</a>&nbsp;&nbsp;&nbsp;SysTickHandler
<LI><a href="#[29]">&gt;&gt;</a>&nbsp;&nbsp;&nbsp;DMAChannel1_IRQHandler
<LI><a href="#[36d]">&gt;&gt;</a>&nbsp;&nbsp;&nbsp;OSTimeTick
<LI><a href="#[322]">&gt;&gt;</a>&nbsp;&nbsp;&nbsp;OSSemPost
<LI><a href="#[4b]">&gt;&gt;</a>&nbsp;&nbsp;&nbsp;OSIntExit
<LI><a href="#[320]">&gt;&gt;</a>&nbsp;&nbsp;&nbsp;OSMboxCreate
<LI><a href="#[31f]">&gt;&gt;</a>&nbsp;&nbsp;&nbsp;OSTimeDly
<LI><a href="#[36a]">&gt;&gt;</a>&nbsp;&nbsp;&nbsp;OSTaskStkChk
<LI><a href="#[365]">&gt;&gt;</a>&nbsp;&nbsp;&nbsp;OSTaskNameSet
<LI><a href="#[64]">&gt;&gt;</a>&nbsp;&nbsp;&nbsp;OS_TaskStat
<LI><a href="#[63]">&gt;&gt;</a>&nbsp;&nbsp;&nbsp;OS_TaskIdle
<LI><a href="#[35f]">&gt;&gt;</a>&nbsp;&nbsp;&nbsp;OS_TCBInit
<LI><a href="#[356]">&gt;&gt;</a>&nbsp;&nbsp;&nbsp;OS_Sched
</UL>

<P><STRONG><a name="[35a]"></a>OSStartHighRdy</STRONG> (Thumb, 0 bytes, Stack size unknown bytes, os_cpu_a.o(.text))
<BR><BR>[Called By]<UL><LI><a href="#[359]">&gt;&gt;</a>&nbsp;&nbsp;&nbsp;OSStart
</UL>

<P><STRONG><a name="[371]"></a>OSCtxSw</STRONG> (Thumb, 0 bytes, Stack size unknown bytes, os_cpu_a.o(.text))
<BR><BR>[Called By]<UL><LI><a href="#[356]">&gt;&gt;</a>&nbsp;&nbsp;&nbsp;OS_Sched
</UL>

<P><STRONG><a name="[353]"></a>OSIntCtxSw</STRONG> (Thumb, 0 bytes, Stack size unknown bytes, os_cpu_a.o(.text))
<BR><BR>[Called By]<UL><LI><a href="#[4b]">&gt;&gt;</a>&nbsp;&nbsp;&nbsp;OSIntExit
</UL>

<P><STRONG><a name="[1c]"></a>OSPendSV</STRONG> (Thumb, 0 bytes, Stack size unknown bytes, os_cpu_a.o(.text))
<BR>[Address Reference Count : 1]<UL><LI> stm32f10x_startup.o(RESET)
</UL>
<P><STRONG><a name="[3ac]"></a>CPU_IntDis</STRONG> (Thumb, 0 bytes, Stack size unknown bytes, cpu_a.o(.text))
<BR><BR>[Called By]<UL><LI><a href="#[a5]">&gt;&gt;</a>&nbsp;&nbsp;&nbsp;main
</UL>

<P><STRONG><a name="[3f4]"></a>CPU_IntEn</STRONG> (Thumb, 0 bytes, Stack size unknown bytes, cpu_a.o(.text), UNUSED)

<P><STRONG><a name="[3f5]"></a>CPU_SR_Save</STRONG> (Thumb, 0 bytes, Stack size unknown bytes, cpu_a.o(.text), UNUSED)

<P><STRONG><a name="[3f6]"></a>CPU_SR_Restore</STRONG> (Thumb, 0 bytes, Stack size unknown bytes, cpu_a.o(.text), UNUSED)

<P><STRONG><a name="[ac]"></a>GUI_sin</STRONG> (Thumb, 80 bytes, Stack size 8 bytes, gui2dlib.o(.text))
<BR><BR>[Stack]<UL><LI>Max Depth = 8<LI>Call Chain = GUI_sin
</UL>
<BR>[Called By]<UL><LI><a href="#[b2]">&gt;&gt;</a>&nbsp;&nbsp;&nbsp;GL_DrawLine
<LI><a href="#[ab]">&gt;&gt;</a>&nbsp;&nbsp;&nbsp;GUI_cos
</UL>

<P><STRONG><a name="[ab]"></a>GUI_cos</STRONG> (Thumb, 6 bytes, Stack size 0 bytes, gui2dlib.o(.text), UNUSED)
<BR><BR>[Calls]<UL><LI><a href="#[ac]">&gt;&gt;</a>&nbsp;&nbsp;&nbsp;GUI_sin
</UL>

<P><STRONG><a name="[ad]"></a>GL_DrawPoint</STRONG> (Thumb, 26 bytes, Stack size 0 bytes, gui2dlib.o(.text))
<BR><BR>[Stack]<UL><LI>Max Depth = 40<LI>Call Chain = GL_DrawPoint &rArr; GL_FillCircle
</UL>
<BR>[Calls]<UL><LI><a href="#[ae]">&gt;&gt;</a>&nbsp;&nbsp;&nbsp;GL_FillCircle
</UL>
<BR>[Called By]<UL><LI><a href="#[c5]">&gt;&gt;</a>&nbsp;&nbsp;&nbsp;GUI_DrawPoint
<LI><a href="#[af]">&gt;&gt;</a>&nbsp;&nbsp;&nbsp;GL_DrawLine1
<LI><a href="#[b5]">&gt;&gt;</a>&nbsp;&nbsp;&nbsp;_DrawLineEnd
</UL>

<P><STRONG><a name="[af]"></a>GL_DrawLine1</STRONG> (Thumb, 234 bytes, Stack size 40 bytes, gui2dlib.o(.text))
<BR><BR>[Stack]<UL><LI>Max Depth = 80<LI>Call Chain = GL_DrawLine1 &rArr; GL_DrawPoint &rArr; GL_FillCircle
</UL>
<BR>[Calls]<UL><LI><a href="#[b1]">&gt;&gt;</a>&nbsp;&nbsp;&nbsp;_SetLineColor
<LI><a href="#[b0]">&gt;&gt;</a>&nbsp;&nbsp;&nbsp;Abs
<LI><a href="#[ad]">&gt;&gt;</a>&nbsp;&nbsp;&nbsp;GL_DrawPoint
</UL>
<BR>[Called By]<UL><LI><a href="#[b2]">&gt;&gt;</a>&nbsp;&nbsp;&nbsp;GL_DrawLine
<LI><a href="#[1f1]">&gt;&gt;</a>&nbsp;&nbsp;&nbsp;GL_DrawEllipse
</UL>

<P><STRONG><a name="[b2]"></a>GL_DrawLine</STRONG> (Thumb, 262 bytes, Stack size 48 bytes, gui2dlib.o(.text))
<BR><BR>[Stack]<UL><LI>Max Depth = 128<LI>Call Chain = GL_DrawLine &rArr; GL_DrawLine1 &rArr; GL_DrawPoint &rArr; GL_FillCircle
</UL>
<BR>[Calls]<UL><LI><a href="#[af]">&gt;&gt;</a>&nbsp;&nbsp;&nbsp;GL_DrawLine1
<LI><a href="#[b5]">&gt;&gt;</a>&nbsp;&nbsp;&nbsp;_DrawLineEnd
<LI><a href="#[b3]">&gt;&gt;</a>&nbsp;&nbsp;&nbsp;_atan2
<LI><a href="#[ac]">&gt;&gt;</a>&nbsp;&nbsp;&nbsp;GUI_sin
<LI><a href="#[b4]">&gt;&gt;</a>&nbsp;&nbsp;&nbsp;GL_FillPolygon
</UL>
<BR>[Called By]<UL><LI><a href="#[c1]">&gt;&gt;</a>&nbsp;&nbsp;&nbsp;GUI_DrawLineTo
<LI><a href="#[c0]">&gt;&gt;</a>&nbsp;&nbsp;&nbsp;GUI_DrawLineRel
<LI><a href="#[bb]">&gt;&gt;</a>&nbsp;&nbsp;&nbsp;GL_DrawLineTo
<LI><a href="#[b6]">&gt;&gt;</a>&nbsp;&nbsp;&nbsp;GUI_DrawLine
</UL>

<P><STRONG><a name="[b6]"></a>GUI_DrawLine</STRONG> (Thumb, 66 bytes, Stack size 24 bytes, gui2dlib.o(.text))
<BR><BR>[Stack]<UL><LI>Max Depth = 168 + Unknown Stack Size
<LI>Call Chain = GUI_DrawLine &rArr; WM__InitIVRSearch &rArr; WM__GetNextIVR &rArr; _FindNext_IVR &rArr; _Findx0 &rArr;  _Findx0 (Cycle)
</UL>
<BR>[Calls]<UL><LI><a href="#[b2]">&gt;&gt;</a>&nbsp;&nbsp;&nbsp;GL_DrawLine
<LI><a href="#[b8]">&gt;&gt;</a>&nbsp;&nbsp;&nbsp;WM__InitIVRSearch
<LI><a href="#[b9]">&gt;&gt;</a>&nbsp;&nbsp;&nbsp;WM__GetNextIVR
<LI><a href="#[ba]">&gt;&gt;</a>&nbsp;&nbsp;&nbsp;GUI_Unlock
<LI><a href="#[b7]">&gt;&gt;</a>&nbsp;&nbsp;&nbsp;GUI_Lock
</UL>
<BR>[Called By]<UL><LI><a href="#[3a5]">&gt;&gt;</a>&nbsp;&nbsp;&nbsp;_DrawGrid
</UL>

<P><STRONG><a name="[bb]"></a>GL_DrawLineTo</STRONG> (Thumb, 30 bytes, Stack size 16 bytes, gui2dlib.o(.text), UNUSED)
<BR><BR>[Calls]<UL><LI><a href="#[b2]">&gt;&gt;</a>&nbsp;&nbsp;&nbsp;GL_DrawLine
</UL>
<BR>[Called By]<UL><LI><a href="#[bc]">&gt;&gt;</a>&nbsp;&nbsp;&nbsp;GL_DrawPolygon
</UL>

<P><STRONG><a name="[bd]"></a>GL_MoveTo</STRONG> (Thumb, 8 bytes, Stack size 0 bytes, gui2dlib.o(.text), UNUSED)
<BR><BR>[Called By]<UL><LI><a href="#[c2]">&gt;&gt;</a>&nbsp;&nbsp;&nbsp;GUI_MoveTo
<LI><a href="#[c1]">&gt;&gt;</a>&nbsp;&nbsp;&nbsp;GUI_DrawLineTo
<LI><a href="#[bc]">&gt;&gt;</a>&nbsp;&nbsp;&nbsp;GL_DrawPolygon
</UL>

<P><STRONG><a name="[bc]"></a>GL_DrawPolygon</STRONG> (Thumb, 100 bytes, Stack size 24 bytes, gui2dlib.o(.text), UNUSED)
<BR><BR>[Calls]<UL><LI><a href="#[bb]">&gt;&gt;</a>&nbsp;&nbsp;&nbsp;GL_DrawLineTo
<LI><a href="#[bd]">&gt;&gt;</a>&nbsp;&nbsp;&nbsp;GL_MoveTo
</UL>
<BR>[Called By]<UL><LI><a href="#[be]">&gt;&gt;</a>&nbsp;&nbsp;&nbsp;GUI_DrawPolygon
</UL>

<P><STRONG><a name="[be]"></a>GUI_DrawPolygon</STRONG> (Thumb, 62 bytes, Stack size 24 bytes, gui2dlib.o(.text), UNUSED)
<BR><BR>[Calls]<UL><LI><a href="#[bc]">&gt;&gt;</a>&nbsp;&nbsp;&nbsp;GL_DrawPolygon
<LI><a href="#[b8]">&gt;&gt;</a>&nbsp;&nbsp;&nbsp;WM__InitIVRSearch
<LI><a href="#[b9]">&gt;&gt;</a>&nbsp;&nbsp;&nbsp;WM__GetNextIVR
<LI><a href="#[ba]">&gt;&gt;</a>&nbsp;&nbsp;&nbsp;GUI_Unlock
<LI><a href="#[b7]">&gt;&gt;</a>&nbsp;&nbsp;&nbsp;GUI_Lock
</UL>

<P><STRONG><a name="[bf]"></a>GUI_MoveRel</STRONG> (Thumb, 32 bytes, Stack size 16 bytes, gui2dlib.o(.text), UNUSED)
<BR><BR>[Calls]<UL><LI><a href="#[ba]">&gt;&gt;</a>&nbsp;&nbsp;&nbsp;GUI_Unlock
<LI><a href="#[b7]">&gt;&gt;</a>&nbsp;&nbsp;&nbsp;GUI_Lock
</UL>
<BR>[Called By]<UL><LI><a href="#[c0]">&gt;&gt;</a>&nbsp;&nbsp;&nbsp;GUI_DrawLineRel
</UL>

<P><STRONG><a name="[c0]"></a>GUI_DrawLineRel</STRONG> (Thumb, 60 bytes, Stack size 16 bytes, gui2dlib.o(.text), UNUSED)
<BR><BR>[Calls]<UL><LI><a href="#[bf]">&gt;&gt;</a>&nbsp;&nbsp;&nbsp;GUI_MoveRel
<LI><a href="#[b2]">&gt;&gt;</a>&nbsp;&nbsp;&nbsp;GL_DrawLine
<LI><a href="#[b8]">&gt;&gt;</a>&nbsp;&nbsp;&nbsp;WM__InitIVRSearch
<LI><a href="#[b9]">&gt;&gt;</a>&nbsp;&nbsp;&nbsp;WM__GetNextIVR
<LI><a href="#[ba]">&gt;&gt;</a>&nbsp;&nbsp;&nbsp;GUI_Unlock
<LI><a href="#[b7]">&gt;&gt;</a>&nbsp;&nbsp;&nbsp;GUI_Lock
</UL>

<P><STRONG><a name="[c1]"></a>GUI_DrawLineTo</STRONG> (Thumb, 78 bytes, Stack size 16 bytes, gui2dlib.o(.text), UNUSED)
<BR><BR>[Calls]<UL><LI><a href="#[b2]">&gt;&gt;</a>&nbsp;&nbsp;&nbsp;GL_DrawLine
<LI><a href="#[b8]">&gt;&gt;</a>&nbsp;&nbsp;&nbsp;WM__InitIVRSearch
<LI><a href="#[b9]">&gt;&gt;</a>&nbsp;&nbsp;&nbsp;WM__GetNextIVR
<LI><a href="#[bd]">&gt;&gt;</a>&nbsp;&nbsp;&nbsp;GL_MoveTo
<LI><a href="#[ba]">&gt;&gt;</a>&nbsp;&nbsp;&nbsp;GUI_Unlock
<LI><a href="#[b7]">&gt;&gt;</a>&nbsp;&nbsp;&nbsp;GUI_Lock
</UL>

<P><STRONG><a name="[c2]"></a>GUI_MoveTo</STRONG> (Thumb, 32 bytes, Stack size 16 bytes, gui2dlib.o(.text), UNUSED)
<BR><BR>[Calls]<UL><LI><a href="#[bd]">&gt;&gt;</a>&nbsp;&nbsp;&nbsp;GL_MoveTo
<LI><a href="#[ba]">&gt;&gt;</a>&nbsp;&nbsp;&nbsp;GUI_Unlock
<LI><a href="#[b7]">&gt;&gt;</a>&nbsp;&nbsp;&nbsp;GUI_Lock
</UL>

<P><STRONG><a name="[c3]"></a>GUI_DrawRect</STRONG> (Thumb, 124 bytes, Stack size 32 bytes, gui2dlib.o(.text))
<BR><BR>[Stack]<UL><LI>Max Depth = 176 + Unknown Stack Size
<LI>Call Chain = GUI_DrawRect &rArr; WM__InitIVRSearch &rArr; WM__GetNextIVR &rArr; _FindNext_IVR &rArr; _Findx0 &rArr;  _Findx0 (Cycle)
</UL>
<BR>[Calls]<UL><LI><a href="#[6d]">&gt;&gt;</a>&nbsp;&nbsp;&nbsp;LCD_DrawHLine
<LI><a href="#[b8]">&gt;&gt;</a>&nbsp;&nbsp;&nbsp;WM__InitIVRSearch
<LI><a href="#[b9]">&gt;&gt;</a>&nbsp;&nbsp;&nbsp;WM__GetNextIVR
<LI><a href="#[c4]">&gt;&gt;</a>&nbsp;&nbsp;&nbsp;LCD_DrawVLine
<LI><a href="#[ba]">&gt;&gt;</a>&nbsp;&nbsp;&nbsp;GUI_Unlock
<LI><a href="#[b7]">&gt;&gt;</a>&nbsp;&nbsp;&nbsp;GUI_Lock
</UL>
<BR>[Called By]<UL><LI><a href="#[121]">&gt;&gt;</a>&nbsp;&nbsp;&nbsp;_Paint
<LI><a href="#[89]">&gt;&gt;</a>&nbsp;&nbsp;&nbsp;_WIDGET_EFFECT_3D_DrawUpRect
</UL>

<P><STRONG><a name="[c5]"></a>GUI_DrawPoint</STRONG> (Thumb, 52 bytes, Stack size 16 bytes, gui2dlib.o(.text), UNUSED)
<BR><BR>[Calls]<UL><LI><a href="#[b8]">&gt;&gt;</a>&nbsp;&nbsp;&nbsp;WM__InitIVRSearch
<LI><a href="#[b9]">&gt;&gt;</a>&nbsp;&nbsp;&nbsp;WM__GetNextIVR
<LI><a href="#[ad]">&gt;&gt;</a>&nbsp;&nbsp;&nbsp;GL_DrawPoint
<LI><a href="#[ba]">&gt;&gt;</a>&nbsp;&nbsp;&nbsp;GUI_Unlock
<LI><a href="#[b7]">&gt;&gt;</a>&nbsp;&nbsp;&nbsp;GUI_Lock
</UL>

<P><STRONG><a name="[124]"></a>GUI__ReduceRect</STRONG> (Thumb, 26 bytes, Stack size 0 bytes, gui__reducerect.o(.text))
<BR><BR>[Called By]<UL><LI><a href="#[30a]">&gt;&gt;</a>&nbsp;&nbsp;&nbsp;_OnPaint
<LI><a href="#[15c]">&gt;&gt;</a>&nbsp;&nbsp;&nbsp;WM_SetCaptureMove
<LI><a href="#[128]">&gt;&gt;</a>&nbsp;&nbsp;&nbsp;GUI_DrawFocusRect
<LI><a href="#[121]">&gt;&gt;</a>&nbsp;&nbsp;&nbsp;_Paint
<LI><a href="#[17f]">&gt;&gt;</a>&nbsp;&nbsp;&nbsp;WIDGET__GetInsideRect
<LI><a href="#[8b]">&gt;&gt;</a>&nbsp;&nbsp;&nbsp;_WIDGET_EFFECT_3D_GetRect
</UL>

<P><STRONG><a name="[c6]"></a>GUI_ALLOC_AllocZero</STRONG> (Thumb, 40 bytes, Stack size 16 bytes, gui_alloc_alloczero.o(.text))
<BR><BR>[Stack]<UL><LI>Max Depth = 96 + Unknown Stack Size
<LI>Call Chain = GUI_ALLOC_AllocZero &rArr; GUI_ALLOC_AllocNoInit &rArr; GUI_Lock &rArr; GUI_X_Lock &rArr; OSSemPend &rArr; OS_Sched
</UL>
<BR>[Calls]<UL><LI><a href="#[ba]">&gt;&gt;</a>&nbsp;&nbsp;&nbsp;GUI_Unlock
<LI><a href="#[b7]">&gt;&gt;</a>&nbsp;&nbsp;&nbsp;GUI_Lock
<LI><a href="#[c8]">&gt;&gt;</a>&nbsp;&nbsp;&nbsp;GUI_ALLOC_h2p
<LI><a href="#[c9]">&gt;&gt;</a>&nbsp;&nbsp;&nbsp;GUI__memset
<LI><a href="#[c7]">&gt;&gt;</a>&nbsp;&nbsp;&nbsp;GUI_ALLOC_AllocNoInit
</UL>
<BR>[Called By]<UL><LI><a href="#[30f]">&gt;&gt;</a>&nbsp;&nbsp;&nbsp;GRAPH_SCALE_Create
<LI><a href="#[301]">&gt;&gt;</a>&nbsp;&nbsp;&nbsp;GRAPH_DATA_YT_Create
<LI><a href="#[130]">&gt;&gt;</a>&nbsp;&nbsp;&nbsp;WM_CreateWindowAsChild
<LI><a href="#[175]">&gt;&gt;</a>&nbsp;&nbsp;&nbsp;TEXT_CreateEx
<LI><a href="#[170]">&gt;&gt;</a>&nbsp;&nbsp;&nbsp;GUI_ARRAY_SetItem
<LI><a href="#[256]">&gt;&gt;</a>&nbsp;&nbsp;&nbsp;GUI_USAGE_BM_Create
<LI><a href="#[255]">&gt;&gt;</a>&nbsp;&nbsp;&nbsp;GUI_MEMDEV__CreateFixed
<LI><a href="#[248]">&gt;&gt;</a>&nbsp;&nbsp;&nbsp;GUI_CURSOR_Select
</UL>

<P><STRONG><a name="[cb]"></a>GUI_DispStringInRectEx</STRONG> (Thumb, 142 bytes, Stack size 48 bytes, gui_dispstringinrectex.o(.text))
<BR><BR>[Stack]<UL><LI>Max Depth = 320 + Unknown Stack Size
<LI>Call Chain = GUI_DispStringInRectEx &rArr; GUI_DispStringInRectMax &rArr; GUI__DispStringInRect &rArr; GUI__DispLine &rArr; WM__InitIVRSearch &rArr; WM__GetNextIVR &rArr; _FindNext_IVR &rArr; _Findx0 &rArr;  _Findx0 (Cycle)
</UL>
<BR>[Calls]<UL><LI><a href="#[ce]">&gt;&gt;</a>&nbsp;&nbsp;&nbsp;WM_SetUserClipRect
<LI><a href="#[ba]">&gt;&gt;</a>&nbsp;&nbsp;&nbsp;GUI_Unlock
<LI><a href="#[b7]">&gt;&gt;</a>&nbsp;&nbsp;&nbsp;GUI_Lock
<LI><a href="#[cf]">&gt;&gt;</a>&nbsp;&nbsp;&nbsp;GUI__IntersectRects
<LI><a href="#[d0]">&gt;&gt;</a>&nbsp;&nbsp;&nbsp;GUI__DispStringInRect
<LI><a href="#[cc]">&gt;&gt;</a>&nbsp;&nbsp;&nbsp;GUI_DispStringInRectMax
<LI><a href="#[ca]">&gt;&gt;</a>&nbsp;&nbsp;&nbsp;_SetRotation
<LI><a href="#[cd]">&gt;&gt;</a>&nbsp;&nbsp;&nbsp;__aeabi_memcpy
</UL>
<BR>[Called By]<UL><LI><a href="#[67]">&gt;&gt;</a>&nbsp;&nbsp;&nbsp;_UserDraw
</UL>

<P><STRONG><a name="[d1]"></a>GUI_DrawHLine</STRONG> (Thumb, 78 bytes, Stack size 32 bytes, gui_drawhline.o(.text))
<BR><BR>[Stack]<UL><LI>Max Depth = 176 + Unknown Stack Size
<LI>Call Chain = GUI_DrawHLine &rArr; WM__InitIVRSearch &rArr; WM__GetNextIVR &rArr; _FindNext_IVR &rArr; _Findx0 &rArr;  _Findx0 (Cycle)
</UL>
<BR>[Calls]<UL><LI><a href="#[b8]">&gt;&gt;</a>&nbsp;&nbsp;&nbsp;WM__InitIVRSearch
<LI><a href="#[b9]">&gt;&gt;</a>&nbsp;&nbsp;&nbsp;WM__GetNextIVR
<LI><a href="#[ba]">&gt;&gt;</a>&nbsp;&nbsp;&nbsp;GUI_Unlock
<LI><a href="#[b7]">&gt;&gt;</a>&nbsp;&nbsp;&nbsp;GUI_Lock
</UL>
<BR>[Called By]<UL><LI><a href="#[3a5]">&gt;&gt;</a>&nbsp;&nbsp;&nbsp;_DrawGrid
<LI><a href="#[3a4]">&gt;&gt;</a>&nbsp;&nbsp;&nbsp;_DrawBorder
<LI><a href="#[189]">&gt;&gt;</a>&nbsp;&nbsp;&nbsp;WIDGET__DrawVLine
<LI><a href="#[8a]">&gt;&gt;</a>&nbsp;&nbsp;&nbsp;_WIDGET_EFFECT_3D_DrawDownRect
<LI><a href="#[89]">&gt;&gt;</a>&nbsp;&nbsp;&nbsp;_WIDGET_EFFECT_3D_DrawUpRect
<LI><a href="#[266]">&gt;&gt;</a>&nbsp;&nbsp;&nbsp;_DrawTriangle
</UL>

<P><STRONG><a name="[d2]"></a>GUI_DrawVLine</STRONG> (Thumb, 72 bytes, Stack size 24 bytes, gui_drawvline.o(.text))
<BR><BR>[Stack]<UL><LI>Max Depth = 168 + Unknown Stack Size
<LI>Call Chain = GUI_DrawVLine &rArr; WM__InitIVRSearch &rArr; WM__GetNextIVR &rArr; _FindNext_IVR &rArr; _Findx0 &rArr;  _Findx0 (Cycle)
</UL>
<BR>[Calls]<UL><LI><a href="#[b8]">&gt;&gt;</a>&nbsp;&nbsp;&nbsp;WM__InitIVRSearch
<LI><a href="#[b9]">&gt;&gt;</a>&nbsp;&nbsp;&nbsp;WM__GetNextIVR
<LI><a href="#[c4]">&gt;&gt;</a>&nbsp;&nbsp;&nbsp;LCD_DrawVLine
<LI><a href="#[ba]">&gt;&gt;</a>&nbsp;&nbsp;&nbsp;GUI_Unlock
<LI><a href="#[b7]">&gt;&gt;</a>&nbsp;&nbsp;&nbsp;GUI_Lock
</UL>
<BR>[Called By]<UL><LI><a href="#[3a5]">&gt;&gt;</a>&nbsp;&nbsp;&nbsp;_DrawGrid
<LI><a href="#[3a4]">&gt;&gt;</a>&nbsp;&nbsp;&nbsp;_DrawBorder
<LI><a href="#[189]">&gt;&gt;</a>&nbsp;&nbsp;&nbsp;WIDGET__DrawVLine
<LI><a href="#[8a]">&gt;&gt;</a>&nbsp;&nbsp;&nbsp;_WIDGET_EFFECT_3D_DrawDownRect
<LI><a href="#[89]">&gt;&gt;</a>&nbsp;&nbsp;&nbsp;_WIDGET_EFFECT_3D_DrawUpRect
<LI><a href="#[266]">&gt;&gt;</a>&nbsp;&nbsp;&nbsp;_DrawTriangle
</UL>

<P><STRONG><a name="[b4]"></a>GL_FillPolygon</STRONG> (Thumb, 444 bytes, Stack size 48 bytes, gui_fillpolygon.o(.text))
<BR><BR>[Stack]<UL><LI>Max Depth = 60<LI>Call Chain = GL_FillPolygon &rArr; _Add
</UL>
<BR>[Calls]<UL><LI><a href="#[d3]">&gt;&gt;</a>&nbsp;&nbsp;&nbsp;_Add
</UL>
<BR>[Called By]<UL><LI><a href="#[b2]">&gt;&gt;</a>&nbsp;&nbsp;&nbsp;GL_DrawLine
<LI><a href="#[d4]">&gt;&gt;</a>&nbsp;&nbsp;&nbsp;GUI_FillPolygon
</UL>

<P><STRONG><a name="[d4]"></a>GUI_FillPolygon</STRONG> (Thumb, 62 bytes, Stack size 24 bytes, gui_fillpolygon.o(.text), UNUSED)
<BR><BR>[Calls]<UL><LI><a href="#[b8]">&gt;&gt;</a>&nbsp;&nbsp;&nbsp;WM__InitIVRSearch
<LI><a href="#[b9]">&gt;&gt;</a>&nbsp;&nbsp;&nbsp;WM__GetNextIVR
<LI><a href="#[b4]">&gt;&gt;</a>&nbsp;&nbsp;&nbsp;GL_FillPolygon
<LI><a href="#[ba]">&gt;&gt;</a>&nbsp;&nbsp;&nbsp;GUI_Unlock
<LI><a href="#[b7]">&gt;&gt;</a>&nbsp;&nbsp;&nbsp;GUI_Lock
</UL>

<P><STRONG><a name="[d5]"></a>GUI_GetFontSizeY</STRONG> (Thumb, 20 bytes, Stack size 8 bytes, gui_getfontsizey.o(.text))
<BR><BR>[Stack]<UL><LI>Max Depth = 80 + Unknown Stack Size
<LI>Call Chain = GUI_GetFontSizeY &rArr; GUI_Lock &rArr; GUI_X_Lock &rArr; OSSemPend &rArr; OS_Sched
</UL>
<BR>[Calls]<UL><LI><a href="#[ba]">&gt;&gt;</a>&nbsp;&nbsp;&nbsp;GUI_Unlock
<LI><a href="#[b7]">&gt;&gt;</a>&nbsp;&nbsp;&nbsp;GUI_Lock
<LI><a href="#[d6]">&gt;&gt;</a>&nbsp;&nbsp;&nbsp;GUI__GetFontSizeY
</UL>
<BR>[Called By]<UL><LI><a href="#[67]">&gt;&gt;</a>&nbsp;&nbsp;&nbsp;_UserDraw
<LI><a href="#[3a7]">&gt;&gt;</a>&nbsp;&nbsp;&nbsp;_OnPaintVert
<LI><a href="#[3a8]">&gt;&gt;</a>&nbsp;&nbsp;&nbsp;_OnPaintHorz
<LI><a href="#[d0]">&gt;&gt;</a>&nbsp;&nbsp;&nbsp;GUI__DispStringInRect
</UL>

<P><STRONG><a name="[d7]"></a>GUI_GetLineStyle</STRONG> (Thumb, 18 bytes, Stack size 8 bytes, gui_getlinestyle.o(.text))
<BR><BR>[Stack]<UL><LI>Max Depth = 80 + Unknown Stack Size
<LI>Call Chain = GUI_GetLineStyle &rArr; GUI_Lock &rArr; GUI_X_Lock &rArr; OSSemPend &rArr; OS_Sched
</UL>
<BR>[Calls]<UL><LI><a href="#[ba]">&gt;&gt;</a>&nbsp;&nbsp;&nbsp;GUI_Unlock
<LI><a href="#[b7]">&gt;&gt;</a>&nbsp;&nbsp;&nbsp;GUI_Lock
</UL>
<BR>[Called By]<UL><LI><a href="#[3a5]">&gt;&gt;</a>&nbsp;&nbsp;&nbsp;_DrawGrid
</UL>

<P><STRONG><a name="[d8]"></a>GUI_GotoY</STRONG> (Thumb, 22 bytes, Stack size 8 bytes, gui_goto.o(.text), UNUSED)
<BR><BR>[Calls]<UL><LI><a href="#[ba]">&gt;&gt;</a>&nbsp;&nbsp;&nbsp;GUI_Unlock
<LI><a href="#[b7]">&gt;&gt;</a>&nbsp;&nbsp;&nbsp;GUI_Lock
</UL>

<P><STRONG><a name="[d9]"></a>GUI_GotoX</STRONG> (Thumb, 22 bytes, Stack size 8 bytes, gui_goto.o(.text), UNUSED)
<BR><BR>[Calls]<UL><LI><a href="#[ba]">&gt;&gt;</a>&nbsp;&nbsp;&nbsp;GUI_Unlock
<LI><a href="#[b7]">&gt;&gt;</a>&nbsp;&nbsp;&nbsp;GUI_Lock
</UL>

<P><STRONG><a name="[da]"></a>GUI_GotoXY</STRONG> (Thumb, 26 bytes, Stack size 16 bytes, gui_goto.o(.text))
<BR><BR>[Stack]<UL><LI>Max Depth = 88 + Unknown Stack Size
<LI>Call Chain = GUI_GotoXY &rArr; GUI_Lock &rArr; GUI_X_Lock &rArr; OSSemPend &rArr; OS_Sched
</UL>
<BR>[Calls]<UL><LI><a href="#[ba]">&gt;&gt;</a>&nbsp;&nbsp;&nbsp;GUI_Unlock
<LI><a href="#[b7]">&gt;&gt;</a>&nbsp;&nbsp;&nbsp;GUI_Lock
</UL>
<BR>[Called By]<UL><LI><a href="#[3a7]">&gt;&gt;</a>&nbsp;&nbsp;&nbsp;_OnPaintVert
<LI><a href="#[3a8]">&gt;&gt;</a>&nbsp;&nbsp;&nbsp;_OnPaintHorz
<LI><a href="#[ff]">&gt;&gt;</a>&nbsp;&nbsp;&nbsp;GUI_Clear
</UL>

<P><STRONG><a name="[db]"></a>GUI_GetPenSize</STRONG> (Thumb, 18 bytes, Stack size 8 bytes, gui_pen.o(.text), UNUSED)
<BR><BR>[Calls]<UL><LI><a href="#[ba]">&gt;&gt;</a>&nbsp;&nbsp;&nbsp;GUI_Unlock
<LI><a href="#[b7]">&gt;&gt;</a>&nbsp;&nbsp;&nbsp;GUI_Lock
</UL>

<P><STRONG><a name="[dc]"></a>GUI_GetPenShape</STRONG> (Thumb, 18 bytes, Stack size 8 bytes, gui_pen.o(.text), UNUSED)
<BR><BR>[Calls]<UL><LI><a href="#[ba]">&gt;&gt;</a>&nbsp;&nbsp;&nbsp;GUI_Unlock
<LI><a href="#[b7]">&gt;&gt;</a>&nbsp;&nbsp;&nbsp;GUI_Lock
</UL>

<P><STRONG><a name="[dd]"></a>GUI_SetPenSize</STRONG> (Thumb, 22 bytes, Stack size 16 bytes, gui_pen.o(.text))
<BR><BR>[Stack]<UL><LI>Max Depth = 88 + Unknown Stack Size
<LI>Call Chain = GUI_SetPenSize &rArr; GUI_Lock &rArr; GUI_X_Lock &rArr; OSSemPend &rArr; OS_Sched
</UL>
<BR>[Calls]<UL><LI><a href="#[ba]">&gt;&gt;</a>&nbsp;&nbsp;&nbsp;GUI_Unlock
<LI><a href="#[b7]">&gt;&gt;</a>&nbsp;&nbsp;&nbsp;GUI_Lock
</UL>
<BR>[Called By]<UL><LI><a href="#[1ab]">&gt;&gt;</a>&nbsp;&nbsp;&nbsp;GL_SetDefault
</UL>

<P><STRONG><a name="[de]"></a>GUI_SetPenShape</STRONG> (Thumb, 22 bytes, Stack size 16 bytes, gui_pen.o(.text), UNUSED)
<BR><BR>[Calls]<UL><LI><a href="#[ba]">&gt;&gt;</a>&nbsp;&nbsp;&nbsp;GUI_Unlock
<LI><a href="#[b7]">&gt;&gt;</a>&nbsp;&nbsp;&nbsp;GUI_Lock
</UL>

<P><STRONG><a name="[df]"></a>GUI_SetBkColor</STRONG> (Thumb, 22 bytes, Stack size 8 bytes, gui_setcolor.o(.text))
<BR><BR>[Stack]<UL><LI>Max Depth = 80 + Unknown Stack Size
<LI>Call Chain = GUI_SetBkColor &rArr; GUI_Lock &rArr; GUI_X_Lock &rArr; OSSemPend &rArr; OS_Sched
</UL>
<BR>[Calls]<UL><LI><a href="#[ba]">&gt;&gt;</a>&nbsp;&nbsp;&nbsp;GUI_Unlock
<LI><a href="#[b7]">&gt;&gt;</a>&nbsp;&nbsp;&nbsp;GUI_Lock
<LI><a href="#[e0]">&gt;&gt;</a>&nbsp;&nbsp;&nbsp;LCD_SetBkColor
</UL>
<BR>[Called By]<UL><LI><a href="#[30a]">&gt;&gt;</a>&nbsp;&nbsp;&nbsp;_OnPaint
<LI><a href="#[3a4]">&gt;&gt;</a>&nbsp;&nbsp;&nbsp;_DrawBorder
<LI><a href="#[1ab]">&gt;&gt;</a>&nbsp;&nbsp;&nbsp;GL_SetDefault
<LI><a href="#[4e]">&gt;&gt;</a>&nbsp;&nbsp;&nbsp;cbBackWin
</UL>

<P><STRONG><a name="[e1]"></a>GUI_SetColor</STRONG> (Thumb, 22 bytes, Stack size 8 bytes, gui_setcolor.o(.text))
<BR><BR>[Stack]<UL><LI>Max Depth = 80 + Unknown Stack Size
<LI>Call Chain = GUI_SetColor &rArr; GUI_Lock &rArr; GUI_X_Lock &rArr; OSSemPend &rArr; OS_Sched
</UL>
<BR>[Calls]<UL><LI><a href="#[ba]">&gt;&gt;</a>&nbsp;&nbsp;&nbsp;GUI_Unlock
<LI><a href="#[b7]">&gt;&gt;</a>&nbsp;&nbsp;&nbsp;GUI_Lock
<LI><a href="#[e2]">&gt;&gt;</a>&nbsp;&nbsp;&nbsp;LCD_SetColor
</UL>
<BR>[Called By]<UL><LI><a href="#[67]">&gt;&gt;</a>&nbsp;&nbsp;&nbsp;_UserDraw
<LI><a href="#[62]">&gt;&gt;</a>&nbsp;&nbsp;&nbsp;_OnPaint
<LI><a href="#[60]">&gt;&gt;</a>&nbsp;&nbsp;&nbsp;_OnPaint
<LI><a href="#[3a5]">&gt;&gt;</a>&nbsp;&nbsp;&nbsp;_DrawGrid
<LI><a href="#[3a4]">&gt;&gt;</a>&nbsp;&nbsp;&nbsp;_DrawBorder
<LI><a href="#[1ab]">&gt;&gt;</a>&nbsp;&nbsp;&nbsp;GL_SetDefault
<LI><a href="#[73]">&gt;&gt;</a>&nbsp;&nbsp;&nbsp;GUIPROP_DispChar
</UL>

<P><STRONG><a name="[e3]"></a>GUI_SetFont</STRONG> (Thumb, 24 bytes, Stack size 16 bytes, gui_setfont.o(.text))
<BR><BR>[Stack]<UL><LI>Max Depth = 88 + Unknown Stack Size
<LI>Call Chain = GUI_SetFont &rArr; GUI_Lock &rArr; GUI_X_Lock &rArr; OSSemPend &rArr; OS_Sched
</UL>
<BR>[Calls]<UL><LI><a href="#[ba]">&gt;&gt;</a>&nbsp;&nbsp;&nbsp;GUI_Unlock
<LI><a href="#[b7]">&gt;&gt;</a>&nbsp;&nbsp;&nbsp;GUI_Lock
</UL>
<BR>[Called By]<UL><LI><a href="#[67]">&gt;&gt;</a>&nbsp;&nbsp;&nbsp;_UserDraw
<LI><a href="#[62]">&gt;&gt;</a>&nbsp;&nbsp;&nbsp;_OnPaint
<LI><a href="#[153]">&gt;&gt;</a>&nbsp;&nbsp;&nbsp;_Paint
<LI><a href="#[121]">&gt;&gt;</a>&nbsp;&nbsp;&nbsp;_Paint
<LI><a href="#[1ab]">&gt;&gt;</a>&nbsp;&nbsp;&nbsp;GL_SetDefault
<LI><a href="#[50]">&gt;&gt;</a>&nbsp;&nbsp;&nbsp;_TEXT_Callback
</UL>

<P><STRONG><a name="[e4]"></a>GUI_SetLineStyle</STRONG> (Thumb, 22 bytes, Stack size 16 bytes, gui_setlinestyle.o(.text))
<BR><BR>[Stack]<UL><LI>Max Depth = 88 + Unknown Stack Size
<LI>Call Chain = GUI_SetLineStyle &rArr; GUI_Lock &rArr; GUI_X_Lock &rArr; OSSemPend &rArr; OS_Sched
</UL>
<BR>[Calls]<UL><LI><a href="#[ba]">&gt;&gt;</a>&nbsp;&nbsp;&nbsp;GUI_Unlock
<LI><a href="#[b7]">&gt;&gt;</a>&nbsp;&nbsp;&nbsp;GUI_Lock
</UL>
<BR>[Called By]<UL><LI><a href="#[3a5]">&gt;&gt;</a>&nbsp;&nbsp;&nbsp;_DrawGrid
<LI><a href="#[1ab]">&gt;&gt;</a>&nbsp;&nbsp;&nbsp;GL_SetDefault
</UL>

<P><STRONG><a name="[e5]"></a>GUI_SetTextAlign</STRONG> (Thumb, 24 bytes, Stack size 16 bytes, gui_settextalign.o(.text))
<BR><BR>[Stack]<UL><LI>Max Depth = 88 + Unknown Stack Size
<LI>Call Chain = GUI_SetTextAlign &rArr; GUI_Lock &rArr; GUI_X_Lock &rArr; OSSemPend &rArr; OS_Sched
</UL>
<BR>[Calls]<UL><LI><a href="#[ba]">&gt;&gt;</a>&nbsp;&nbsp;&nbsp;GUI_Unlock
<LI><a href="#[b7]">&gt;&gt;</a>&nbsp;&nbsp;&nbsp;GUI_Lock
</UL>
<BR>[Called By]<UL><LI><a href="#[3a7]">&gt;&gt;</a>&nbsp;&nbsp;&nbsp;_OnPaintVert
<LI><a href="#[3a8]">&gt;&gt;</a>&nbsp;&nbsp;&nbsp;_OnPaintHorz
<LI><a href="#[1ab]">&gt;&gt;</a>&nbsp;&nbsp;&nbsp;GL_SetDefault
</UL>

<P><STRONG><a name="[e6]"></a>GUI_SetTextMode</STRONG> (Thumb, 24 bytes, Stack size 16 bytes, gui_settextmode.o(.text))
<BR><BR>[Stack]<UL><LI>Max Depth = 88 + Unknown Stack Size
<LI>Call Chain = GUI_SetTextMode &rArr; GUI_Lock &rArr; GUI_X_Lock &rArr; OSSemPend &rArr; OS_Sched
</UL>
<BR>[Calls]<UL><LI><a href="#[ba]">&gt;&gt;</a>&nbsp;&nbsp;&nbsp;GUI_Unlock
<LI><a href="#[b7]">&gt;&gt;</a>&nbsp;&nbsp;&nbsp;GUI_Lock
</UL>
<BR>[Called By]<UL><LI><a href="#[62]">&gt;&gt;</a>&nbsp;&nbsp;&nbsp;_OnPaint
<LI><a href="#[157]">&gt;&gt;</a>&nbsp;&nbsp;&nbsp;WIDGET__FillStringInRect
<LI><a href="#[121]">&gt;&gt;</a>&nbsp;&nbsp;&nbsp;_Paint
<LI><a href="#[1ab]">&gt;&gt;</a>&nbsp;&nbsp;&nbsp;GL_SetDefault
<LI><a href="#[50]">&gt;&gt;</a>&nbsp;&nbsp;&nbsp;_TEXT_Callback
</UL>

<P><STRONG><a name="[3f7]"></a>GUI_TOUCH_GetxPhys</STRONG> (Thumb, 6 bytes, Stack size 0 bytes, gui_touch_driveranalog.o(.text), UNUSED)

<P><STRONG><a name="[3f8]"></a>GUI_TOUCH_GetyPhys</STRONG> (Thumb, 6 bytes, Stack size 0 bytes, gui_touch_driveranalog.o(.text), UNUSED)

<P><STRONG><a name="[3f9]"></a>GUI_TOUCH_SetDefaultCalibration</STRONG> (Thumb, 28 bytes, Stack size 0 bytes, gui_touch_driveranalog.o(.text), UNUSED)

<P><STRONG><a name="[3fa]"></a>GUI_TOUCH_Calibrate</STRONG> (Thumb, 80 bytes, Stack size 20 bytes, gui_touch_driveranalog.o(.text), UNUSED)

<P><STRONG><a name="[3fb]"></a>GUI_TOUCH_GetCalData</STRONG> (Thumb, 22 bytes, Stack size 8 bytes, gui_touch_driveranalog.o(.text), UNUSED)

<P><STRONG><a name="[eb]"></a>TOUCH_Abs</STRONG> (Thumb, 8 bytes, Stack size 0 bytes, gui_touch_driveranalog.o(.text))
<BR><BR>[Called By]<UL><LI><a href="#[ec]">&gt;&gt;</a>&nbsp;&nbsp;&nbsp;TOUCH_ReadAdcY
<LI><a href="#[e9]">&gt;&gt;</a>&nbsp;&nbsp;&nbsp;TOUCH_ReadAdcX
</UL>

<P><STRONG><a name="[e9]"></a>TOUCH_ReadAdcX</STRONG> (Thumb, 44 bytes, Stack size 8 bytes, gui_touch_driveranalog.o(.text))
<BR><BR>[Stack]<UL><LI>Max Depth = 80<LI>Call Chain = TOUCH_ReadAdcX &rArr; GUI_TOUCH_X_MeasureX &rArr; TPReadX &rArr; SPI_WriteByte
</UL>
<BR>[Calls]<UL><LI><a href="#[ea]">&gt;&gt;</a>&nbsp;&nbsp;&nbsp;GUI_TOUCH_X_MeasureX
<LI><a href="#[eb]">&gt;&gt;</a>&nbsp;&nbsp;&nbsp;TOUCH_Abs
</UL>
<BR>[Called By]<UL><LI><a href="#[ee]">&gt;&gt;</a>&nbsp;&nbsp;&nbsp;GUI_TOUCH_Exec
</UL>

<P><STRONG><a name="[ec]"></a>TOUCH_ReadAdcY</STRONG> (Thumb, 44 bytes, Stack size 8 bytes, gui_touch_driveranalog.o(.text))
<BR><BR>[Stack]<UL><LI>Max Depth = 80<LI>Call Chain = TOUCH_ReadAdcY &rArr; GUI_TOUCH_X_MeasureY &rArr; TPReadY &rArr; SPI_WriteByte
</UL>
<BR>[Calls]<UL><LI><a href="#[ed]">&gt;&gt;</a>&nbsp;&nbsp;&nbsp;GUI_TOUCH_X_MeasureY
<LI><a href="#[eb]">&gt;&gt;</a>&nbsp;&nbsp;&nbsp;TOUCH_Abs
</UL>
<BR>[Called By]<UL><LI><a href="#[ee]">&gt;&gt;</a>&nbsp;&nbsp;&nbsp;GUI_TOUCH_Exec
</UL>

<P><STRONG><a name="[ee]"></a>GUI_TOUCH_Exec</STRONG> (Thumb, 174 bytes, Stack size 16 bytes, gui_touch_driveranalog.o(.text))
<BR><BR>[Stack]<UL><LI>Max Depth = 96<LI>Call Chain = GUI_TOUCH_Exec &rArr; TOUCH_ReadAdcY &rArr; GUI_TOUCH_X_MeasureY &rArr; TPReadY &rArr; SPI_WriteByte
</UL>
<BR>[Calls]<UL><LI><a href="#[ef]">&gt;&gt;</a>&nbsp;&nbsp;&nbsp;GUI_TOUCH_X_ActivateY
<LI><a href="#[f0]">&gt;&gt;</a>&nbsp;&nbsp;&nbsp;GUI_TOUCH_X_ActivateX
<LI><a href="#[ec]">&gt;&gt;</a>&nbsp;&nbsp;&nbsp;TOUCH_ReadAdcY
<LI><a href="#[e9]">&gt;&gt;</a>&nbsp;&nbsp;&nbsp;TOUCH_ReadAdcX
<LI><a href="#[e7]">&gt;&gt;</a>&nbsp;&nbsp;&nbsp;_StoreUnstable
</UL>
<BR>[Called By]<UL><LI><a href="#[57]">&gt;&gt;</a>&nbsp;&nbsp;&nbsp;AppTaskKbd
</UL>

<P><STRONG><a name="[fb]"></a>GUI_ALLOC_Init</STRONG> (Thumb, 40 bytes, Stack size 0 bytes, guialloc.o(.text))
<BR><BR>[Called By]<UL><LI><a href="#[f4]">&gt;&gt;</a>&nbsp;&nbsp;&nbsp;_CheckInit
</UL>

<P><STRONG><a name="[c7]"></a>GUI_ALLOC_AllocNoInit</STRONG> (Thumb, 28 bytes, Stack size 8 bytes, guialloc.o(.text))
<BR><BR>[Stack]<UL><LI>Max Depth = 80 + Unknown Stack Size
<LI>Call Chain = GUI_ALLOC_AllocNoInit &rArr; GUI_Lock &rArr; GUI_X_Lock &rArr; OSSemPend &rArr; OS_Sched
</UL>
<BR>[Calls]<UL><LI><a href="#[ba]">&gt;&gt;</a>&nbsp;&nbsp;&nbsp;GUI_Unlock
<LI><a href="#[b7]">&gt;&gt;</a>&nbsp;&nbsp;&nbsp;GUI_Lock
<LI><a href="#[f3]">&gt;&gt;</a>&nbsp;&nbsp;&nbsp;_Alloc
</UL>
<BR>[Called By]<UL><LI><a href="#[c6]">&gt;&gt;</a>&nbsp;&nbsp;&nbsp;GUI_ALLOC_AllocZero
<LI><a href="#[16d]">&gt;&gt;</a>&nbsp;&nbsp;&nbsp;GUI_ALLOC_Realloc
<LI><a href="#[16c]">&gt;&gt;</a>&nbsp;&nbsp;&nbsp;GUI_ALLOC_AllocInit
<LI><a href="#[133]">&gt;&gt;</a>&nbsp;&nbsp;&nbsp;GUI__SetText
<LI><a href="#[255]">&gt;&gt;</a>&nbsp;&nbsp;&nbsp;GUI_MEMDEV__CreateFixed
</UL>

<P><STRONG><a name="[c8]"></a>GUI_ALLOC_h2p</STRONG> (Thumb, 20 bytes, Stack size 0 bytes, guialloc.o(.text))
<BR><BR>[Called By]<UL><LI><a href="#[1c5]">&gt;&gt;</a>&nbsp;&nbsp;&nbsp;WM_GetInvalidRect
<LI><a href="#[12e]">&gt;&gt;</a>&nbsp;&nbsp;&nbsp;WM_DefaultProc
<LI><a href="#[177]">&gt;&gt;</a>&nbsp;&nbsp;&nbsp;TEXT_SetText
<LI><a href="#[176]">&gt;&gt;</a>&nbsp;&nbsp;&nbsp;TEXT_SetFont
<LI><a href="#[318]">&gt;&gt;</a>&nbsp;&nbsp;&nbsp;GRAPH_SetUserDraw
<LI><a href="#[317]">&gt;&gt;</a>&nbsp;&nbsp;&nbsp;GRAPH_SetGridVis
<LI><a href="#[316]">&gt;&gt;</a>&nbsp;&nbsp;&nbsp;GRAPH_SetGridDistY
<LI><a href="#[315]">&gt;&gt;</a>&nbsp;&nbsp;&nbsp;GRAPH_SetGridDistX
<LI><a href="#[314]">&gt;&gt;</a>&nbsp;&nbsp;&nbsp;GRAPH_SetColor
<LI><a href="#[313]">&gt;&gt;</a>&nbsp;&nbsp;&nbsp;GRAPH_SCALE_SetTextColor
<LI><a href="#[312]">&gt;&gt;</a>&nbsp;&nbsp;&nbsp;GRAPH_SCALE_SetNumDecs
<LI><a href="#[310]">&gt;&gt;</a>&nbsp;&nbsp;&nbsp;GRAPH_SCALE_SetFactor
<LI><a href="#[30f]">&gt;&gt;</a>&nbsp;&nbsp;&nbsp;GRAPH_SCALE_Create
<LI><a href="#[301]">&gt;&gt;</a>&nbsp;&nbsp;&nbsp;GRAPH_DATA_YT_Create
<LI><a href="#[304]">&gt;&gt;</a>&nbsp;&nbsp;&nbsp;GRAPH_DATA_YT_AddValue
<LI><a href="#[308]">&gt;&gt;</a>&nbsp;&nbsp;&nbsp;GRAPH_AttachScale
<LI><a href="#[302]">&gt;&gt;</a>&nbsp;&nbsp;&nbsp;GRAPH_AttachData
<LI><a href="#[167]">&gt;&gt;</a>&nbsp;&nbsp;&nbsp;FRAMEWIN_SetTextAlign
<LI><a href="#[169]">&gt;&gt;</a>&nbsp;&nbsp;&nbsp;FRAMEWIN_SetFont
<LI><a href="#[132]">&gt;&gt;</a>&nbsp;&nbsp;&nbsp;BUTTON_SetText
<LI><a href="#[135]">&gt;&gt;</a>&nbsp;&nbsp;&nbsp;BUTTON_SetFont
<LI><a href="#[136]">&gt;&gt;</a>&nbsp;&nbsp;&nbsp;BUTTON_SetBkColor
<LI><a href="#[3a7]">&gt;&gt;</a>&nbsp;&nbsp;&nbsp;_OnPaintVert
<LI><a href="#[3a8]">&gt;&gt;</a>&nbsp;&nbsp;&nbsp;_OnPaintHorz
<LI><a href="#[62]">&gt;&gt;</a>&nbsp;&nbsp;&nbsp;_OnPaint
<LI><a href="#[60]">&gt;&gt;</a>&nbsp;&nbsp;&nbsp;_OnPaint
<LI><a href="#[61]">&gt;&gt;</a>&nbsp;&nbsp;&nbsp;_OnDelete
<LI><a href="#[b8]">&gt;&gt;</a>&nbsp;&nbsp;&nbsp;WM__InitIVRSearch
<LI><a href="#[c6]">&gt;&gt;</a>&nbsp;&nbsp;&nbsp;GUI_ALLOC_AllocZero
<LI><a href="#[1a6]">&gt;&gt;</a>&nbsp;&nbsp;&nbsp;WM_InvalidateRect
<LI><a href="#[130]">&gt;&gt;</a>&nbsp;&nbsp;&nbsp;WM_CreateWindowAsChild
<LI><a href="#[12a]">&gt;&gt;</a>&nbsp;&nbsp;&nbsp;WIDGET_HandleActive
<LI><a href="#[174]">&gt;&gt;</a>&nbsp;&nbsp;&nbsp;SCROLLBAR_GetValue
<LI><a href="#[172]">&gt;&gt;</a>&nbsp;&nbsp;&nbsp;GUI_ARRAY_GethItem
<LI><a href="#[16e]">&gt;&gt;</a>&nbsp;&nbsp;&nbsp;GUI_ARRAY_Delete
<LI><a href="#[16b]">&gt;&gt;</a>&nbsp;&nbsp;&nbsp;GUI_ARRAY_AddItem
<LI><a href="#[30d]">&gt;&gt;</a>&nbsp;&nbsp;&nbsp;GRAPH_CreateEx
<LI><a href="#[5f]">&gt;&gt;</a>&nbsp;&nbsp;&nbsp;GRAPH_Callback
<LI><a href="#[30a]">&gt;&gt;</a>&nbsp;&nbsp;&nbsp;_OnPaint
<LI><a href="#[30b]">&gt;&gt;</a>&nbsp;&nbsp;&nbsp;_OnDelete
<LI><a href="#[319]">&gt;&gt;</a>&nbsp;&nbsp;&nbsp;_InvalidateGraph
<LI><a href="#[175]">&gt;&gt;</a>&nbsp;&nbsp;&nbsp;TEXT_CreateEx
<LI><a href="#[16d]">&gt;&gt;</a>&nbsp;&nbsp;&nbsp;GUI_ALLOC_Realloc
<LI><a href="#[16c]">&gt;&gt;</a>&nbsp;&nbsp;&nbsp;GUI_ALLOC_AllocInit
<LI><a href="#[173]">&gt;&gt;</a>&nbsp;&nbsp;&nbsp;GUI_ARRAY_GetpItem
<LI><a href="#[170]">&gt;&gt;</a>&nbsp;&nbsp;&nbsp;GUI_ARRAY_SetItem
<LI><a href="#[16f]">&gt;&gt;</a>&nbsp;&nbsp;&nbsp;GUI_ARRAY_SethItem
<LI><a href="#[16a]">&gt;&gt;</a>&nbsp;&nbsp;&nbsp;FRAMEWIN__UpdateButtons
<LI><a href="#[15f]">&gt;&gt;</a>&nbsp;&nbsp;&nbsp;WM__IsAncestor
<LI><a href="#[163]">&gt;&gt;</a>&nbsp;&nbsp;&nbsp;WM_SetSize
<LI><a href="#[162]">&gt;&gt;</a>&nbsp;&nbsp;&nbsp;WM_MoveChildTo
<LI><a href="#[152]">&gt;&gt;</a>&nbsp;&nbsp;&nbsp;WM_GetWindowSizeY
<LI><a href="#[155]">&gt;&gt;</a>&nbsp;&nbsp;&nbsp;WM_GetWindowSizeX
<LI><a href="#[160]">&gt;&gt;</a>&nbsp;&nbsp;&nbsp;WM_GetParent
<LI><a href="#[166]">&gt;&gt;</a>&nbsp;&nbsp;&nbsp;WM_DisableMemdev
<LI><a href="#[15b]">&gt;&gt;</a>&nbsp;&nbsp;&nbsp;WM_BringToTop
<LI><a href="#[168]">&gt;&gt;</a>&nbsp;&nbsp;&nbsp;FRAMEWIN_SetMoveable
<LI><a href="#[165]">&gt;&gt;</a>&nbsp;&nbsp;&nbsp;FRAMEWIN_CreateEx
<LI><a href="#[164]">&gt;&gt;</a>&nbsp;&nbsp;&nbsp;FRAMEWIN_SetText
<LI><a href="#[14f]">&gt;&gt;</a>&nbsp;&nbsp;&nbsp;FRAMEWIN__CalcPositions
<LI><a href="#[4d]">&gt;&gt;</a>&nbsp;&nbsp;&nbsp;FRAMEWIN__cbClient
<LI><a href="#[4c]">&gt;&gt;</a>&nbsp;&nbsp;&nbsp;_FRAMEWIN_Callback
<LI><a href="#[153]">&gt;&gt;</a>&nbsp;&nbsp;&nbsp;_Paint
<LI><a href="#[14c]">&gt;&gt;</a>&nbsp;&nbsp;&nbsp;_SetActive
<LI><a href="#[143]">&gt;&gt;</a>&nbsp;&nbsp;&nbsp;WM_ShowWindow
<LI><a href="#[13f]">&gt;&gt;</a>&nbsp;&nbsp;&nbsp;WM_SendMessage
<LI><a href="#[147]">&gt;&gt;</a>&nbsp;&nbsp;&nbsp;WM_DeleteWindow
<LI><a href="#[122]">&gt;&gt;</a>&nbsp;&nbsp;&nbsp;WM__IsEnabled
<LI><a href="#[139]">&gt;&gt;</a>&nbsp;&nbsp;&nbsp;WIDGET_SetState
<LI><a href="#[12b]">&gt;&gt;</a>&nbsp;&nbsp;&nbsp;WIDGET_OrState
<LI><a href="#[13b]">&gt;&gt;</a>&nbsp;&nbsp;&nbsp;WIDGET_AndState
<LI><a href="#[133]">&gt;&gt;</a>&nbsp;&nbsp;&nbsp;GUI__SetText
<LI><a href="#[125]">&gt;&gt;</a>&nbsp;&nbsp;&nbsp;GUI_DRAW__Draw
<LI><a href="#[137]">&gt;&gt;</a>&nbsp;&nbsp;&nbsp;BUTTON_SetTextColor
<LI><a href="#[12f]">&gt;&gt;</a>&nbsp;&nbsp;&nbsp;BUTTON_CreateEx
<LI><a href="#[129]">&gt;&gt;</a>&nbsp;&nbsp;&nbsp;BUTTON_Callback
<LI><a href="#[121]">&gt;&gt;</a>&nbsp;&nbsp;&nbsp;_Paint
<LI><a href="#[1d5]">&gt;&gt;</a>&nbsp;&nbsp;&nbsp;GUI__strcmp_hp
<LI><a href="#[1ce]">&gt;&gt;</a>&nbsp;&nbsp;&nbsp;WM_HideWindow
<LI><a href="#[1c7]">&gt;&gt;</a>&nbsp;&nbsp;&nbsp;WM_GetWindowOrgY
<LI><a href="#[1c6]">&gt;&gt;</a>&nbsp;&nbsp;&nbsp;WM_GetWindowOrgX
<LI><a href="#[1c3]">&gt;&gt;</a>&nbsp;&nbsp;&nbsp;WM_GetWindowRectEx
<LI><a href="#[1c4]">&gt;&gt;</a>&nbsp;&nbsp;&nbsp;WM_GetFlags
<LI><a href="#[1be]">&gt;&gt;</a>&nbsp;&nbsp;&nbsp;_GetDialogItem
<LI><a href="#[1bd]">&gt;&gt;</a>&nbsp;&nbsp;&nbsp;WM_GetClientRectEx
<LI><a href="#[1a7]">&gt;&gt;</a>&nbsp;&nbsp;&nbsp;WM_BringToBottom
<LI><a href="#[1b0]">&gt;&gt;</a>&nbsp;&nbsp;&nbsp;WM_Exec1
<LI><a href="#[1af]">&gt;&gt;</a>&nbsp;&nbsp;&nbsp;WM__PaintWinAndOverlays
<LI><a href="#[19f]">&gt;&gt;</a>&nbsp;&nbsp;&nbsp;WM__IsWindow
<LI><a href="#[19d]">&gt;&gt;</a>&nbsp;&nbsp;&nbsp;WM__RemoveFromLinList
<LI><a href="#[19b]">&gt;&gt;</a>&nbsp;&nbsp;&nbsp;WM_SelectWindow
<LI><a href="#[19a]">&gt;&gt;</a>&nbsp;&nbsp;&nbsp;WM__DetachWindow
<LI><a href="#[199]">&gt;&gt;</a>&nbsp;&nbsp;&nbsp;WM_InvalidateArea
<LI><a href="#[198]">&gt;&gt;</a>&nbsp;&nbsp;&nbsp;WM__RemoveWindowFromList
<LI><a href="#[197]">&gt;&gt;</a>&nbsp;&nbsp;&nbsp;WM__InsertWindowIntoList
<LI><a href="#[196]">&gt;&gt;</a>&nbsp;&nbsp;&nbsp;WM__ActivateClipRect
<LI><a href="#[195]">&gt;&gt;</a>&nbsp;&nbsp;&nbsp;WM__ClipAtParentBorders
<LI><a href="#[4f]">&gt;&gt;</a>&nbsp;&nbsp;&nbsp;_cbPaintMemDev
<LI><a href="#[1ae]">&gt;&gt;</a>&nbsp;&nbsp;&nbsp;_PaintTransChildren
<LI><a href="#[1ad]">&gt;&gt;</a>&nbsp;&nbsp;&nbsp;_Paint1Trans
<LI><a href="#[1a9]">&gt;&gt;</a>&nbsp;&nbsp;&nbsp;_FindNext_IVR
<LI><a href="#[1a5]">&gt;&gt;</a>&nbsp;&nbsp;&nbsp;_Findx1
<LI><a href="#[1a4]">&gt;&gt;</a>&nbsp;&nbsp;&nbsp;_Findx0
<LI><a href="#[1a2]">&gt;&gt;</a>&nbsp;&nbsp;&nbsp;_Findy1
<LI><a href="#[1a0]">&gt;&gt;</a>&nbsp;&nbsp;&nbsp;_DeleteAllChildren
<LI><a href="#[192]">&gt;&gt;</a>&nbsp;&nbsp;&nbsp;_SetClipRectUserIntersect
<LI><a href="#[18f]">&gt;&gt;</a>&nbsp;&nbsp;&nbsp;_Invalidate1Abs
<LI><a href="#[183]">&gt;&gt;</a>&nbsp;&nbsp;&nbsp;WM__UpdateChildPositions
<LI><a href="#[182]">&gt;&gt;</a>&nbsp;&nbsp;&nbsp;WIDGET_GetState
<LI><a href="#[181]">&gt;&gt;</a>&nbsp;&nbsp;&nbsp;WIDGET__GetWindowSizeX
<LI><a href="#[216]">&gt;&gt;</a>&nbsp;&nbsp;&nbsp;WM_GetHasTrans
<LI><a href="#[50]">&gt;&gt;</a>&nbsp;&nbsp;&nbsp;_TEXT_Callback
<LI><a href="#[215]">&gt;&gt;</a>&nbsp;&nbsp;&nbsp;SCROLLBAR_CreateEx
<LI><a href="#[213]">&gt;&gt;</a>&nbsp;&nbsp;&nbsp;GUI_DRAW__GetYSize
<LI><a href="#[212]">&gt;&gt;</a>&nbsp;&nbsp;&nbsp;GUI_DRAW__GetXSize
<LI><a href="#[210]">&gt;&gt;</a>&nbsp;&nbsp;&nbsp;WM_ResizeWindow
<LI><a href="#[20c]">&gt;&gt;</a>&nbsp;&nbsp;&nbsp;GUI_MEMDEV_SetOrg
<LI><a href="#[20a]">&gt;&gt;</a>&nbsp;&nbsp;&nbsp;GUI_MEMDEV_Select
<LI><a href="#[20b]">&gt;&gt;</a>&nbsp;&nbsp;&nbsp;GUI_MEMDEV_ReduceYSize
<LI><a href="#[209]">&gt;&gt;</a>&nbsp;&nbsp;&nbsp;GUI_MEMDEV_GetYSize
<LI><a href="#[20f]">&gt;&gt;</a>&nbsp;&nbsp;&nbsp;GUI_MEMDEV_Delete
<LI><a href="#[208]">&gt;&gt;</a>&nbsp;&nbsp;&nbsp;GUI_MEMDEV_CreateEx
<LI><a href="#[20d]">&gt;&gt;</a>&nbsp;&nbsp;&nbsp;GUI_MEMDEV_Clear
<LI><a href="#[11d]">&gt;&gt;</a>&nbsp;&nbsp;&nbsp;WM_GetWindowRect
<LI><a href="#[274]">&gt;&gt;</a>&nbsp;&nbsp;&nbsp;WM__SendMessage
<LI><a href="#[273]">&gt;&gt;</a>&nbsp;&nbsp;&nbsp;WM__GetFirstSibling
<LI><a href="#[272]">&gt;&gt;</a>&nbsp;&nbsp;&nbsp;WM__IsChild
<LI><a href="#[270]">&gt;&gt;</a>&nbsp;&nbsp;&nbsp;SCROLLBAR_SetPageSize
<LI><a href="#[26f]">&gt;&gt;</a>&nbsp;&nbsp;&nbsp;SCROLLBAR_SetNumItems
<LI><a href="#[26a]">&gt;&gt;</a>&nbsp;&nbsp;&nbsp;SCROLLBAR_AddValue
<LI><a href="#[268]">&gt;&gt;</a>&nbsp;&nbsp;&nbsp;SCROLLBAR_SetValue
<LI><a href="#[55]">&gt;&gt;</a>&nbsp;&nbsp;&nbsp;_SCROLLBAR_Callback
<LI><a href="#[25d]">&gt;&gt;</a>&nbsp;&nbsp;&nbsp;_XY2PTR
<LI><a href="#[96]">&gt;&gt;</a>&nbsp;&nbsp;&nbsp;_XorPixel
<LI><a href="#[95]">&gt;&gt;</a>&nbsp;&nbsp;&nbsp;_SetPixelIndex
<LI><a href="#[91]">&gt;&gt;</a>&nbsp;&nbsp;&nbsp;_DrawVLine
<LI><a href="#[92]">&gt;&gt;</a>&nbsp;&nbsp;&nbsp;_FillRect
<LI><a href="#[8f]">&gt;&gt;</a>&nbsp;&nbsp;&nbsp;_DrawBitmap
<LI><a href="#[254]">&gt;&gt;</a>&nbsp;&nbsp;&nbsp;GUI_USAGE_DecUseCnt
<LI><a href="#[256]">&gt;&gt;</a>&nbsp;&nbsp;&nbsp;GUI_USAGE_BM_Create
<LI><a href="#[25a]">&gt;&gt;</a>&nbsp;&nbsp;&nbsp;GUI_MEMDEV_CopyToLCDAt
<LI><a href="#[259]">&gt;&gt;</a>&nbsp;&nbsp;&nbsp;GUI_MEMDEV__WriteToActiveAt
<LI><a href="#[255]">&gt;&gt;</a>&nbsp;&nbsp;&nbsp;GUI_MEMDEV__CreateFixed
<LI><a href="#[8e]">&gt;&gt;</a>&nbsp;&nbsp;&nbsp;GUI_MEMDEV__GetIndexMask
<LI><a href="#[8d]">&gt;&gt;</a>&nbsp;&nbsp;&nbsp;GUI_MEMDEV__Index2Color
<LI><a href="#[8c]">&gt;&gt;</a>&nbsp;&nbsp;&nbsp;GUI_MEMDEV__Color2Index
<LI><a href="#[94]">&gt;&gt;</a>&nbsp;&nbsp;&nbsp;GUI_MEMDEV__GetRect
<LI><a href="#[250]">&gt;&gt;</a>&nbsp;&nbsp;&nbsp;_Draw
<LI><a href="#[24f]">&gt;&gt;</a>&nbsp;&nbsp;&nbsp;_Undraw
<LI><a href="#[22d]">&gt;&gt;</a>&nbsp;&nbsp;&nbsp;GUI_CURSOR_SetPosition
<LI><a href="#[52]">&gt;&gt;</a>&nbsp;&nbsp;&nbsp;WM_HandlePID
<LI><a href="#[22b]">&gt;&gt;</a>&nbsp;&nbsp;&nbsp;WM__SendTouchMessage
<LI><a href="#[227]">&gt;&gt;</a>&nbsp;&nbsp;&nbsp;WM_EnableMemdev
<LI><a href="#[226]">&gt;&gt;</a>&nbsp;&nbsp;&nbsp;WM_GetFirstChild
<LI><a href="#[225]">&gt;&gt;</a>&nbsp;&nbsp;&nbsp;WM_InvalidateWindowDescs
<LI><a href="#[223]">&gt;&gt;</a>&nbsp;&nbsp;&nbsp;_GetNextChild
<LI><a href="#[21f]">&gt;&gt;</a>&nbsp;&nbsp;&nbsp;WM__SendMessageNoPara
<LI><a href="#[21e]">&gt;&gt;</a>&nbsp;&nbsp;&nbsp;WM__MoveWindow
<LI><a href="#[21b]">&gt;&gt;</a>&nbsp;&nbsp;&nbsp;WM__GetPrevSibling
<LI><a href="#[281]">&gt;&gt;</a>&nbsp;&nbsp;&nbsp;GUI_USAGE_Select
<LI><a href="#[27e]">&gt;&gt;</a>&nbsp;&nbsp;&nbsp;WM_ClrHasTrans
<LI><a href="#[27d]">&gt;&gt;</a>&nbsp;&nbsp;&nbsp;WM_SetHasTrans
<LI><a href="#[279]">&gt;&gt;</a>&nbsp;&nbsp;&nbsp;_Screen2hWin
<LI><a href="#[277]">&gt;&gt;</a>&nbsp;&nbsp;&nbsp;WM__MoveTo
<LI><a href="#[276]">&gt;&gt;</a>&nbsp;&nbsp;&nbsp;_MoveDescendents
<LI><a href="#[275]">&gt;&gt;</a>&nbsp;&nbsp;&nbsp;WM__ForEachDesc
</UL>

<P><STRONG><a name="[f6]"></a>GUI_ALLOC_GetNumFreeBytes</STRONG> (Thumb, 14 bytes, Stack size 8 bytes, guialloc.o(.text), UNUSED)
<BR><BR>[Calls]<UL><LI><a href="#[f4]">&gt;&gt;</a>&nbsp;&nbsp;&nbsp;_CheckInit
</UL>

<P><STRONG><a name="[f7]"></a>GUI_ALLOC_GetMaxSize</STRONG> (Thumb, 98 bytes, Stack size 16 bytes, guialloc.o(.text))
<BR><BR>[Stack]<UL><LI>Max Depth = 88 + Unknown Stack Size
<LI>Call Chain = GUI_ALLOC_GetMaxSize &rArr; GUI_Lock &rArr; GUI_X_Lock &rArr; OSSemPend &rArr; OS_Sched
</UL>
<BR>[Calls]<UL><LI><a href="#[ba]">&gt;&gt;</a>&nbsp;&nbsp;&nbsp;GUI_Unlock
<LI><a href="#[b7]">&gt;&gt;</a>&nbsp;&nbsp;&nbsp;GUI_Lock
<LI><a href="#[f4]">&gt;&gt;</a>&nbsp;&nbsp;&nbsp;_CheckInit
</UL>
<BR>[Called By]<UL><LI><a href="#[255]">&gt;&gt;</a>&nbsp;&nbsp;&nbsp;GUI_MEMDEV__CreateFixed
</UL>

<P><STRONG><a name="[171]"></a>GUI_ALLOC_GetSize</STRONG> (Thumb, 20 bytes, Stack size 0 bytes, guialloc.o(.text))
<BR><BR>[Called By]<UL><LI><a href="#[16d]">&gt;&gt;</a>&nbsp;&nbsp;&nbsp;GUI_ALLOC_Realloc
<LI><a href="#[170]">&gt;&gt;</a>&nbsp;&nbsp;&nbsp;GUI_ARRAY_SetItem
</UL>

<P><STRONG><a name="[f8]"></a>GUI_ALLOC_Free</STRONG> (Thumb, 26 bytes, Stack size 8 bytes, guialloc.o(.text))
<BR><BR>[Stack]<UL><LI>Max Depth = 80 + Unknown Stack Size
<LI>Call Chain = GUI_ALLOC_Free &rArr; GUI_Lock &rArr; GUI_X_Lock &rArr; OSSemPend &rArr; OS_Sched
</UL>
<BR>[Calls]<UL><LI><a href="#[ba]">&gt;&gt;</a>&nbsp;&nbsp;&nbsp;GUI_Unlock
<LI><a href="#[b7]">&gt;&gt;</a>&nbsp;&nbsp;&nbsp;GUI_Lock
<LI><a href="#[f9]">&gt;&gt;</a>&nbsp;&nbsp;&nbsp;_Free
</UL>
<BR>[Called By]<UL><LI><a href="#[61]">&gt;&gt;</a>&nbsp;&nbsp;&nbsp;_OnDelete
<LI><a href="#[16b]">&gt;&gt;</a>&nbsp;&nbsp;&nbsp;GUI_ARRAY_AddItem
<LI><a href="#[30b]">&gt;&gt;</a>&nbsp;&nbsp;&nbsp;_OnDelete
<LI><a href="#[16d]">&gt;&gt;</a>&nbsp;&nbsp;&nbsp;GUI_ALLOC_Realloc
<LI><a href="#[147]">&gt;&gt;</a>&nbsp;&nbsp;&nbsp;WM_DeleteWindow
<LI><a href="#[20f]">&gt;&gt;</a>&nbsp;&nbsp;&nbsp;GUI_MEMDEV_Delete
<LI><a href="#[fa]">&gt;&gt;</a>&nbsp;&nbsp;&nbsp;GUI_ALLOC_FreePtr
<LI><a href="#[254]">&gt;&gt;</a>&nbsp;&nbsp;&nbsp;GUI_USAGE_DecUseCnt
<LI><a href="#[255]">&gt;&gt;</a>&nbsp;&nbsp;&nbsp;GUI_MEMDEV__CreateFixed
<LI><a href="#[248]">&gt;&gt;</a>&nbsp;&nbsp;&nbsp;GUI_CURSOR_Select
<LI><a href="#[9a]">&gt;&gt;</a>&nbsp;&nbsp;&nbsp;_GUI_USAGE_BM_Delete
</UL>

<P><STRONG><a name="[fa]"></a>GUI_ALLOC_FreePtr</STRONG> (Thumb, 28 bytes, Stack size 8 bytes, guialloc.o(.text))
<BR><BR>[Stack]<UL><LI>Max Depth = 88 + Unknown Stack Size
<LI>Call Chain = GUI_ALLOC_FreePtr &rArr; GUI_ALLOC_Free &rArr; GUI_Lock &rArr; GUI_X_Lock &rArr; OSSemPend &rArr; OS_Sched
</UL>
<BR>[Calls]<UL><LI><a href="#[ba]">&gt;&gt;</a>&nbsp;&nbsp;&nbsp;GUI_Unlock
<LI><a href="#[b7]">&gt;&gt;</a>&nbsp;&nbsp;&nbsp;GUI_Lock
<LI><a href="#[f8]">&gt;&gt;</a>&nbsp;&nbsp;&nbsp;GUI_ALLOC_Free
</UL>
<BR>[Called By]<UL><LI><a href="#[16e]">&gt;&gt;</a>&nbsp;&nbsp;&nbsp;GUI_ARRAY_Delete
<LI><a href="#[170]">&gt;&gt;</a>&nbsp;&nbsp;&nbsp;GUI_ARRAY_SetItem
<LI><a href="#[16f]">&gt;&gt;</a>&nbsp;&nbsp;&nbsp;GUI_ARRAY_SethItem
<LI><a href="#[4c]">&gt;&gt;</a>&nbsp;&nbsp;&nbsp;_FRAMEWIN_Callback
<LI><a href="#[133]">&gt;&gt;</a>&nbsp;&nbsp;&nbsp;GUI__SetText
<LI><a href="#[129]">&gt;&gt;</a>&nbsp;&nbsp;&nbsp;BUTTON_Callback
<LI><a href="#[50]">&gt;&gt;</a>&nbsp;&nbsp;&nbsp;_TEXT_Callback
</UL>

<P><STRONG><a name="[fc]"></a>GUI_ClearRect</STRONG> (Thumb, 96 bytes, Stack size 32 bytes, guicore.o(.text))
<BR><BR>[Stack]<UL><LI>Max Depth = 176 + Unknown Stack Size
<LI>Call Chain = GUI_ClearRect &rArr; WM__InitIVRSearch &rArr; WM__GetNextIVR &rArr; _FindNext_IVR &rArr; _Findx0 &rArr;  _Findx0 (Cycle)
</UL>
<BR>[Calls]<UL><LI><a href="#[b8]">&gt;&gt;</a>&nbsp;&nbsp;&nbsp;WM__InitIVRSearch
<LI><a href="#[b9]">&gt;&gt;</a>&nbsp;&nbsp;&nbsp;WM__GetNextIVR
<LI><a href="#[ba]">&gt;&gt;</a>&nbsp;&nbsp;&nbsp;GUI_Unlock
<LI><a href="#[b7]">&gt;&gt;</a>&nbsp;&nbsp;&nbsp;GUI_Lock
<LI><a href="#[fd]">&gt;&gt;</a>&nbsp;&nbsp;&nbsp;LCD_SetDrawMode
<LI><a href="#[fe]">&gt;&gt;</a>&nbsp;&nbsp;&nbsp;LCD_FillRect
</UL>
<BR>[Called By]<UL><LI><a href="#[ff]">&gt;&gt;</a>&nbsp;&nbsp;&nbsp;GUI_Clear
<LI><a href="#[3a4]">&gt;&gt;</a>&nbsp;&nbsp;&nbsp;_DrawBorder
<LI><a href="#[157]">&gt;&gt;</a>&nbsp;&nbsp;&nbsp;WIDGET__FillStringInRect
<LI><a href="#[21a]">&gt;&gt;</a>&nbsp;&nbsp;&nbsp;GUI_ClearRectEx
</UL>

<P><STRONG><a name="[ff]"></a>GUI_Clear</STRONG> (Thumb, 26 bytes, Stack size 8 bytes, guicore.o(.text))
<BR><BR>[Stack]<UL><LI>Max Depth = 184 + Unknown Stack Size
<LI>Call Chain = GUI_Clear &rArr; GUI_ClearRect &rArr; WM__InitIVRSearch &rArr; WM__GetNextIVR &rArr; _FindNext_IVR &rArr; _Findx0 &rArr;  _Findx0 (Cycle)
</UL>
<BR>[Calls]<UL><LI><a href="#[da]">&gt;&gt;</a>&nbsp;&nbsp;&nbsp;GUI_GotoXY
<LI><a href="#[fc]">&gt;&gt;</a>&nbsp;&nbsp;&nbsp;GUI_ClearRect
</UL>
<BR>[Called By]<UL><LI><a href="#[30a]">&gt;&gt;</a>&nbsp;&nbsp;&nbsp;_OnPaint
<LI><a href="#[4d]">&gt;&gt;</a>&nbsp;&nbsp;&nbsp;FRAMEWIN__cbClient
<LI><a href="#[121]">&gt;&gt;</a>&nbsp;&nbsp;&nbsp;_Paint
<LI><a href="#[4e]">&gt;&gt;</a>&nbsp;&nbsp;&nbsp;cbBackWin
<LI><a href="#[50]">&gt;&gt;</a>&nbsp;&nbsp;&nbsp;_TEXT_Callback
</UL>

<P><STRONG><a name="[100]"></a>GUI_Init</STRONG> (Thumb, 104 bytes, Stack size 16 bytes, guicore.o(.text))
<BR><BR>[Stack]<UL><LI>Max Depth = 248 + Unknown Stack Size
[...]
<LI><a href="#[242]">&gt;&gt;</a>&nbsp;&nbsp;&nbsp;GUI_UC__GetCharCodeInc
</UL>
<BR>[Called By]<UL><LI><a href="#[1dc]">&gt;&gt;</a>&nbsp;&nbsp;&nbsp;GUI__DispLine
</UL>

<P><STRONG><a name="[24d]"></a>_SetPixelIndex</STRONG> (Thumb, 50 bytes, Stack size 8 bytes, guicurs.o(.text))
<BR><BR>[Stack]<UL><LI>Max Depth = 8<LI>Call Chain = _SetPixelIndex
</UL>
<BR>[Called By]<UL><LI><a href="#[250]">&gt;&gt;</a>&nbsp;&nbsp;&nbsp;_Draw
<LI><a href="#[24f]">&gt;&gt;</a>&nbsp;&nbsp;&nbsp;_Undraw
<LI><a href="#[22d]">&gt;&gt;</a>&nbsp;&nbsp;&nbsp;GUI_CURSOR_SetPosition
</UL>

<P><STRONG><a name="[243]"></a>_GetPixelIndex</STRONG> (Thumb, 42 bytes, Stack size 0 bytes, guicurs.o(.text))
<BR><BR>[Stack]<UL><LI>Max Depth = 4<LI>Call Chain = _GetPixelIndex &rArr; LCD_L0_GetPixelIndex &rArr; ili9320_GetPoint
</UL>
<BR>[Calls]<UL><LI><a href="#[82]">&gt;&gt;</a>&nbsp;&nbsp;&nbsp;LCD_L0_GetPixelIndex
</UL>
<BR>[Called By]<UL><LI><a href="#[250]">&gt;&gt;</a>&nbsp;&nbsp;&nbsp;_Draw
<LI><a href="#[22d]">&gt;&gt;</a>&nbsp;&nbsp;&nbsp;GUI_CURSOR_SetPosition
</UL>

<P><STRONG><a name="[249]"></a>_CalcRect</STRONG> (Thumb, 54 bytes, Stack size 8 bytes, guicurs.o(.text))
<BR><BR>[Stack]<UL><LI>Max Depth = 8<LI>Call Chain = _CalcRect
</UL>
<BR>[Called By]<UL><LI><a href="#[248]">&gt;&gt;</a>&nbsp;&nbsp;&nbsp;GUI_CURSOR_Select
<LI><a href="#[22d]">&gt;&gt;</a>&nbsp;&nbsp;&nbsp;GUI_CURSOR_SetPosition
</UL>

<P><STRONG><a name="[53]"></a>_TempHide</STRONG> (Thumb, 34 bytes, Stack size 8 bytes, guicurs.o(.text))
<BR><BR>[Stack]<UL><LI>Max Depth = 120 + Unknown Stack Size
<LI>Call Chain = _TempHide &rArr; _Hide &rArr; _Undraw &rArr; GUI_Lock &rArr; GUI_X_Lock &rArr; OSSemPend &rArr; OS_Sched
</UL>
<BR>[Calls]<UL><LI><a href="#[1a3]">&gt;&gt;</a>&nbsp;&nbsp;&nbsp;GUI_RectsIntersect
<LI><a href="#[244]">&gt;&gt;</a>&nbsp;&nbsp;&nbsp;_Hide
</UL>
<BR>[Address Reference Count : 1]<UL><LI> guicurs.o(.text)
</UL>
<P><STRONG><a name="[54]"></a>_TempUnhide</STRONG> (Thumb, 4 bytes, Stack size 0 bytes, guicurs.o(.text))
<BR><BR>[Stack]<UL><LI>Max Depth = 104 + Unknown Stack Size
<LI>Call Chain = _TempUnhide &rArr; _Show &rArr; _Draw &rArr; GUI_Lock &rArr; GUI_X_Lock &rArr; OSSemPend &rArr; OS_Sched
</UL>
<BR>[Calls]<UL><LI><a href="#[245]">&gt;&gt;</a>&nbsp;&nbsp;&nbsp;_Show
</UL>
<BR>[Address Reference Count : 1]<UL><LI> guicurs.o(.text)
</UL>
<P><STRONG><a name="[24e]"></a>_Log2Phys</STRONG> (Thumb, 66 bytes, Stack size 0 bytes, guicurs.o(.text))
<BR><BR>[Calls]<UL><LI><a href="#[203]">&gt;&gt;</a>&nbsp;&nbsp;&nbsp;LCD_Color2Index
</UL>
<BR>[Called By]<UL><LI><a href="#[250]">&gt;&gt;</a>&nbsp;&nbsp;&nbsp;_Draw
<LI><a href="#[22d]">&gt;&gt;</a>&nbsp;&nbsp;&nbsp;GUI_CURSOR_SetPosition
</UL>

<P><STRONG><a name="[244]"></a>_Hide</STRONG> (Thumb, 20 bytes, Stack size 8 bytes, guicurs.o(.text))
<BR><BR>[Stack]<UL><LI>Max Depth = 112 + Unknown Stack Size
<LI>Call Chain = _Hide &rArr; _Undraw &rArr; GUI_Lock &rArr; GUI_X_Lock &rArr; OSSemPend &rArr; OS_Sched
</UL>
<BR>[Calls]<UL><LI><a href="#[24f]">&gt;&gt;</a>&nbsp;&nbsp;&nbsp;_Undraw
</UL>
<BR>[Called By]<UL><LI><a href="#[24b]">&gt;&gt;</a>&nbsp;&nbsp;&nbsp;GUI_CURSOR_Show
<LI><a href="#[24a]">&gt;&gt;</a>&nbsp;&nbsp;&nbsp;GUI_CURSOR_Hide
<LI><a href="#[248]">&gt;&gt;</a>&nbsp;&nbsp;&nbsp;GUI_CURSOR_Select
<LI><a href="#[247]">&gt;&gt;</a>&nbsp;&nbsp;&nbsp;GUI_CURSOR_Deactivate
<LI><a href="#[53]">&gt;&gt;</a>&nbsp;&nbsp;&nbsp;_TempHide
</UL>

<P><STRONG><a name="[245]"></a>_Show</STRONG> (Thumb, 24 bytes, Stack size 0 bytes, guicurs.o(.text))
<BR><BR>[Stack]<UL><LI>Max Depth = 104 + Unknown Stack Size
<LI>Call Chain = _Show &rArr; _Draw &rArr; GUI_Lock &rArr; GUI_X_Lock &rArr; OSSemPend &rArr; OS_Sched
</UL>
<BR>[Calls]<UL><LI><a href="#[250]">&gt;&gt;</a>&nbsp;&nbsp;&nbsp;_Draw
</UL>
<BR>[Called By]<UL><LI><a href="#[24b]">&gt;&gt;</a>&nbsp;&nbsp;&nbsp;GUI_CURSOR_Show
<LI><a href="#[248]">&gt;&gt;</a>&nbsp;&nbsp;&nbsp;GUI_CURSOR_Select
<LI><a href="#[246]">&gt;&gt;</a>&nbsp;&nbsp;&nbsp;GUI_CURSOR_Activate
<LI><a href="#[54]">&gt;&gt;</a>&nbsp;&nbsp;&nbsp;_TempUnhide
</UL>

<P><STRONG><a name="[24f]"></a>_Undraw</STRONG> (Thumb, 116 bytes, Stack size 32 bytes, guicurs.o(.text))
<BR><BR>[Stack]<UL><LI>Max Depth = 104 + Unknown Stack Size
<LI>Call Chain = _Undraw &rArr; GUI_Lock &rArr; GUI_X_Lock &rArr; OSSemPend &rArr; OS_Sched
</UL>
<BR>[Calls]<UL><LI><a href="#[ba]">&gt;&gt;</a>&nbsp;&nbsp;&nbsp;GUI_Unlock
<LI><a href="#[b7]">&gt;&gt;</a>&nbsp;&nbsp;&nbsp;GUI_Lock
<LI><a href="#[c8]">&gt;&gt;</a>&nbsp;&nbsp;&nbsp;GUI_ALLOC_h2p
<LI><a href="#[24d]">&gt;&gt;</a>&nbsp;&nbsp;&nbsp;_SetPixelIndex
</UL>
<BR>[Called By]<UL><LI><a href="#[244]">&gt;&gt;</a>&nbsp;&nbsp;&nbsp;_Hide
</UL>

<P><STRONG><a name="[250]"></a>_Draw</STRONG> (Thumb, 154 bytes, Stack size 32 bytes, guicurs.o(.text))
<BR><BR>[Stack]<UL><LI>Max Depth = 104 + Unknown Stack Size
<LI>Call Chain = _Draw &rArr; GUI_Lock &rArr; GUI_X_Lock &rArr; OSSemPend &rArr; OS_Sched
</UL>
<BR>[Calls]<UL><LI><a href="#[ba]">&gt;&gt;</a>&nbsp;&nbsp;&nbsp;GUI_Unlock
<LI><a href="#[b7]">&gt;&gt;</a>&nbsp;&nbsp;&nbsp;GUI_Lock
<LI><a href="#[c8]">&gt;&gt;</a>&nbsp;&nbsp;&nbsp;GUI_ALLOC_h2p
<LI><a href="#[24c]">&gt;&gt;</a>&nbsp;&nbsp;&nbsp;GUI_GetBitmapPixelIndex
<LI><a href="#[24e]">&gt;&gt;</a>&nbsp;&nbsp;&nbsp;_Log2Phys
<LI><a href="#[243]">&gt;&gt;</a>&nbsp;&nbsp;&nbsp;_GetPixelIndex
<LI><a href="#[24d]">&gt;&gt;</a>&nbsp;&nbsp;&nbsp;_SetPixelIndex
</UL>
<BR>[Called By]<UL><LI><a href="#[245]">&gt;&gt;</a>&nbsp;&nbsp;&nbsp;_Show
</UL>

<P><STRONG><a name="[25f]"></a>_DrawBitLine1BPP</STRONG> (Thumb, 262 bytes, Stack size 56 bytes, guidev_16.o(.text))
<BR><BR>[Stack]<UL><LI>Max Depth = 56<LI>Call Chain = _DrawBitLine1BPP
</UL>
<BR>[Called By]<UL><LI><a href="#[8f]">&gt;&gt;</a>&nbsp;&nbsp;&nbsp;_DrawBitmap
</UL>

<P><STRONG><a name="[25e]"></a>_DrawBitLine4BPP</STRONG> (Thumb, 338 bytes, Stack size 40 bytes, guidev_16.o(.text))
<BR><BR>[Stack]<UL><LI>Max Depth = 40<LI>Call Chain = _DrawBitLine4BPP
</UL>
<BR>[Called By]<UL><LI><a href="#[8f]">&gt;&gt;</a>&nbsp;&nbsp;&nbsp;_DrawBitmap
</UL>

<P><STRONG><a name="[8f]"></a>_DrawBitmap</STRONG> (Thumb, 550 bytes, Stack size 80 bytes, guidev_16.o(.text))
<BR><BR>[Stack]<UL><LI>Max Depth = 136<LI>Call Chain = _DrawBitmap &rArr; _DrawBitLine2BPP
</UL>
<BR>[Calls]<UL><LI><a href="#[c8]">&gt;&gt;</a>&nbsp;&nbsp;&nbsp;GUI_ALLOC_h2p
<LI><a href="#[25c]">&gt;&gt;</a>&nbsp;&nbsp;&nbsp;GUI_USAGE_AddRect
<LI><a href="#[260]">&gt;&gt;</a>&nbsp;&nbsp;&nbsp;_DrawBitLine2BPP
<LI><a href="#[25d]">&gt;&gt;</a>&nbsp;&nbsp;&nbsp;_XY2PTR
<LI><a href="#[25e]">&gt;&gt;</a>&nbsp;&nbsp;&nbsp;_DrawBitLine4BPP
<LI><a href="#[25f]">&gt;&gt;</a>&nbsp;&nbsp;&nbsp;_DrawBitLine1BPP
<LI><a href="#[cd]">&gt;&gt;</a>&nbsp;&nbsp;&nbsp;__aeabi_memcpy
</UL>
<BR>[Address Reference Count : 1]<UL><LI> guidev_16.o(.constdata)
</UL>
<P><STRONG><a name="[92]"></a>_FillRect</STRONG> (Thumb, 130 bytes, Stack size 40 bytes, guidev_16.o(.text))
<BR><BR>[Stack]<UL><LI>Max Depth = 72<LI>Call Chain = _FillRect &rArr; GUI_USAGE_AddRect
</UL>
<BR>[Calls]<UL><LI><a href="#[c8]">&gt;&gt;</a>&nbsp;&nbsp;&nbsp;GUI_ALLOC_h2p
<LI><a href="#[261]">&gt;&gt;</a>&nbsp;&nbsp;&nbsp;GUI__memset16
<LI><a href="#[25c]">&gt;&gt;</a>&nbsp;&nbsp;&nbsp;GUI_USAGE_AddRect
<LI><a href="#[25d]">&gt;&gt;</a>&nbsp;&nbsp;&nbsp;_XY2PTR
</UL>
<BR>[Called By]<UL><LI><a href="#[90]">&gt;&gt;</a>&nbsp;&nbsp;&nbsp;_DrawHLine
</UL>
<BR>[Address Reference Count : 1]<UL><LI> guidev_16.o(.constdata)
</UL>
<P><STRONG><a name="[90]"></a>_DrawHLine</STRONG> (Thumb, 4 bytes, Stack size 0 bytes, guidev_16.o(.text))
<BR><BR>[Stack]<UL><LI>Max Depth = 72<LI>Call Chain = _DrawHLine &rArr; _FillRect &rArr; GUI_USAGE_AddRect
</UL>
<BR>[Calls]<UL><LI><a href="#[92]">&gt;&gt;</a>&nbsp;&nbsp;&nbsp;_FillRect
</UL>
<BR>[Address Reference Count : 1]<UL><LI> guidev_16.o(.constdata)
</UL>
<P><STRONG><a name="[91]"></a>_DrawVLine</STRONG> (Thumb, 160 bytes, Stack size 48 bytes, guidev_16.o(.text))
<BR><BR>[Stack]<UL><LI>Max Depth = 64<LI>Call Chain = _DrawVLine &rArr; _XY2PTR
</UL>
<BR>[Calls]<UL><LI><a href="#[c8]">&gt;&gt;</a>&nbsp;&nbsp;&nbsp;GUI_ALLOC_h2p
<LI><a href="#[25d]">&gt;&gt;</a>&nbsp;&nbsp;&nbsp;_XY2PTR
</UL>
<BR>[Address Reference Count : 1]<UL><LI> guidev_16.o(.constdata)
</UL>
<P><STRONG><a name="[95]"></a>_SetPixelIndex</STRONG> (Thumb, 72 bytes, Stack size 24 bytes, guidev_16.o(.text))
<BR><BR>[Stack]<UL><LI>Max Depth = 40<LI>Call Chain = _SetPixelIndex &rArr; _XY2PTR
</UL>
<BR>[Calls]<UL><LI><a href="#[c8]">&gt;&gt;</a>&nbsp;&nbsp;&nbsp;GUI_ALLOC_h2p
<LI><a href="#[25d]">&gt;&gt;</a>&nbsp;&nbsp;&nbsp;_XY2PTR
</UL>
<BR>[Address Reference Count : 1]<UL><LI> guidev_16.o(.constdata)
</UL>
<P><STRONG><a name="[96]"></a>_XorPixel</STRONG> (Thumb, 80 bytes, Stack size 24 bytes, guidev_16.o(.text))
<BR><BR>[Stack]<UL><LI>Max Depth = 40<LI>Call Chain = _XorPixel &rArr; _XY2PTR
</UL>
<BR>[Calls]<UL><LI><a href="#[c8]">&gt;&gt;</a>&nbsp;&nbsp;&nbsp;GUI_ALLOC_h2p
<LI><a href="#[25d]">&gt;&gt;</a>&nbsp;&nbsp;&nbsp;_XY2PTR
</UL>
<BR>[Address Reference Count : 1]<UL><LI> guidev_16.o(.constdata)
</UL>
<P><STRONG><a name="[93]"></a>_GetPixelIndex</STRONG> (Thumb, 10 bytes, Stack size 8 bytes, guidev_16.o(.text))
<BR><BR>[Stack]<UL><LI>Max Depth = 24<LI>Call Chain = _GetPixelIndex &rArr; _XY2PTR
</UL>
<BR>[Calls]<UL><LI><a href="#[25d]">&gt;&gt;</a>&nbsp;&nbsp;&nbsp;_XY2PTR
</UL>
<BR>[Address Reference Count : 1]<UL><LI> guidev_16.o(.constdata)
</UL>
<P><STRONG><a name="[25d]"></a>_XY2PTR</STRONG> (Thumb, 48 bytes, Stack size 16 bytes, guidev_16.o(.text))
<BR><BR>[Stack]<UL><LI>Max Depth = 16<LI>Call Chain = _XY2PTR
</UL>
<BR>[Calls]<UL><LI><a href="#[c8]">&gt;&gt;</a>&nbsp;&nbsp;&nbsp;GUI_ALLOC_h2p
</UL>
<BR>[Called By]<UL><LI><a href="#[93]">&gt;&gt;</a>&nbsp;&nbsp;&nbsp;_GetPixelIndex
<LI><a href="#[96]">&gt;&gt;</a>&nbsp;&nbsp;&nbsp;_XorPixel
<LI><a href="#[95]">&gt;&gt;</a>&nbsp;&nbsp;&nbsp;_SetPixelIndex
<LI><a href="#[91]">&gt;&gt;</a>&nbsp;&nbsp;&nbsp;_DrawVLine
<LI><a href="#[92]">&gt;&gt;</a>&nbsp;&nbsp;&nbsp;_FillRect
<LI><a href="#[8f]">&gt;&gt;</a>&nbsp;&nbsp;&nbsp;_DrawBitmap
</UL>

<P><STRONG><a name="[260]"></a>_DrawBitLine2BPP</STRONG> (Thumb, 224 bytes, Stack size 56 bytes, guidev_16.o(.text))
<BR><BR>[Stack]<UL><LI>Max Depth = 56<LI>Call Chain = _DrawBitLine2BPP
</UL>
<BR>[Called By]<UL><LI><a href="#[8f]">&gt;&gt;</a>&nbsp;&nbsp;&nbsp;_DrawBitmap
</UL>

<P><STRONG><a name="[262]"></a>_CalcPositions</STRONG> (Thumb, 332 bytes, Stack size 48 bytes, scrollbar.o(.text))
<BR><BR>[Stack]<UL><LI>Max Depth = 184 + Unknown Stack Size
<LI>Call Chain = _CalcPositions &rArr; WM_GetScrollbarV &rArr; WM_GetDialogItem &rArr; _GetDialogItem &rArr;  _GetDialogItem (Cycle)
</UL>
<BR>[Calls]<UL><LI><a href="#[1cb]">&gt;&gt;</a>&nbsp;&nbsp;&nbsp;WM_GetScrollbarV
<LI><a href="#[1ca]">&gt;&gt;</a>&nbsp;&nbsp;&nbsp;WM_GetScrollbarH
<LI><a href="#[126]">&gt;&gt;</a>&nbsp;&nbsp;&nbsp;GUI_MoveRect
<LI><a href="#[1c3]">&gt;&gt;</a>&nbsp;&nbsp;&nbsp;WM_GetWindowRectEx
<LI><a href="#[264]">&gt;&gt;</a>&nbsp;&nbsp;&nbsp;WIDGET__GetYSize
<LI><a href="#[263]">&gt;&gt;</a>&nbsp;&nbsp;&nbsp;WIDGET__GetXSize
<LI><a href="#[265]">&gt;&gt;</a>&nbsp;&nbsp;&nbsp;GUI__DivideRound
</UL>
<BR>[Called By]<UL><LI><a href="#[269]">&gt;&gt;</a>&nbsp;&nbsp;&nbsp;_OnTouch
<LI><a href="#[267]">&gt;&gt;</a>&nbsp;&nbsp;&nbsp;_Paint
</UL>

<P><STRONG><a name="[266]"></a>_DrawTriangle</STRONG> (Thumb, 62 bytes, Stack size 24 bytes, scrollbar.o(.text))
<BR><BR>[Stack]<UL><LI>Max Depth = 200 + Unknown Stack Size
<LI>Call Chain = _DrawTriangle &rArr; GUI_DrawHLine &rArr; WM__InitIVRSearch &rArr; WM__GetNextIVR &rArr; _FindNext_IVR &rArr; _Findx0 &rArr;  _Findx0 (Cycle)
</UL>
<BR>[Calls]<UL><LI><a href="#[d2]">&gt;&gt;</a>&nbsp;&nbsp;&nbsp;GUI_DrawVLine
<LI><a href="#[d1]">&gt;&gt;</a>&nbsp;&nbsp;&nbsp;GUI_DrawHLine
</UL>
<BR>[Called By]<UL><LI><a href="#[267]">&gt;&gt;</a>&nbsp;&nbsp;&nbsp;_Paint
</UL>

<P><STRONG><a name="[267]"></a>_Paint</STRONG> (Thumb, 346 bytes, Stack size 72 bytes, scrollbar.o(.text))
<BR><BR>[Stack]<UL><LI>Max Depth = 272 + Unknown Stack Size
<LI>Call Chain = _Paint &rArr; _DrawTriangle &rArr; GUI_DrawHLine &rArr; WM__InitIVRSearch &rArr; WM__GetNextIVR &rArr; _FindNext_IVR &rArr; _Findx0 &rArr;  _Findx0 (Cycle)
</UL>
<BR>[Calls]<UL><LI><a href="#[18e]">&gt;&gt;</a>&nbsp;&nbsp;&nbsp;WIDGET__EFFECT_DrawUpRect
<LI><a href="#[18a]">&gt;&gt;</a>&nbsp;&nbsp;&nbsp;WIDGET__FillRectEx
<LI><a href="#[17a]">&gt;&gt;</a>&nbsp;&nbsp;&nbsp;WIDGET__GetClientRect
<LI><a href="#[e2]">&gt;&gt;</a>&nbsp;&nbsp;&nbsp;LCD_SetColor
<LI><a href="#[266]">&gt;&gt;</a>&nbsp;&nbsp;&nbsp;_DrawTriangle
<LI><a href="#[262]">&gt;&gt;</a>&nbsp;&nbsp;&nbsp;_CalcPositions
</UL>
<BR>[Called By]<UL><LI><a href="#[55]">&gt;&gt;</a>&nbsp;&nbsp;&nbsp;_SCROLLBAR_Callback
</UL>

<P><STRONG><a name="[269]"></a>_OnTouch</STRONG> (Thumb, 212 bytes, Stack size 64 bytes, scrollbar.o(.text))
<BR><BR>[Stack]<UL><LI>Max Depth = 248 + Unknown Stack Size
<LI>Call Chain = _OnTouch &rArr; _CalcPositions &rArr; WM_GetScrollbarV &rArr; WM_GetDialogItem &rArr; _GetDialogItem &rArr;  _GetDialogItem (Cycle)
</UL>
<BR>[Calls]<UL><LI><a href="#[12c]">&gt;&gt;</a>&nbsp;&nbsp;&nbsp;WM_NotifyParent
<LI><a href="#[12b]">&gt;&gt;</a>&nbsp;&nbsp;&nbsp;WIDGET_OrState
<LI><a href="#[13b]">&gt;&gt;</a>&nbsp;&nbsp;&nbsp;WIDGET_AndState
<LI><a href="#[265]">&gt;&gt;</a>&nbsp;&nbsp;&nbsp;GUI__DivideRound
<LI><a href="#[268]">&gt;&gt;</a>&nbsp;&nbsp;&nbsp;SCROLLBAR_SetValue
<LI><a href="#[262]">&gt;&gt;</a>&nbsp;&nbsp;&nbsp;_CalcPositions
<LI><a href="#[221]">&gt;&gt;</a>&nbsp;&nbsp;&nbsp;WM_SetCapture
</UL>
<BR>[Called By]<UL><LI><a href="#[55]">&gt;&gt;</a>&nbsp;&nbsp;&nbsp;_SCROLLBAR_Callback
</UL>

<P><STRONG><a name="[55]"></a>_SCROLLBAR_Callback</STRONG> (Thumb, 198 bytes, Stack size 16 bytes, scrollbar.o(.text))
<BR><BR>[Stack]<UL><LI>Max Depth = 288 + Unknown Stack Size
<LI>Call Chain = _SCROLLBAR_Callback &rArr; _Paint &rArr; _DrawTriangle &rArr; GUI_DrawHLine &rArr; WM__InitIVRSearch &rArr; WM__GetNextIVR &rArr; _FindNext_IVR &rArr; _Findx0 &rArr;  _Findx0 (Cycle)
</UL>
<BR>[Calls]<UL><LI><a href="#[12e]">&gt;&gt;</a>&nbsp;&nbsp;&nbsp;WM_DefaultProc
<LI><a href="#[134]">&gt;&gt;</a>&nbsp;&nbsp;&nbsp;WM_InvalidateWindow
<LI><a href="#[12a]">&gt;&gt;</a>&nbsp;&nbsp;&nbsp;WIDGET_HandleActive
<LI><a href="#[c8]">&gt;&gt;</a>&nbsp;&nbsp;&nbsp;GUI_ALLOC_h2p
<LI><a href="#[26d]">&gt;&gt;</a>&nbsp;&nbsp;&nbsp;SCROLLBAR__InvalidatePartner
<LI><a href="#[26a]">&gt;&gt;</a>&nbsp;&nbsp;&nbsp;SCROLLBAR_AddValue
<LI><a href="#[269]">&gt;&gt;</a>&nbsp;&nbsp;&nbsp;_OnTouch
<LI><a href="#[267]">&gt;&gt;</a>&nbsp;&nbsp;&nbsp;_Paint
</UL>
<BR>[Address Reference Count : 1]<UL><LI> scrollbar.o(.text)
</UL>
<P><STRONG><a name="[276]"></a>_MoveDescendents</STRONG> (Thumb, 72 bytes, Stack size 24 bytes, wm_move.o(.text))
<BR><BR>[Stack]<UL><LI>Max Depth = 128 + Unknown Stack Size
 + In Cycle
<LI>Call Chain = _MoveDescendents &rArr;  _MoveDescendents (Cycle)
</UL>
<BR>[Calls]<UL><LI><a href="#[c8]">&gt;&gt;</a>&nbsp;&nbsp;&nbsp;GUI_ALLOC_h2p
<LI><a href="#[126]">&gt;&gt;</a>&nbsp;&nbsp;&nbsp;GUI_MoveRect
<LI><a href="#[19e]">&gt;&gt;</a>&nbsp;&nbsp;&nbsp;WM__SendMsgNoData
<LI><a href="#[276]">&gt;&gt;</a>&nbsp;&nbsp;&nbsp;_MoveDescendents
</UL>
<BR>[Called By]<UL><LI><a href="#[21e]">&gt;&gt;</a>&nbsp;&nbsp;&nbsp;WM__MoveWindow
<LI><a href="#[276]">&gt;&gt;</a>&nbsp;&nbsp;&nbsp;_MoveDescendents
</UL>

<P><STRONG><a name="[279]"></a>_Screen2hWin</STRONG> (Thumb, 76 bytes, Stack size 32 bytes, wm_screen2win.o(.text))
<BR><BR>[Stack]<UL><LI>Max Depth = 32 + In Cycle
<LI>Call Chain = _Screen2hWin &rArr;  _Screen2hWin (Cycle)
</UL>
<BR>[Calls]<UL><LI><a href="#[c8]">&gt;&gt;</a>&nbsp;&nbsp;&nbsp;GUI_ALLOC_h2p
<LI><a href="#[27a]">&gt;&gt;</a>&nbsp;&nbsp;&nbsp;WM__IsInWindow
<LI><a href="#[279]">&gt;&gt;</a>&nbsp;&nbsp;&nbsp;_Screen2hWin
</UL>
<BR>[Called By]<UL><LI><a href="#[22e]">&gt;&gt;</a>&nbsp;&nbsp;&nbsp;WM_Screen2hWin
<LI><a href="#[27b]">&gt;&gt;</a>&nbsp;&nbsp;&nbsp;WM_Screen2hWinEx
<LI><a href="#[279]">&gt;&gt;</a>&nbsp;&nbsp;&nbsp;_Screen2hWin
</UL>

<P><STRONG><a name="[27c]"></a>WM__ReleaseCapture</STRONG> (Thumb, 28 bytes, Stack size 24 bytes, wm_setcapture.o(.text))
<BR><BR>[Stack]<UL><LI>Max Depth = 112 + Unknown Stack Size
<LI>Call Chain = WM__ReleaseCapture &rArr; WM_SendMessage &rArr; GUI_Lock &rArr; GUI_X_Lock &rArr; OSSemPend &rArr; OS_Sched
</UL>
<BR>[Calls]<UL><LI><a href="#[13f]">&gt;&gt;</a>&nbsp;&nbsp;&nbsp;WM_SendMessage
</UL>
<BR>[Called By]<UL><LI><a href="#[22f]">&gt;&gt;</a>&nbsp;&nbsp;&nbsp;WM_ReleaseCapture
<LI><a href="#[221]">&gt;&gt;</a>&nbsp;&nbsp;&nbsp;WM_SetCapture
</UL>

<P><STRONG><a name="[97]"></a>GUI_USAGE_BM_AddPixel</STRONG> (Thumb, 44 bytes, Stack size 8 bytes, guidev_usagebm.o(.text))
<BR><BR>[Stack]<UL><LI>Max Depth = 8<LI>Call Chain = GUI_USAGE_BM_AddPixel
</UL>
<BR>[Address Reference Count : 1]<UL><LI> guidev_usagebm.o(.constdata)
</UL>
<P><STRONG><a name="[98]"></a>GUI_USAGE_BM_AddHLine</STRONG> (Thumb, 106 bytes, Stack size 16 bytes, guidev_usagebm.o(.text))
<BR><BR>[Stack]<UL><LI>Max Depth = 16 + Unknown Stack Size
<LI>Call Chain = GUI_USAGE_BM_AddHLine
</UL>
<BR>[Calls]<UL><LI><a href="#[282]">&gt;&gt;</a>&nbsp;&nbsp;&nbsp;__aeabi_memset
</UL>
<BR>[Address Reference Count : 1]<UL><LI> guidev_usagebm.o(.constdata)
</UL>
<P><STRONG><a name="[99]"></a>GUI_USAGE_BM_Clear</STRONG> (Thumb, 14 bytes, Stack size 0 bytes, guidev_usagebm.o(.text))
<BR><BR>[Stack]<UL><LI>Max Depth = 4<LI>Call Chain = GUI_USAGE_BM_Clear &rArr; __aeabi_memclr4
</UL>
<BR>[Calls]<UL><LI><a href="#[283]">&gt;&gt;</a>&nbsp;&nbsp;&nbsp;__aeabi_memclr4
</UL>
<BR>[Address Reference Count : 1]<UL><LI> guidev_usagebm.o(.constdata)
</UL>
<P><STRONG><a name="[9b]"></a>GUI_USAGE_BM_GetNextDirty</STRONG> (Thumb, 170 bytes, Stack size 16 bytes, guidev_usagebm.o(.text))
<BR><BR>[Stack]<UL><LI>Max Depth = 16<LI>Call Chain = GUI_USAGE_BM_GetNextDirty
</UL>
<BR>[Address Reference Count : 1]<UL><LI> guidev_usagebm.o(.constdata)
</UL>
<P><STRONG><a name="[9a]"></a>_GUI_USAGE_BM_Delete</STRONG> (Thumb, 4 bytes, Stack size 0 bytes, guidev_usagebm.o(.text))
<BR><BR>[Stack]<UL><LI>Max Depth = 80 + Unknown Stack Size
<LI>Call Chain = _GUI_USAGE_BM_Delete &rArr; GUI_ALLOC_Free &rArr; GUI_Lock &rArr; GUI_X_Lock &rArr; OSSemPend &rArr; OS_Sched
</UL>
<BR>[Calls]<UL><LI><a href="#[f8]">&gt;&gt;</a>&nbsp;&nbsp;&nbsp;GUI_ALLOC_Free
</UL>
<BR>[Address Reference Count : 1]<UL><LI> guidev_usagebm.o(.constdata)
</UL>
<P><STRONG><a name="[3c1]"></a>_dadd1</STRONG> (Thumb, 0 bytes, Stack size unknown bytes, daddsub_clz.o(x$fpl$dadd), UNUSED)
<BR><BR>[Called By]<UL><LI><a href="#[3c2]">&gt;&gt;</a>&nbsp;&nbsp;&nbsp;_dsub
<LI><a href="#[3c0]">&gt;&gt;</a>&nbsp;&nbsp;&nbsp;_drsb
</UL>

<P><STRONG><a name="[3b3]"></a>_dsub1</STRONG> (Thumb, 0 bytes, Stack size unknown bytes, daddsub_clz.o(x$fpl$dsub), UNUSED)
<BR><BR>[Called By]<UL><LI><a href="#[3c0]">&gt;&gt;</a>&nbsp;&nbsp;&nbsp;_drsb
<LI><a href="#[3b2]">&gt;&gt;</a>&nbsp;&nbsp;&nbsp;_dadd
</UL>

<P><STRONG><a name="[3cd]"></a>_fadd1</STRONG> (Thumb, 0 bytes, Stack size unknown bytes, faddsub_clz.o(x$fpl$fadd), UNUSED)
<BR><BR>[Called By]<UL><LI><a href="#[3ce]">&gt;&gt;</a>&nbsp;&nbsp;&nbsp;_fsub
<LI><a href="#[3cc]">&gt;&gt;</a>&nbsp;&nbsp;&nbsp;_frsb
</UL>

<P><STRONG><a name="[3c6]"></a>_fsub1</STRONG> (Thumb, 0 bytes, Stack size unknown bytes, faddsub_clz.o(x$fpl$fsub), UNUSED)
<BR><BR>[Called By]<UL><LI><a href="#[3cc]">&gt;&gt;</a>&nbsp;&nbsp;&nbsp;_frsb
<LI><a href="#[3c5]">&gt;&gt;</a>&nbsp;&nbsp;&nbsp;_fadd
</UL>
<P>
<H3>
Undefined Global Symbols
</H3><HR></body></html>
