<html>
<body>
<pre>
<h1>礦ision Build Log</h1>
<h2>Tool Versions:</h2>
IDE-Version: 礦ision V5.12.0.0
Copyright (C) 2014 ARM Ltd and ARM Germany GmbH. All rights reserved.
License Information: Xiangyi Xu, WUSTL, LIC=32BVE-5CHGL-739M8-3M9BL-MP317-P0ZRQ
 
Tool Versions:
Toolchain:       MDK-ARM Standard  Version: 5.12.0.0
Toolchain Path:  C:\Keil_v5\ARM\ARMCC\Bin
C Compiler:      Armcc.exe V5.05 (build 41)
Assembler:       Armasm.exe V5.05 (build 41)
Linker/Locator:  ArmLink.exe V5.05 (build 41)
Library Manager: ArmAr.exe V5.05 (build 41)
Hex Converter:   FromElf.exe V5.05 (build 41)
CPU DLL:         SARMCM3.DLL V5.12.0.0
Dialog DLL:      DARMSTM.DLL V1.65.0.0
Target DLL:      UL2CM3.DLL V1.153.0.0
Dialog DLL:      TARMSTM.DLL V1.64.0.0
 
<h2>Project:</h2>
D:\工程项目\STM32\STM32 Fengdou\奋斗STM32开发板例程\奋斗STM32开发板MINI+2.4寸(ILI9325-NEW)屏例程\奋斗STM32开发板MINI+2.4寸(ILI9325-NEW)屏例程-old2\适用于MINI板的 ucgui ucos 应用例程\STM32奋斗板-ADC-ucgui ucos\APP\STM32-FD-ucgui.uvproj
Project File Date:  12/25/2014

<h2>Output:</h2>
Rebuild target 'Flash'
assembling stm32f10x_startup.s...
compiling app.c...
app.c(74): warning:  #550-D: variable "os_err" was set but never used
     CPU_INT08U os_err; 
app.c(273): warning:  #167-D: argument of type "unsigned char *" is incompatible with parameter of type "char *"
        itoa(ADC_ConvertedValue1[0], ADC_STR1,10);                //ADC1通道10的数值转为字符串 
app.c(274): warning:  #167-D: argument of type "unsigned char *" is incompatible with parameter of type "char *"
        itoa(ADC_ConvertedValue1[1], ADC_STR2,10);                //ADC1通道11的数值转为字符串 
app.c: 3 warnings, 0 errors
compiling stm32f10x_it.c...
compiling Fun.c...
Fun.c(113): warning:  #167-D: argument of type "unsigned char *" is incompatible with parameter of type "const char *"
                TEXT_SetText(text2,ADC_STR1);     
Fun.c(114): warning:  #167-D: argument of type "unsigned char *" is incompatible with parameter of type "const char *"
                TEXT_SetText(text3,ADC_STR2);   
Fun.c: 2 warnings, 0 errors
compiling bsp.c...
compiling misc.c...
compiling stm32f10x_fsmc.c...
compiling stm32f10x_gpio.c...
compiling stm32f10x_spi.c...
compiling stm32f10x_rcc.c...
compiling stm32f10x_exti.c...
compiling stm32f10x_dma.c...
compiling stm32f10x_usart.c...
compiling stm32f10x_adc.c...
compiling os_cpu_c.c...
compiling os_dbg.c...
assembling os_cpu_a.asm...
assembling cpu_a.asm...
compiling os_core.c...
compiling os_flag.c...
compiling os_mbox.c...
compiling os_mem.c...
compiling os_mutex.c...
compiling os_q.c...
compiling os_sem.c...
compiling os_task.c...
compiling os_time.c...
compiling os_tmr.c...
compiling GUI_X_Touch.c...
compiling GUI_X_uCOS.c...
compiling fsmc_sram.c...
compiling lcd.c...
compiling lcd_api.c...
..\TFT\lcd_api.c(71): warning:  #177-D: variable "length" was declared but never referenced
  {   unsigned int length,i;
..\TFT\lcd_api.c(71): warning:  #177-D: variable "i" was declared but never referenced
  {   unsigned int length,i;
..\TFT\lcd_api.c: 2 warnings, 0 errors
compiling lcd_ucgui.c...
compiling lcddrv.c...
compiling core_cm3.c...
compiling system_stm32f10x.c...
linking...
Program Size: Code=40032 RO-data=30720 RW-data=432 ZI-data=18232  
FromELF: creating hex file...
"..\ObjFlash\STM32-FD-ucgui.axf" - 0 Error(s), 7 Warning(s).
